2026-07-22 11:08:56,043 INFO: Resolved 52/54 candidate terminals (screen=breadth_only)
2026-07-22 11:09:58,722 WARNING: Failed to parse expression: 'add(add(cs_rank(bm), cs_rank(capei)), neg(add(cs_rank(dollar_volume), cs_rank(abs_val(spread_proxy)))))' -> Unable to evaluate terminal: spread_proxy.
2026-07-22 11:10:00,803 WARNING: Failed to parse expression: 'add(add(cs_rank(cs_ep), cs_rank(cs_roce)), add(cs_rank(cs_cash_at), neg(cs_rank(cs_leverage))))' -> Unable to evaluate terminal: cs_roce.
2026-07-22 11:10:02,801 WARNING: Failed to parse expression: 'sub(sub(mul(-1, cs_rank(cs_asset_growth)), mul(0.3, cs_rank(cs_leverage))), add(mul(0.35, cs_rank(cs_roce)), mul(0.35, cs_rank(cs_gp_at))))' -> Unable to evaluate terminal: cs_roce.
2026-07-22 11:10:11,223 WARNING: Failed to parse expression: 'add(add(cs_rank(neg(cs_debt_at)), cs_rank(cs_quick_ratio)), add(cs_rank(cs_roa), cs_rank(cs_opmargin)))' -> Unable to evaluate terminal: cs_quick_ratio.
2026-07-22 11:10:11,229 WARNING: Failed to parse expression: 'add(cs_rank(neg(cs_leverage)), add(cs_rank(cs_cash_at), cs_rank(cs_roce)))' -> Unable to evaluate terminal: cs_roce.
2026-07-22 11:10:11,395 WARNING: Failed to parse expression: 'add(add(cs_rank(cs_bm), cs_rank(cs_roce)), add(neg(cs_rank(pe_exi)), add(neg(cs_rank(cs_debt_at)), neg(cs_rank(cs_accruals)))))' -> Unable to evaluate terminal: cs_roce.
2026-07-22 11:10:15,358 WARNING: Failed to parse expression: 'add(add(cs_rank(cs_bm), cs_rank(cs_roe)), add(neg(cs_rank(pe_op_dil)), add(neg(cs_rank(ptb)), add(neg(cs_rank(abs_val(accum))), neg(cs_rank(abs_val(ts_returns(close, 5))))))))' -> Unable to evaluate terminal: accum.
2026-07-22 11:10:28,974 WARNING: Failed to parse expression: 'add(add(cs_rank(cs_bm), cs_rank(cs_roce)), add(neg(cs_rank(ptb)), neg(cs_rank(cs_debt_at))))' -> Unable to evaluate terminal: cs_roce.
2026-07-22 11:10:35,192 WARNING: Failed to parse expression: 'add(add(cs_rank(neg(pe_exi)), cs_rank(cs_gp_at)), add(cs_rank(cs_roce), cs_rank(neg(de_ratio))))' -> Unable to evaluate terminal: cs_roce.
2026-07-22 11:10:35,594 WARNING: Failed to parse expression: 'add(add(add(cs_rank(cs_roce), cs_rank(cs_opmargin)), add(cs_rank(cs_bm), cs_rank(neg(cs_accruals)))), add(cs_rank(neg(de_ratio)), cs_rank(cs_cash_at)))' -> Unable to evaluate terminal: cs_roce.
2026-07-22 11:10:37,327 WARNING: Failed to parse expression: 'sub(add(cs_rank(bm), cs_rank(roe)), add(cs_rank(log_abs(dollar_volume)), cs_rank(spread_proxy)))' -> Unable to evaluate terminal: spread_proxy.
2026-07-22 11:10:37,510 WARNING: Failed to parse expression: 'add(add(add(cs_rank(cs_bm), cs_rank(cs_roce)), add(neg(cs_rank(cs_accruals)), neg(cs_rank(cs_debt_at)))), neg(cs_rank(returns)))' -> Unable to evaluate terminal: cs_roce.
2026-07-22 11:10:42,991 WARNING: Failed to parse expression: 'add(add(cs_rank(bm), cs_rank(roe)), add(neg(cs_rank(ptb)), neg(cs_rank(acc rual))))' -> Unable to evaluate terminal: acc.
2026-07-22 11:10:47,781 WARNING: Failed to parse expression: 'add(add(mul(-1, cs_rank(cs_asset_growth)), mul(-0.3, cs_rank(cs_leverage))), add(mul(0.35, cs_rank(cs_roce)), mul(0.35, cs_rank(cs_gp_at))))' -> Unable to evaluate terminal: cs_roce.
2026-07-22 11:10:47,782 WARNING: Failed to parse expression: 'sub(cs_rank(neg(cs_asset_growth)), cs_rank(add(cs_roa, cs_gpm)))' -> Unable to evaluate terminal: cs_gpm.
2026-07-22 11:10:47,782 WARNING: Failed to parse expression: 'add(sub(cs_rank(neg(cs_asset_growth)), cs_rank(cs_roa)), sub(cs_rank(cs_gpm), cs_rank(cs_debt_at)))' -> Unable to evaluate terminal: cs_gpm.
2026-07-22 11:10:47,783 WARNING: Failed to parse expression: 'sub(sub(cs_rank(neg(cs_asset_growth)), cs_rank(cs_accruals)), add(cs_rank(cs_roa), cs_rank(cs_curr_ratio)))' -> Unable to evaluate terminal: cs_curr_ratio.
2026-07-22 11:10:47,783 WARNING: Failed to parse expression: 'sub(cs_rank(neg(cs_asset_growth)), add(cs_rank(cs_roa), cs_rank(cs_accrual)))' -> Unable to evaluate terminal: cs_accrual.
2026-07-22 11:10:51,444 WARNING: Failed to parse expression: 'add(add(cs_rank(cs_gpmargin), cs_rank(cs_roce)), add(neg(cs_rank(cs_debt_at)), neg(cs_rank(cs_accruals))))' -> Unable to evaluate terminal: cs_roce.
2026-07-22 11:10:55,377 WARNING: Failed to parse expression: 'add(add(mul(-1, cs_rank(cs_asset_growth)), mul(-0.3, cs_rank(cs_leverage))), add(mul(0.35, cs_rank(cs_roce)), mul(0.35, cs_rank(cs_gp_at))))' -> Unable to evaluate terminal: cs_roce.
2026-07-22 11:10:55,796 WARNING: Failed to parse expression: 'sub(cs_rank(neg(cs_asset_growth)), cs_rank(add(cs_roa, cs_gpm)))' -> Unable to evaluate terminal: cs_gpm.
2026-07-22 11:10:55,796 WARNING: Failed to parse expression: 'add(sub(cs_rank(neg(cs_asset_growth)), cs_rank(cs_roa)), sub(cs_rank(cs_gpm), cs_rank(cs_debt_at)))' -> Unable to evaluate terminal: cs_gpm.
2026-07-22 11:10:55,797 WARNING: Failed to parse expression: 'sub(sub(cs_rank(neg(cs_asset_growth)), cs_rank(cs_accruals)), add(cs_rank(cs_roa), cs_rank(cs_curr_ratio)))' -> Unable to evaluate terminal: cs_curr_ratio.
2026-07-22 11:10:55,797 WARNING: Failed to parse expression: 'sub(cs_rank(neg(cs_asset_growth)), add(cs_rank(cs_roa), cs_rank(cs_accrual)))' -> Unable to evaluate terminal: cs_accrual.
2026-07-22 11:11:03,934 WARNING: Failed to parse expression: 'add(add(cs_rank(cs_ep), cs_rank(cs_roce)), add(cs_rank(cs_cash_at), neg(cs_rank(cs_leverage))))' -> Unable to evaluate terminal: cs_roce.
2026-07-22 11:11:03,937 WARNING: Failed to parse expression: 'add(add(cs_rank(cs_bm), cs_rank(neg(pe_op_dil))), add(cs_rank(cs_roce), cs_rank(neg(cs_debt_at))))' -> Unable to evaluate terminal: cs_roce.
2026-07-22 11:11:06,237 WARNING: Failed to parse expression: 'add(add(cs_rank(cs_ep), cs_rank(cs_roce)), add(cs_rank(cs_cash_at), neg(cs_rank(cs_leverage))))' -> Unable to evaluate terminal: cs_roce.
2026-07-22 11:11:14,037 WARNING: Failed to parse expression: 'add(cs_rank(neg(ts_std(returns, 10))), add(cs_rank(cs_roce), cs_rank(neg(cs_leverage))))' -> Unable to evaluate terminal: cs_roce.
2026-07-22 11:11:14,258 WARNING: Failed to parse expression: 'add(add(cs_rank(neg(cs_debt_at)), cs_rank(cs_quick_ratio)), add(cs_rank(cs_roa), cs_rank(cs_opmargin)))' -> Unable to evaluate terminal: cs_quick_ratio.
2026-07-22 11:11:14,258 WARNING: Failed to parse expression: 'add(cs_rank(neg(cs_leverage)), add(cs_rank(cs_cash_at), cs_rank(cs_roce)))' -> Unable to evaluate terminal: cs_roce.
2026-07-22 11:11:16,796 WARNING: Failed to parse expression: 'add(add(cs_rank(cs_bm), cs_rank(neg(pe_op_dil))), add(cs_rank(cs_roce), cs_rank(neg(cs_debt_at))))' -> Unable to evaluate terminal: cs_roce.
2026-07-22 11:11:17,101 WARNING: Failed to parse expression: 'sub(add(cs_rank(cs_roa), cs_rank(cs_gpm)), cs_rank(cs_accruals))' -> Unable to evaluate terminal: cs_gpm.
2026-07-22 11:11:18,801 WARNING: Failed to parse expression: 'add(add(cs_rank(neg(cs_debt_at)), cs_rank(cs_quick_ratio)), add(cs_rank(cs_roa), cs_rank(cs_opmargin)))' -> Unable to evaluate terminal: cs_quick_ratio.
2026-07-22 11:11:18,802 WARNING: Failed to parse expression: 'add(cs_rank(neg(cs_leverage)), add(cs_rank(cs_cash_at), cs_rank(cs_roce)))' -> Unable to evaluate terminal: cs_roce.
2026-07-22 11:11:20,218 WARNING: Failed to parse expression: 'add(add(cs_rank(neg(cs_debt_at)), cs_rank(cs_current_ratio)), add(cs_rank(cs_roa), cs_rank(neg(cs_accrual))))' -> Unable to evaluate terminal: cs_accrual.
2026-07-22 11:11:20,219 WARNING: Failed to parse expression: 'sub(add(cs_rank(cs_current_ratio), cs_rank(cs_roa)), add(cs_rank(cs_debt_at), cs_rank(cs_accrual)))' -> Unable to evaluate terminal: cs_accrual.
2026-07-22 11:11:20,220 WARNING: Failed to parse expression: 'add(add(cs_rank(neg(cs_debt_at)), cs_rank(cs_current_ratio)), add(cs_rank(cs_roa), cs_rank(neg(cs_accrual))))' -> Unable to evaluate terminal: cs_accrual.
2026-07-22 11:11:20,220 WARNING: Failed to parse expression: 'add(add(cs_rank(neg(cs_debt_at)), cs_rank(cs_current_ratio)), add(cs_rank(cs_roa), cs_rank(neg(cs_accrual))))' -> Unable to evaluate terminal: cs_accrual.
2026-07-22 11:11:20,220 WARNING: Failed to parse expression: 'sub(add(cs_rank(cs_current_ratio), cs_rank(cs_roa)), add(cs_rank(cs_debt_at), cs_rank(cs_accrual)))' -> Unable to evaluate terminal: cs_accrual.
2026-07-22 11:11:20,220 WARNING: Failed to parse expression: 'add(add(cs_rank(cs_current_ratio), cs_rank(neg(cs_debt_at))), cs_rank(neg(cs_accrual)))' -> Unable to evaluate terminal: cs_accrual.
2026-07-22 11:11:20,222 WARNING: Failed to parse expression: 'add(add(cs_rank(neg(cs_debt_at)), cs_rank(cs_current_ratio)), add(cs_rank(cs_roa), cs_rank(cs_gpm)))' -> Unable to evaluate terminal: cs_gpm.
2026-07-22 11:11:20,223 WARNING: Failed to parse expression: 'add(add(cs_rank(neg(cs_debt_at)), cs_rank(cs_current_ratio)), add(cs_rank(cs_roa), cs_rank(neg(cs_accrual))))' -> Unable to evaluate terminal: cs_accrual.
2026-07-22 11:11:20,223 WARNING: Failed to parse expression: 'sub(add(cs_rank(cs_current_ratio), cs_rank(cs_roa)), add(cs_rank(cs_debt_at), cs_rank(cs_accrual)))' -> Unable to evaluate terminal: cs_accrual.
2026-07-22 11:11:20,223 WARNING: Failed to parse expression: 'add(add(cs_rank(neg(cs_debt_at)), cs_rank(cs_current_ratio)), add(cs_rank(cs_roa), cs_rank(neg(cs_accrual))))' -> Unable to evaluate terminal: cs_accrual.
2026-07-22 11:11:20,223 WARNING: Failed to parse expression: 'add(add(cs_rank(neg(cs_debt_at)), cs_rank(cs_current_ratio)), add(cs_rank(cs_roa), cs_rank(neg(cs_accrual))))' -> Unable to evaluate terminal: cs_accrual.
2026-07-22 11:11:20,224 WARNING: Failed to parse expression: 'sub(add(cs_rank(cs_current_ratio), cs_rank(cs_roa)), add(cs_rank(cs_debt_at), cs_rank(cs_accrual)))' -> Unable to evaluate terminal: cs_accrual.
2026-07-22 11:11:20,224 WARNING: Failed to parse expression: 'add(add(cs_rank(cs_current_ratio), cs_rank(neg(cs_debt_at))), cs_rank(neg(cs_accrual)))' -> Unable to evaluate terminal: cs_accrual.
2026-07-22 11:11:23,697 WARNING: Failed to parse expression: 'add(add(cs_rank(cs_bm), cs_rank(cs_roa)), add(neg(cs_rank(cs_accruals)), add(cs_rank(cs_curr_ratio), neg(cs_rank(cs_debt_at)))))' -> Unable to evaluate terminal: cs_curr_ratio.
2026-07-22 11:11:23,699 WARNING: Failed to parse expression: 'add(add(cs_rank(cs_bm), cs_rank(cs_roce)), add(neg(cs_rank(ptb)), neg(cs_rank(cs_debt_at))))' -> Unable to evaluate terminal: cs_roce.
2026-07-22 11:11:23,734 WARNING: Failed to parse expression: 'add(add(cs_rank(cs_roa), cs_rank(cs_gpm)), add(neg(cs_rank(cs_debt_at)), neg(cs_rank(cs_accruals))))' -> Unable to evaluate terminal: cs_gpm.
2026-07-22 11:11:23,736 WARNING: Failed to parse expression: 'add(add(cs_rank(cs_gp_at), cs_rank(cs_roce)), add(neg(cs_rank(cs_debt_at)), neg(cs_rank(cs_accruals))))' -> Unable to evaluate terminal: cs_roce.
2026-07-22 11:11:25,611 WARNING: Failed to parse expression: 'add(neg(cs_rank(cs_debt_at)), add(cs_rank(cs_curr_ratio), neg(cs_rank(cs_asset_growth))))' -> Unable to evaluate terminal: cs_curr_ratio.
2026-07-22 11:11:28,556 WARNING: Failed to parse expression: 'add(add(cs_rank(cs_bm), cs_rank(cs_roa)), add(neg(cs_rank(cs_accruals)), add(cs_rank(cs_curr_ratio), neg(cs_rank(cs_debt_at)))))' -> Unable to evaluate terminal: cs_curr_ratio.
2026-07-22 11:11:32,269 WARNING: Failed to parse expression: 'add(add(cs_rank(neg(cs_debt_at)), cs_rank(cs_current_ratio)), add(cs_rank(cs_roa), cs_rank(cs_gpm)))' -> Unable to evaluate terminal: cs_gpm.
2026-07-22 11:11:36,255 WARNING: Failed to parse expression: 'add(neg(cs_rank(cs_debt_at)), add(cs_rank(cs_curr_ratio), neg(cs_rank(cs_asset_growth))))' -> Unable to evaluate terminal: cs_curr_ratio.
2026-07-22 11:11:47,360 WARNING: Failed to parse expression: 'sub(add(cs_rank(cs_roa), cs_rank(cs_gpm)), cs_rank(cs_accruals))' -> Unable to evaluate terminal: cs_gpm.
2026-07-22 11:11:51,639 WARNING: Failed to parse expression: 'add(add(cs_rank(cs_bm), cs_rank(cs_roce)), add(neg(cs_rank(ptb)), neg(cs_rank(cs_debt_at))))' -> Unable to evaluate terminal: cs_roce.
2026-07-22 11:11:52,657 WARNING: Failed to parse expression: 'add(add(cs_rank(cs_roa), cs_rank(cs_gpm)), add(neg(cs_rank(cs_debt_at)), neg(cs_rank(cs_accruals))))' -> Unable to evaluate terminal: cs_gpm.
2026-07-22 11:11:56,762 WARNING: Failed to parse expression: 'add(add(cs_rank(cs_gp_at), cs_rank(cs_roce)), add(neg(cs_rank(cs_debt_at)), neg(cs_rank(cs_accruals))))' -> Unable to evaluate terminal: cs_roce.
2026-07-22 11:11:57,256 WARNING: Failed to parse expression: 'add(cs_rank(neg(ts_std(close, 20))), add(cs_rank(cs_cash_at), add(cs_rank(cs_roce), cs_rank(neg(cs_leverage)))))' -> Unable to evaluate terminal: cs_roce.
2026-07-22 11:12:06,355 WARNING: Failed to parse expression: 'add(neg(cs_rank(ts_std(returns,20))), neg(cs_rank(cs_accrual)))' -> Unable to evaluate terminal: cs_accrual.
2026-07-22 11:12:17,295 WARNING: Failed to parse expression: 'add(neg(cs_rank(ts_std(returns,20))), neg(cs_rank(cs_accrual)))' -> Unable to evaluate terminal: cs_accrual.
2026-07-22 11:12:19,201 WARNING: Failed to parse expression: 'add(add(add(cs_rank(cs_roce), cs_rank(cs_gprof)), add(cs_rank(cs_opmbd), cs_rank(cs_roa))), add(neg(cs_rank(cs_accruals)), add(neg(cs_rank(cs_debt_at)), cs_rank(cs_cash_at))))' -> Unable to evaluate terminal: cs_roce.
2026-07-22 11:12:19,201 WARNING: Failed to parse expression: 'add(add(cs_rank(cs_gp_at), cs_rank(cs_roce)), add(neg(cs_rank(cs_leverage)), neg(cs_rank(cs_accruals))))' -> Unable to evaluate terminal: cs_roce.
2026-07-22 11:12:30,348 WARNING: Failed to parse expression: 'add(cs_rank(neg(ts_std(returns, 10))), add(cs_rank(cs_roce), cs_rank(neg(cs_leverage))))' -> Unable to evaluate terminal: cs_roce.
2026-07-22 11:12:30,349 WARNING: Failed to parse expression: 'add(add(cs_rank(neg(ts_std(returns, 20))), cs_rank(neg(ts_std(dollar_volume, 20)))), add(cs_rank(neg(cs_debt_at)), add(cs_rank(cs_roa), cs_rank(neg(cs_accrual)))))' -> Unable to evaluate terminal: cs_accrual.
2026-07-22 11:12:30,349 WARNING: Failed to parse expression: 'add(cs_rank(neg(ts_std(close, 20))), add(cs_rank(cs_cash_at), add(cs_rank(cs_roce), cs_rank(neg(cs_leverage)))))' -> Unable to evaluate terminal: cs_roce.
2026-07-22 11:12:34,761 WARNING: Arity-incomplete expression rejected at parse: 'add(add(cs_rank(ts_returns(close,20)), cs_rank(safe_div(sub(close, ts_min(low,20)), add(ts_max(high,20), 1)))), cs_rank(ts_returns(volume,5))), neg(cs_rank(dollar_volume)))'
2026-07-22 11:12:36,570 WARNING: Arity-incomplete expression rejected at parse: 'add(add(cs_rank(ts_returns(close, 20)), cs_rank(safe_div(sub(close, ts_min(low, 20)), sub(ts_max(high, 20), ts_min(low, 20))))), cs_rank(ts_rank(volume, 20))), neg(cs_rank(safe_div(market_cap, dollar_volume))))'
2026-07-22 11:12:36,950 WARNING: Failed to parse expression: 'add(cs_rank(neg(ts_std(returns, 10))), add(cs_rank(cs_roce), cs_rank(neg(cs_leverage))))' -> Unable to evaluate terminal: cs_roce.
2026-07-22 11:12:38,446 WARNING: Failed to parse expression: 'add(add(cs_rank(neg(ts_std(returns, 20))), cs_rank(neg(ts_std(dollar_volume, 20)))), add(cs_rank(neg(cs_debt_at)), add(cs_rank(cs_roa), cs_rank(neg(cs_accrual)))))' -> Unable to evaluate terminal: cs_accrual.
2026-07-22 11:12:39,380 WARNING: Arity-incomplete expression rejected at parse: 'mul(add(cs_rank(ts_returns(close, 20)), add(cs_rank(ts_rank(close, 20)), cs_rank(ts_rank(safe_div(sub(close, ts_max(high, 20)), ts_max(high, 20)), 20)))), cs_rank(ts_rank(volume, 20))), cs_rank(dollar_volume))'
2026-07-22 11:12:39,852 WARNING: Failed to parse expression: 'add(cs_rank(neg(ts_std(close, 20))), add(cs_rank(cs_cash_at), add(cs_rank(cs_roce), cs_rank(neg(cs_leverage)))))' -> Unable to evaluate terminal: cs_roce.
2026-07-22 11:12:45,881 WARNING: Failed to parse expression: 'sub(add(add(cs_rank(cs_roa), cs_rank(cs_roe)), add(cs_rank(cs_gpm), cs_rank(cs_npm))), add(cs_rank(cs_accruals), cs_rank(cs_debt_at)))' -> Unable to evaluate terminal: cs_gpm.
2026-07-22 11:12:45,881 WARNING: Failed to parse expression: 'sub(add(add(add(cs_rank(cs_roa), cs_rank(cs_roe)), add(cs_rank(cs_gp_at), cs_rank(cs_gpm))), add(cs_rank(cs_cash_at), cs_rank(cs_bm))), add(cs_rank(cs_accruals), cs_rank(cs_debt_at)))' -> Unable to evaluate terminal: cs_gpm.
2026-07-22 11:12:45,882 WARNING: Failed to parse expression: 'add(add(add(cs_rank(cs_roce), cs_rank(cs_gprof)), add(cs_rank(cs_opmbd), cs_rank(cs_roa))), add(neg(cs_rank(cs_accruals)), add(neg(cs_rank(cs_debt_at)), cs_rank(cs_cash_at))))' -> Unable to evaluate terminal: cs_roce.
2026-07-22 11:12:45,882 WARNING: Failed to parse expression: 'add(add(cs_rank(cs_gp_at), cs_rank(cs_roce)), add(neg(cs_rank(cs_leverage)), neg(cs_rank(cs_accruals))))' -> Unable to evaluate terminal: cs_roce.
2026-07-22 11:12:48,042 WARNING: Failed to parse expression: 'sub(add(add(cs_rank(cs_roa), cs_rank(cs_roe)), add(cs_rank(cs_gpm), cs_rank(cs_npm))), add(cs_rank(cs_accruals), cs_rank(cs_debt_at)))' -> Unable to evaluate terminal: cs_gpm.
2026-07-22 11:12:48,042 WARNING: Failed to parse expression: 'sub(add(add(add(cs_rank(cs_roa), cs_rank(cs_roe)), add(cs_rank(cs_gp_at), cs_rank(cs_gpm))), add(cs_rank(cs_cash_at), cs_rank(cs_bm))), add(cs_rank(cs_accruals), cs_rank(cs_debt_at)))' -> Unable to evaluate terminal: cs_gpm.
2026-07-22 11:12:50,806 WARNING: Failed to parse expression: 'add(add(add(cs_rank(cs_roce), cs_rank(cs_gprof)), add(cs_rank(cs_opmbd), cs_rank(cs_roa))), add(neg(cs_rank(cs_accruals)), add(neg(cs_rank(cs_debt_at)), cs_rank(cs_cash_at))))' -> Unable to evaluate terminal: cs_roce.
2026-07-22 11:12:50,807 WARNING: Failed to parse expression: 'add(add(cs_rank(cs_gp_at), cs_rank(cs_roce)), add(neg(cs_rank(cs_leverage)), neg(cs_rank(cs_accruals))))' -> Unable to evaluate terminal: cs_roce.
2026-07-22 11:12:51,175 WARNING: Failed to parse expression: 'add(add(neg(cs_rank(cs_accruals)), cs_rank(cs_roa)), cs_rank(cs_gpm_at))' -> Unable to evaluate terminal: cs_gpm_at.
2026-07-22 11:12:51,175 WARNING: Failed to parse expression: 'add(cs_rank(cs_roa), add(cs_rank(cs_gpm_at), neg(cs_rank(cs_accruals))))' -> Unable to evaluate terminal: cs_gpm_at.
2026-07-22 11:12:51,175 WARNING: Failed to parse expression: 'sub(add(cs_rank(cs_roa), cs_rank(cs_gpm_at)), cs_rank(cs_accruals))' -> Unable to evaluate terminal: cs_gpm_at.
2026-07-22 11:12:51,176 WARNING: Failed to parse expression: 'add(sub(cs_rank(cs_roe), cs_rank(cs_accruals)), cs_rank(cs_gpm_at))' -> Unable to evaluate terminal: cs_gpm_at.
2026-07-22 11:12:51,176 WARNING: Failed to parse expression: 'sub(add(cs_rank(cs_gpm_at), cs_rank(cs_roa)), cs_rank(cs_accruals))' -> Unable to evaluate terminal: cs_gpm_at.
2026-07-22 11:12:51,741 WARNING: Failed to parse expression: 'add(add(cs_rank(cs_bm), neg(cs_rank(pe_op_dil))), add(add(cs_rank(cs_roe), cs_rank(cs_roa)), neg(add(cs_rank(cs_accrual), cs_rank(curr_ratio)))))' -> Unable to evaluate terminal: cs_accrual.
2026-07-22 11:12:51,741 WARNING: Failed to parse expression: 'add(add(neg(cs_rank(ptb)), cs_rank(cs_bm)), add(cs_rank(cs_opmargin), neg(add(cs_rank(cs_accrual), neg(cs_rank(curr_ratio))))))' -> Unable to evaluate terminal: cs_accrual.
2026-07-22 11:12:51,741 WARNING: Failed to parse expression: 'neg(add(cs_rank(cs_accrual), neg(cs_rank(curr_ratio))))' -> Unable to evaluate terminal: cs_accrual.
2026-07-22 11:12:51,741 WARNING: Failed to parse expression: 'add(add(cs_rank(cs_bm), neg(cs_rank(pe_op_dil))), add(add(cs_rank(cs_roa), cs_rank(cs_roe)), neg(add(cs_rank(cs_accrual), neg(cs_rank(curr_ratio))))))' -> Unable to evaluate terminal: cs_accrual.
2026-07-22 11:12:51,742 WARNING: Failed to parse expression: 'add(add(cs_rank(cs_bm), neg(cs_rank(pe_op_dil))), add(add(cs_rank(cs_roe), cs_rank(cs_roa)), neg(add(cs_rank(cs_accrual), cs_rank(curr_ratio)))))' -> Unable to evaluate terminal: cs_accrual.
2026-07-22 11:12:51,742 WARNING: Failed to parse expression: 'add(add(neg(cs_rank(ptb)), cs_rank(cs_bm)), add(cs_rank(cs_opmargin), neg(add(cs_rank(cs_accrual), neg(cs_rank(curr_ratio))))))' -> Unable to evaluate terminal: cs_accrual.
2026-07-22 11:12:52,549 WARNING: Failed to parse expression: 'neg(add(cs_rank(cs_accrual), neg(cs_rank(curr_ratio))))' -> Unable to evaluate terminal: cs_accrual.
2026-07-22 11:12:52,550 WARNING: Failed to parse expression: 'add(add(cs_rank(cs_bm), neg(cs_rank(pe_op_dil))), add(add(cs_rank(cs_roa), cs_rank(cs_roe)), neg(add(cs_rank(cs_accrual), neg(cs_rank(curr_ratio))))))' -> Unable to evaluate terminal: cs_accrual.
2026-07-22 11:12:55,841 WARNING: Failed to parse expression: 'add(add(neg(cs_rank(cs_accruals)), cs_rank(cs_roa)), cs_rank(cs_gpm_at))' -> Unable to evaluate terminal: cs_gpm_at.
2026-07-22 11:12:55,841 WARNING: Failed to parse expression: 'add(cs_rank(cs_roa), add(cs_rank(cs_gpm_at), neg(cs_rank(cs_accruals))))' -> Unable to evaluate terminal: cs_gpm_at.
2026-07-22 11:12:55,841 WARNING: Failed to parse expression: 'sub(add(cs_rank(cs_roa), cs_rank(cs_gpm_at)), cs_rank(cs_accruals))' -> Unable to evaluate terminal: cs_gpm_at.
2026-07-22 11:12:55,919 WARNING: Failed to parse expression: 'add(neg(cs_rank(cs_asset_growth)), mul(cs_rank(cs_roce), neg(cs_rank(cs_asset_growth))))' -> Unable to evaluate terminal: cs_roce.
2026-07-22 11:12:56,417 WARNING: Failed to parse expression: 'add(sub(cs_rank(cs_roe), cs_rank(cs_accruals)), cs_rank(cs_gpm_at))' -> Unable to evaluate terminal: cs_gpm_at.
2026-07-22 11:12:56,418 WARNING: Failed to parse expression: 'sub(add(cs_rank(cs_gpm_at), cs_rank(cs_roa)), cs_rank(cs_accruals))' -> Unable to evaluate terminal: cs_gpm_at.
2026-07-22 11:13:10,903 WARNING: Failed to parse expression: 'add(add(cs_rank(cs_bm), cs_rank(neg(cs_pe_exi))), add(cs_rank(cs_roa), cs_rank(neg(ts_rank(returns, 5)))))' -> Unable to evaluate terminal: cs_pe_exi.
2026-07-22 11:13:10,904 WARNING: Failed to parse expression: 'add(neg(cs_rank(returns)), add(cs_rank(cs_bm), cs_rank(neg(cs_pe_exi))))' -> Unable to evaluate terminal: cs_pe_exi.
2026-07-22 11:13:13,569 WARNING: Arity-incomplete expression rejected at parse: 'mul(add(add(cs_rank(ts_returns(close, 20)), cs_rank(ts_rank(close, 20))), cs_rank(neg(safe_div(sub(ts_max(high, 20), close), ts_max(high, 20))))), cs_rank(ts_rank(volume, 20))), cs_rank(dollar_volume))'
2026-07-22 11:13:17,849 WARNING: Arity-incomplete expression rejected at parse: 'add(add(cs_rank(ts_returns(close, 5)), cs_rank(safe_div(sub(close, ts_min(close, 20)), ts_min(close, 20)))), cs_rank(ts_rank(volume, 20))), cs_rank(dollar_volume))'
2026-07-22 11:13:17,943 WARNING: Failed to parse expression: 'add(add(add(cs_rank(cs_roa), cs_rank(cs_roe)), add(cs_rank(cs_bm), cs_rank(cs_gpm))), add(neg(cs_rank(cs_debt_at)), neg(cs_rank(cs_accruals))))' -> Unable to evaluate terminal: cs_gpm.
2026-07-22 11:13:17,944 WARNING: Failed to parse expression: 'sub(add(add(cs_rank(cs_roa), cs_rank(cs_bm)), add(cs_rank(cs_gpm), cs_rank(cs_roe))), add(cs_rank(cs_debt_at), cs_rank(cs_accruals)))' -> Unable to evaluate terminal: cs_gpm.
2026-07-22 11:13:17,945 WARNING: Failed to parse expression: 'add(add(add(cs_rank(cs_roa), cs_rank(cs_gpm)), add(cs_rank(cs_bm), cs_rank(cs_roe))), add(neg(cs_rank(cs_debt_at)), neg(cs_rank(cs_accruals))))' -> Unable to evaluate terminal: cs_gpm.
2026-07-22 11:13:20,296 WARNING: Failed to parse expression: 'add(add(cs_rank(cs_gpmargin), cs_rank(cs_roce)), neg(add(cs_rank(cs_accruals), cs_rank(cs_debt_at))))' -> Unable to evaluate terminal: cs_roce.
2026-07-22 11:13:23,908 WARNING: Failed to parse expression: 'add(add(add(cs_rank(cs_roa), cs_rank(cs_roe)), add(cs_rank(cs_bm), cs_rank(cs_gpm))), add(neg(cs_rank(cs_debt_at)), neg(cs_rank(cs_accruals))))' -> Unable to evaluate terminal: cs_gpm.
2026-07-22 11:13:23,909 WARNING: Failed to parse expression: 'sub(add(add(cs_rank(cs_roa), cs_rank(cs_bm)), add(cs_rank(cs_gpm), cs_rank(cs_roe))), add(cs_rank(cs_debt_at), cs_rank(cs_accruals)))' -> Unable to evaluate terminal: cs_gpm.
2026-07-22 11:13:24,247 WARNING: Failed to parse expression: 'add(neg(cs_rank(cs_asset_growth)), mul(cs_rank(cs_roce), neg(cs_rank(cs_asset_growth))))' -> Unable to evaluate terminal: cs_roce.
2026-07-22 11:13:27,801 WARNING: Failed to parse expression: 'add(add(add(cs_rank(cs_roa), cs_rank(cs_gpm)), add(cs_rank(cs_bm), cs_rank(cs_roe))), add(neg(cs_rank(cs_debt_at)), neg(cs_rank(cs_accruals))))' -> Unable to evaluate terminal: cs_gpm.
2026-07-22 11:13:48,285 WARNING: Failed to parse expression: 'add(neg(cs_rank(cs_asset_growth)), mul(cs_rank(cs_roce), neg(cs_rank(cs_asset_growth))))' -> Unable to evaluate terminal: cs_roce.
2026-07-22 11:13:50,163 WARNING: Failed to parse expression: 'add(add(cs_rank(cs_bm), cs_rank(neg(cs_pe_exi))), add(cs_rank(cs_roa), cs_rank(neg(ts_rank(returns, 5)))))' -> Unable to evaluate terminal: cs_pe_exi.
2026-07-22 11:13:50,164 WARNING: Failed to parse expression: 'add(neg(cs_rank(returns)), add(cs_rank(cs_bm), cs_rank(neg(cs_pe_exi))))' -> Unable to evaluate terminal: cs_pe_exi.
2026-07-22 11:13:57,246 WARNING: Failed to parse expression: 'sub(add(cs_rank(cs_bm), cs_rank(cs_roa)), add(cs_rank(cs_pe_exi), cs_rank(cs_debt_at)))' -> Unable to evaluate terminal: cs_pe_exi.
2026-07-22 11:14:05,790 WARNING: Failed to parse expression: 'add(add(cs_rank(cs_bm), cs_rank(neg(cs_pe_exi))), add(cs_rank(cs_roa), cs_rank(neg(ts_rank(returns, 5)))))' -> Unable to evaluate terminal: cs_pe_exi.
2026-07-22 11:14:05,792 WARNING: Failed to parse expression: 'add(neg(cs_rank(returns)), add(cs_rank(cs_bm), cs_rank(neg(cs_pe_exi))))' -> Unable to evaluate terminal: cs_pe_exi.
2026-07-22 11:14:06,412 WARNING: Failed to parse expression: 'add(add(cs_rank(cs_bm), add(cs_rank(neg(pe_op_dil)), cs_rank(neg(ptb)))), sub(cs_rank(cs_roce), add(cs_rank(cs_accruals), cs_rank(de_ratio))))' -> Unable to evaluate terminal: cs_roce.
2026-07-22 11:14:09,917 WARNING: Failed to parse expression: 'add(add(cs_rank(neg(cs_debt_at)), cs_rank(current_ratio)), cs_rank(cs_roa))' -> Unable to evaluate terminal: current_ratio.
2026-07-22 11:14:09,917 WARNING: Failed to parse expression: 'add(add(cs_rank(neg(cs_debt_at)), cs_rank(current_ratio)), cs_rank(cs_roa))' -> Unable to evaluate terminal: current_ratio.
2026-07-22 11:14:09,917 WARNING: Failed to parse expression: 'add(add(cs_rank(neg(cs_debt_at)), cs_rank(current_ratio)), cs_rank(cs_roa))' -> Unable to evaluate terminal: current_ratio.
2026-07-22 11:14:09,917 WARNING: Failed to parse expression: 'add(add(cs_rank(neg(cs_debt_at)), cs_rank(current_ratio)), cs_rank(cs_roa))' -> Unable to evaluate terminal: current_ratio.
2026-07-22 11:14:09,917 WARNING: Failed to parse expression: 'neg(add(add(cs_rank(neg(cs_debt_at)), cs_rank(current_ratio)), add(cs_rank(cs_roa), cs_rank(ts_returns(returns, 5)))))' -> Unable to evaluate terminal: current_ratio.
2026-07-22 11:14:14,590 WARNING: Failed to parse expression: 'sub(cs_rank(dollar_volume), cs_rank(abs_val(ask-bid)))' -> Unable to evaluate terminal: ask-bid.
2026-07-22 11:14:15,998 WARNING: Failed to parse expression: 'add(add(cs_rank(cs_ep), neg(cs_rank(ptb))), add(cs_rank(cs_roce), neg(cs_rank(cs_debt_at))))' -> Unable to evaluate terminal: cs_roce.
2026-07-22 11:14:27,852 WARNING: Failed to parse expression: 'add(add(cs_rank(neg(cs_debt_at)), cs_rank(current_ratio)), cs_rank(cs_roa))' -> Unable to evaluate terminal: current_ratio.
2026-07-22 11:14:27,852 WARNING: Failed to parse expression: 'add(add(cs_rank(neg(cs_debt_at)), cs_rank(current_ratio)), cs_rank(cs_roa))' -> Unable to evaluate terminal: current_ratio.
2026-07-22 11:14:27,852 WARNING: Failed to parse expression: 'add(add(cs_rank(neg(cs_debt_at)), cs_rank(current_ratio)), cs_rank(cs_roa))' -> Unable to evaluate terminal: current_ratio.
2026-07-22 11:14:27,853 WARNING: Failed to parse expression: 'add(add(cs_rank(neg(cs_debt_at)), cs_rank(current_ratio)), cs_rank(cs_roa))' -> Unable to evaluate terminal: current_ratio.
2026-07-22 11:14:27,856 WARNING: Failed to parse expression: 'neg(add(add(cs_rank(neg(cs_debt_at)), cs_rank(current_ratio)), add(cs_rank(cs_roa), cs_rank(ts_returns(returns, 5)))))' -> Unable to evaluate terminal: current_ratio.
2026-07-22 11:14:28,230 WARNING: Arity-incomplete expression rejected at parse: 'mul(add(add(cs_rank(ts_returns(close, 20)), cs_rank(ts_rank(close, 20))), cs_rank(neg(safe_div(sub(ts_max(high, 20), close), ts_max(high, 20))))), cs_rank(ts_rank(volume, 20))), cs_rank(dollar_volume))'
2026-07-22 11:14:29,857 WARNING: Failed to parse expression: 'add(add(cs_rank(cs_roa), cs_rank(cs_bm)), neg(add(cs_rank(cs_accrual), cs_rank(debt_at))))' -> Unable to evaluate terminal: cs_accrual.
2026-07-22 11:14:29,857 WARNING: Failed to parse expression: 'add(add(cs_rank(cs_roa), cs_rank(cs_bm)), neg(add(cs_rank(cs_accrual), cs_rank(debt_at))))' -> Unable to evaluate terminal: cs_accrual.
2026-07-22 11:14:29,857 WARNING: Failed to parse expression: 'add(add(add(cs_rank(cs_roa), cs_rank(cs_bm)), neg(add(cs_rank(cs_accrual), cs_rank(debt_at)))), neg(cs_rank(abs_val(ts_returns(close, 5)))))' -> Unable to evaluate terminal: cs_accrual.
2026-07-22 11:14:29,858 WARNING: Failed to parse expression: 'add(add(add(cs_rank(cs_roa), cs_rank(cs_bm)), cs_rank(cs_asset_growth)), neg(add(cs_rank(cs_accrual), cs_rank(debt_at))))' -> Unable to evaluate terminal: cs_accrual.
2026-07-22 11:14:29,859 WARNING: Failed to parse expression: 'add(add(cs_rank(cs_roa), cs_rank(cs_bm)), neg(add(cs_rank(cs_accrual), cs_rank(debt_at))))' -> Unable to evaluate terminal: cs_accrual.
2026-07-22 11:14:29,860 WARNING: Failed to parse expression: 'sub(add(add(cs_rank(cs_roe), cs_rank(cs_roa)), add(cs_rank(cs_gp_at), cs_rank(cs_gpm))), add(cs_rank(cs_accruals), cs_rank(cs_debt_at)))' -> Unable to evaluate terminal: cs_gpm.
2026-07-22 11:14:29,860 WARNING: Failed to parse expression: 'add(add(cs_rank(cs_roa), cs_rank(cs_bm)), neg(add(cs_rank(cs_accrual), cs_rank(debt_at))))' -> Unable to evaluate terminal: cs_accrual.
2026-07-22 11:14:29,860 WARNING: Failed to parse expression: 'add(add(cs_rank(cs_roa), cs_rank(cs_bm)), neg(add(cs_rank(cs_accrual), cs_rank(debt_at))))' -> Unable to evaluate terminal: cs_accrual.
2026-07-22 11:14:29,860 WARNING: Failed to parse expression: 'add(add(add(cs_rank(cs_roa), cs_rank(cs_bm)), neg(add(cs_rank(cs_accrual), cs_rank(debt_at)))), neg(cs_rank(abs_val(ts_returns(close, 5)))))' -> Unable to evaluate terminal: cs_accrual.
2026-07-22 11:14:31,236 WARNING: Failed to parse expression: 'add(add(add(cs_rank(cs_roa), cs_rank(cs_bm)), cs_rank(cs_asset_growth)), neg(add(cs_rank(cs_accrual), cs_rank(debt_at))))' -> Unable to evaluate terminal: cs_accrual.
2026-07-22 11:14:31,237 WARNING: Failed to parse expression: 'add(add(cs_rank(cs_roa), cs_rank(cs_bm)), neg(add(cs_rank(cs_accrual), cs_rank(debt_at))))' -> Unable to evaluate terminal: cs_accrual.
2026-07-22 11:14:37,900 WARNING: Failed to parse expression: 'sub(add(cs_rank(cs_gpm), cs_rank(cs_leverage)), cs_rank(cs_asset_growth))' -> Unable to evaluate terminal: cs_gpm.
2026-07-22 11:14:40,404 WARNING: Failed to parse expression: 'sub(add(cs_rank(cs_gpm), cs_rank(cs_leverage)), cs_rank(cs_asset_growth))' -> Unable to evaluate terminal: cs_gpm.
2026-07-22 11:14:48,054 WARNING: Failed to parse expression: 'add(add(neg(cs_rank(returns)), cs_rank(dollar_volume)), cs_rank(add(cs_roa, cs_gpm)))' -> Unable to evaluate terminal: cs_gpm.
2026-07-22 11:14:49,220 WARNING: Failed to parse expression: 'sub(add(add(cs_rank(cs_roe), cs_rank(cs_roa)), add(cs_rank(cs_gp_at), cs_rank(cs_gpm))), add(cs_rank(cs_accruals), cs_rank(cs_debt_at)))' -> Unable to evaluate terminal: cs_gpm.
2026-07-22 11:14:54,955 WARNING: Failed to parse expression: 'add(add(cs_rank(bm), cs_rank(roe)), add(neg(cs_rank(asset_growth)), neg(cs_rank(debt_at))))' -> Unable to evaluate terminal: asset_growth.
2026-07-22 11:14:58,598 WARNING: Failed to parse expression: 'add(add(cs_rank(cs_bm), cs_rank(cs_roa)), sub(cs_rank(cs_gpm), add(cs_rank(cs_accruals), cs_rank(cs_debt_at))))' -> Unable to evaluate terminal: cs_gpm.
2026-07-22 11:14:58,599 WARNING: Failed to parse expression: 'add(add(cs_rank(cs_ep), neg(cs_rank(ptb))), add(cs_rank(cs_roce), neg(cs_rank(cs_debt_at))))' -> Unable to evaluate terminal: cs_roce.
2026-07-22 11:14:59,300 WARNING: Failed to parse expression: 'add(add(cs_rank(bm), cs_rank(roe)), add(neg(cs_rank(asset_growth)), neg(cs_rank(debt_at))))' -> Unable to evaluate terminal: asset_growth.
2026-07-22 11:15:01,732 WARNING: Failed to parse expression: 'add(add(cs_rank(cs_bm), cs_rank(cs_roa)), sub(cs_rank(cs_gpm), add(cs_rank(cs_accruals), cs_rank(cs_debt_at))))' -> Unable to evaluate terminal: cs_gpm.
2026-07-22 11:15:13,119 WARNING: Failed to parse expression: 'add(add(cs_rank(cs_ep), neg(cs_rank(ptb))), add(cs_rank(cs_roce), neg(cs_rank(cs_debt_at))))' -> Unable to evaluate terminal: cs_roce.
2026-07-22 11:15:18,674 WARNING: Failed to parse expression: 'add(add(neg(cs_rank(returns)), cs_rank(dollar_volume)), cs_rank(add(cs_roa, cs_gpm)))' -> Unable to evaluate terminal: cs_gpm.
2026-07-22 11:15:24,388 WARNING: Failed to parse expression: 'sub(add(cs_rank(cs_roa), cs_rank(current_ratio)), add(cs_rank(cs_asset_growth), cs_rank(debt_at)))' -> Unable to evaluate terminal: current_ratio.
2026-07-22 11:15:24,388 WARNING: Failed to parse expression: 'sub(add(cs_rank(cs_asset_growth), cs_rank(cs_accruals)), add(cs_rank(cs_roa), cs_rank(cs_market_cap)))' -> Unable to evaluate terminal: cs_market_cap.
2026-07-22 11:15:24,388 WARNING: Failed to parse expression: 'sub(add(cs_rank(cs_roa), cs_rank(current_ratio)), add(cs_rank(cs_asset_growth), cs_rank(debt_at)))' -> Unable to evaluate terminal: current_ratio.
2026-07-22 11:15:25,328 WARNING: Failed to parse expression: 'sub(add(cs_rank(cs_roa), cs_rank(current_ratio)), add(cs_rank(cs_asset_growth), cs_rank(debt_at)))' -> Unable to evaluate terminal: current_ratio.
2026-07-22 11:15:25,329 WARNING: Failed to parse expression: 'sub(add(cs_rank(cs_asset_growth), cs_rank(cs_accruals)), add(cs_rank(cs_roa), cs_rank(cs_market_cap)))' -> Unable to evaluate terminal: cs_market_cap.
2026-07-22 11:15:25,329 WARNING: Failed to parse expression: 'sub(add(cs_rank(cs_roa), cs_rank(current_ratio)), add(cs_rank(cs_asset_growth), cs_rank(debt_at)))' -> Unable to evaluate terminal: current_ratio.
2026-07-22 11:15:54,770 WARNING: Failed to parse expression: 'add(add(neg(cs_rank(market_cap)), cs_rank(dollar_volume)), neg(cs_rank(abs_val(sp))))' -> Unable to evaluate terminal: sp.
2026-07-22 11:16:03,953 WARNING: Failed to parse expression: 'add(add(cs_rank(cs_bm), cs_rank(cs_roce)), sub(neg(cs_rank(cs_accruals)), add(cs_rank(cs_asset_growth), cs_rank(cs_debt_at))))' -> Unable to evaluate terminal: cs_roce.
2026-07-22 11:16:28,292 WARNING: Arity-incomplete expression rejected at parse: 'add(add(add(cs_rank(neg(ts_std(returns, 20))), cs_rank(neg(ts_std(high, 20)))), add(cs_rank(roe), cs_rank(roa))), add(cs_rank(neg(accrual)), cs_rank(dollar_volume))), add(cs_rank(neg(de_ratio)), cs_rank(bm)))'
2026-07-22 11:16:38,006 WARNING: Failed to parse expression: 'add(add(add(cs_rank(cs_roce), cs_rank(cs_cash_at)), add(cs_rank(cs_current_ratio), cs_rank(cs_bm))), add(add(neg(cs_rank(cs_accruals)), neg(cs_rank(cs_debt_at))), neg(cs_rank(cs_asset_growth))))' -> Unable to evaluate terminal: cs_roce.
2026-07-22 11:16:39,605 WARNING: Failed to parse expression: 'add(add(add(cs_rank(cs_roa), cs_rank(cs_roe)), add(cs_rank(cs_bm), neg(cs_rank(cs_pe_exi)))), add(neg(cs_rank(cs_debt_at)), neg(cs_rank(cs_accruals))))' -> Unable to evaluate terminal: cs_pe_exi.
2026-07-22 11:16:39,606 WARNING: Failed to parse expression: 'add(add(add(add(cs_rank(cs_roa), cs_rank(cs_roe)), add(cs_rank(cs_bm), neg(cs_rank(cs_pe_exi)))), add(neg(cs_rank(cs_debt_at)), neg(cs_rank(cs_accruals)))), add(cs_rank(cs_current_ratio), neg(cs_rank(cs_asset_growth))))' -> Unable to evaluate terminal: cs_pe_exi.
2026-07-22 11:16:39,606 WARNING: Failed to parse expression: 'mul(add(add(add(cs_rank(cs_roa), cs_rank(cs_roe)), add(cs_rank(cs_bm), neg(cs_rank(cs_pe_exi)))), add(neg(cs_rank(cs_debt_at)), neg(cs_rank(cs_accruals)))), neg(cs_rank(returns)))' -> Unable to evaluate terminal: cs_pe_exi.
2026-07-22 11:16:40,919 WARNING: Failed to parse expression: 'add(add(add(cs_rank(cs_roa), cs_rank(cs_roe)), add(cs_rank(cs_bm), neg(cs_rank(cs_pe_exi)))), add(neg(cs_rank(cs_debt_at)), add(cs_rank(cs_current_ratio), neg(cs_rank(cs_accruals)))))' -> Unable to evaluate terminal: cs_pe_exi.
2026-07-22 11:16:45,296 WARNING: Failed to parse expression: 'sub(add(cs_rank(cs_opmargin), cs_rank(cs_roce)), cs_rank(cs_accruals))' -> Unable to evaluate terminal: cs_roce.
2026-07-22 11:16:47,876 WARNING: Failed to parse expression: 'sub(add(cs_rank(cs_bm), cs_rank(cs_ep)), add(cs_rank(cs_roa), cs_rank(cs_curr_ratio)))' -> Unable to evaluate terminal: cs_curr_ratio.
2026-07-22 11:16:47,877 WARNING: Failed to parse expression: 'sub(add(cs_rank(cs_bm), cs_rank(cs_roa)), add(cs_rank(cs_accruals), add(cs_rank(cs_debt_at), cs_rank(cs_curr_ratio))))' -> Unable to evaluate terminal: cs_curr_ratio.
2026-07-22 11:16:52,263 WARNING: Failed to parse expression: 'add(add(add(cs_rank(cs_opmargin), cs_rank(cs_roce)), add(cs_rank(cs_bm), cs_rank(cs_ep))), add(add(neg(cs_rank(cs_debt_at)), neg(cs_rank(cs_accruals))), add(cs_rank(cs_cash_at), neg(cs_rank(cs_asset_growth)))))' -> Unable to evaluate terminal: cs_roce.
2026-07-22 11:17:03,009 WARNING: Failed to parse expression: 'sub(add(cs_rank(cs_bm), cs_rank(cs_ep)), add(cs_rank(cs_roa), cs_rank(cs_curr_ratio)))' -> Unable to evaluate terminal: cs_curr_ratio.
2026-07-22 11:17:03,009 WARNING: Failed to parse expression: 'sub(add(cs_rank(cs_bm), cs_rank(cs_roa)), add(cs_rank(cs_accruals), add(cs_rank(cs_debt_at), cs_rank(cs_curr_ratio))))' -> Unable to evaluate terminal: cs_curr_ratio.
2026-07-22 11:17:10,270 WARNING: Failed to parse expression: 'sub(neg(cs_rank(cs_asset_growth)), add(mul(cs_rank(cs_roa), 0.5), mul(cs_rank(cs_curr_ratio), 0.5)))' -> Unable to evaluate terminal: cs_curr_ratio.
2026-07-22 11:17:11,861 WARNING: Failed to parse expression: 'sub(neg(cs_rank(cs_asset_growth)), add(mul(cs_rank(cs_roa), 0.5), mul(cs_rank(cs_curr_ratio), 0.5)))' -> Unable to evaluate terminal: cs_curr_ratio.
2026-07-22 11:17:21,571 WARNING: Failed to parse expression: 'add(add(add(cs_rank(cs_roa), cs_rank(cs_roe)), add(cs_rank(cs_bm), neg(cs_rank(ptb)))), add(neg(cs_rank(cs_debt_at)), neg(cs_rank(cs_accrual))))' -> Unable to evaluate terminal: cs_accrual.
2026-07-22 11:17:21,572 WARNING: Failed to parse expression: 'mul(add(add(add(cs_rank(cs_roa), cs_rank(cs_roe)), add(cs_rank(cs_bm), neg(cs_rank(ptb)))), add(neg(cs_rank(cs_debt_at)), neg(cs_rank(cs_accrual)))), neg(cs_rank(ts_returns(close, 5))))' -> Unable to evaluate terminal: cs_accrual.
2026-07-22 11:17:21,572 WARNING: Failed to parse expression: 'add(add(add(cs_rank(cs_roa), cs_rank(cs_roe)), add(cs_rank(cs_bm), neg(cs_rank(ptb)))), add(neg(cs_rank(cs_debt_at)), add(cs_rank(curr_ratio), neg(cs_rank(cs_accrual)))))' -> Unable to evaluate terminal: cs_accrual.
2026-07-22 11:17:21,572 WARNING: Failed to parse expression: 'add(add(add(cs_rank(cs_roa), cs_rank(cs_roe)), add(cs_rank(cs_bm), neg(cs_rank(cs_pe_exi)))), add(neg(cs_rank(cs_debt_at)), add(cs_rank(cs_current_ratio), neg(cs_rank(cs_accruals)))))' -> Unable to evaluate terminal: cs_pe_exi.
2026-07-22 11:17:21,573 WARNING: Failed to parse expression: 'add(add(add(cs_rank(cs_opmargin), cs_rank(cs_roce)), add(cs_rank(cs_bm), cs_rank(cs_ep))), add(add(neg(cs_rank(cs_debt_at)), neg(cs_rank(cs_accruals))), add(cs_rank(cs_cash_at), neg(cs_rank(cs_asset_growth)))))' -> Unable to evaluate terminal: cs_roce.
2026-07-22 11:17:25,294 WARNING: Failed to parse expression: 'sub(add(cs_rank(cs_opmargin), cs_rank(cs_roce)), cs_rank(cs_accruals))' -> Unable to evaluate terminal: cs_roce.
2026-07-22 11:17:32,052 WARNING: Failed to parse expression: 'add(add(add(cs_rank(cs_roa), cs_rank(cs_roe)), add(cs_rank(cs_bm), neg(cs_rank(ptb)))), add(neg(cs_rank(cs_debt_at)), neg(cs_rank(cs_accrual))))' -> Unable to evaluate terminal: cs_accrual.
2026-07-22 11:17:34,254 WARNING: Failed to parse expression: 'mul(add(add(add(cs_rank(cs_roa), cs_rank(cs_roe)), add(cs_rank(cs_bm), neg(cs_rank(ptb)))), add(neg(cs_rank(cs_debt_at)), neg(cs_rank(cs_accrual)))), neg(cs_rank(ts_returns(close, 5))))' -> Unable to evaluate terminal: cs_accrual.
2026-07-22 11:17:34,256 WARNING: Failed to parse expression: 'add(add(add(cs_rank(cs_roa), cs_rank(cs_roe)), add(cs_rank(cs_bm), neg(cs_rank(ptb)))), add(neg(cs_rank(cs_debt_at)), add(cs_rank(curr_ratio), neg(cs_rank(cs_accrual)))))' -> Unable to evaluate terminal: cs_accrual.
2026-07-22 11:17:34,256 WARNING: Failed to parse expression: 'add(add(add(cs_rank(cs_roa), cs_rank(cs_roe)), add(cs_rank(cs_bm), neg(cs_rank(cs_pe_exi)))), add(neg(cs_rank(cs_debt_at)), add(cs_rank(cs_current_ratio), neg(cs_rank(cs_accruals)))))' -> Unable to evaluate terminal: cs_pe_exi.
2026-07-22 11:17:41,670 WARNING: Failed to parse expression: 'sub(add(cs_rank(cs_opmargin), cs_rank(cs_roce)), cs_rank(cs_accruals))' -> Unable to evaluate terminal: cs_roce.
2026-07-22 11:17:43,912 WARNING: Failed to parse expression: 'add(add(add(cs_rank(cs_opmargin), cs_rank(cs_roce)), add(cs_rank(cs_bm), cs_rank(cs_ep))), add(add(neg(cs_rank(cs_debt_at)), neg(cs_rank(cs_accruals))), add(cs_rank(cs_cash_at), neg(cs_rank(cs_asset_growth)))))' -> Unable to evaluate terminal: cs_roce.
2026-07-22 11:17:44,494 WARNING: Failed to parse expression: 'add(add(cs_rank(cs_bm), cs_rank(cs_roce)), add(neg(cs_rank(pe_exi)), neg(cs_rank(cs_leverage))))' -> Unable to evaluate terminal: cs_roce.
2026-07-22 11:17:52,225 WARNING: Failed to parse expression: 'add(add(cs_rank(cs_bm), cs_rank(cs_ep)), add(cs_rank(cs_roce), neg(add(cs_rank(cs_accruals), cs_rank(cs_debt_at)))))' -> Unable to evaluate terminal: cs_roce.
2026-07-22 11:18:03,862 WARNING: Failed to parse expression: 'sub(add(cs_rank(cs_bm), cs_rank(neg(pe_op_dil))), add(cs_rank(cs_accrual), cs_rank(cs_debt_at)))' -> Unable to evaluate terminal: cs_accrual.
2026-07-22 11:18:03,862 WARNING: Failed to parse expression: 'sub(add(cs_rank(neg(ptb)), cs_rank(neg(pe_op_dil))), add(cs_rank(cs_roe), cs_rank(cs_accrual)))' -> Unable to evaluate terminal: cs_accrual.
2026-07-22 11:18:03,862 WARNING: Failed to parse expression: 'sub(cs_rank(add(cs_bm, neg(pe_op_dil))), add(cs_rank(cs_debt_at), cs_rank(cs_accrual)))' -> Unable to evaluate terminal: cs_accrual.
2026-07-22 11:18:07,541 WARNING: Failed to parse expression: 'sub(add(cs_rank(cs_bm), cs_rank(neg(pe_op_dil))), add(cs_rank(cs_accrual), cs_rank(cs_debt_at)))' -> Unable to evaluate terminal: cs_accrual.
2026-07-22 11:18:08,478 WARNING: Failed to parse expression: 'sub(add(cs_rank(neg(ptb)), cs_rank(neg(pe_op_dil))), add(cs_rank(cs_roe), cs_rank(cs_accrual)))' -> Unable to evaluate terminal: cs_accrual.
2026-07-22 11:18:08,478 WARNING: Failed to parse expression: 'sub(cs_rank(add(cs_bm, neg(pe_op_dil))), add(cs_rank(cs_debt_at), cs_rank(cs_accrual)))' -> Unable to evaluate terminal: cs_accrual.
2026-07-22 11:18:16,677 WARNING: Failed to parse expression: 'add(add(neg(cs_rank(cs_accruals)), cs_rank(cs_roa)), cs_rank(cs_gpm))' -> Unable to evaluate terminal: cs_gpm.
2026-07-22 11:18:16,678 WARNING: Failed to parse expression: 'add(cs_rank(cs_roa), add(cs_rank(cs_gpm), neg(cs_rank(cs_accruals))))' -> Unable to evaluate terminal: cs_gpm.
2026-07-22 11:18:16,678 WARNING: Failed to parse expression: 'add(add(neg(cs_rank(cs_accruals)), cs_rank(cs_roa)), cs_rank(cs_gpm))' -> Unable to evaluate terminal: cs_gpm.
2026-07-22 11:18:16,678 WARNING: Failed to parse expression: 'add(add(neg(cs_rank(cs_accruals)), cs_rank(cs_roa)), cs_rank(cs_gpm))' -> Unable to evaluate terminal: cs_gpm.
2026-07-22 11:18:16,678 WARNING: Failed to parse expression: 'add(cs_rank(cs_roa), add(cs_rank(cs_gpm), neg(cs_rank(cs_accruals))))' -> Unable to evaluate terminal: cs_gpm.
2026-07-22 11:18:16,678 WARNING: Failed to parse expression: 'add(add(neg(cs_rank(cs_accruals)), cs_rank(cs_roa)), cs_rank(cs_gpm))' -> Unable to evaluate terminal: cs_gpm.
2026-07-22 11:18:53,075 WARNING: Failed to parse expression: 'add(add(cs_rank(neg(cs_accruals)), cs_rank(cs_roce)), cs_rank(neg(cs_leverage)))' -> Unable to evaluate terminal: cs_roce.
2026-07-22 11:19:02,506 WARNING: Failed to parse expression: 'add(sub(cs_rank(cs_roa), cs_rank(cs_accruals)), cs_rank(cs_gpm))' -> Unable to evaluate terminal: cs_gpm.
2026-07-22 11:19:02,507 WARNING: Failed to parse expression: 'add(add(sub(cs_rank(cs_roa), cs_rank(cs_accruals)), cs_rank(cs_gpm)), cs_rank(cs_gp_at))' -> Unable to evaluate terminal: cs_gpm.
2026-07-22 11:19:02,507 WARNING: Failed to parse expression: 'add(cs_rank(cs_roa), cs_rank(cs_gpm))' -> Unable to evaluate terminal: cs_gpm.
2026-07-22 11:19:05,308 WARNING: Failed to parse expression: 'add(add(cs_rank(neg(debt_at)), cs_rank(curr_ratio)), add(cs_rank(cash_at), cs_rank(roe)))' -> Unable to evaluate terminal: cash_at.
2026-07-22 11:19:05,309 WARNING: Failed to parse expression: 'add(add(cs_rank(neg(debt_at)), cs_rank(curr_ratio)), add(cs_rank(cash_at), cs_rank(neg(accrual))))' -> Unable to evaluate terminal: cash_at.
2026-07-22 11:19:05,309 WARNING: Failed to parse expression: 'add(add(cs_rank(neg(debt_at)), cs_rank(cash_at)), add(cs_rank(curr_ratio), cs_rank(bm)))' -> Unable to evaluate terminal: cash_at.
2026-07-22 11:19:10,005 WARNING: Failed to parse expression: 'add(sub(cs_rank(cs_roa), cs_rank(cs_accruals)), cs_rank(cs_gpm))' -> Unable to evaluate terminal: cs_gpm.
2026-07-22 11:19:10,005 WARNING: Failed to parse expression: 'add(add(sub(cs_rank(cs_roa), cs_rank(cs_accruals)), cs_rank(cs_gpm)), cs_rank(cs_gp_at))' -> Unable to evaluate terminal: cs_gpm.
2026-07-22 11:19:11,060 WARNING: Failed to parse expression: 'add(cs_rank(cs_roa), cs_rank(cs_gpm))' -> Unable to evaluate terminal: cs_gpm.
2026-07-22 11:19:19,026 WARNING: Failed to parse expression: 'add(add(cs_rank(neg(debt_at)), cs_rank(curr_ratio)), add(cs_rank(cash_at), cs_rank(roe)))' -> Unable to evaluate terminal: cash_at.
2026-07-22 11:19:20,226 WARNING: Failed to parse expression: 'add(add(cs_rank(neg(debt_at)), cs_rank(curr_ratio)), add(cs_rank(cash_at), cs_rank(neg(accrual))))' -> Unable to evaluate terminal: cash_at.
2026-07-22 11:19:20,227 WARNING: Failed to parse expression: 'add(add(cs_rank(neg(debt_at)), cs_rank(cash_at)), add(cs_rank(curr_ratio), cs_rank(bm)))' -> Unable to evaluate terminal: cash_at.
2026-07-22 11:19:21,326 WARNING: Failed to parse expression: 'add(add(cs_rank(neg(cs_debt_at)), cs_rank(curr_ratio)), add(cs_rank(cash_at), cs_rank(neg(cs_accruals))))' -> Unable to evaluate terminal: cash_at.
2026-07-22 11:19:21,328 WARNING: Failed to parse expression: 'add(add(cs_rank(neg(cs_debt_at)), cs_rank(curr_ratio)), add(cs_rank(cash_at), cs_rank(roe)))' -> Unable to evaluate terminal: cash_at.
2026-07-22 11:19:21,329 WARNING: Failed to parse expression: 'add(add(cs_rank(cs_debt_at), cs_rank(neg(curr_ratio))), add(cs_rank(neg(cash_at)), cs_rank(roe)))' -> Unable to evaluate terminal: cash_at.
2026-07-22 11:19:21,330 WARNING: Failed to parse expression: 'add(add(cs_rank(curr_ratio), cs_rank(cash_at)), add(cs_rank(roe), cs_rank(cs_roa)))' -> Unable to evaluate terminal: cash_at.
2026-07-22 11:19:21,331 WARNING: Failed to parse expression: 'add(add(cs_rank(debt_at), cs_rank(neg(curr_ratio))), add(cs_rank(roe), cs_rank(cash_at)))' -> Unable to evaluate terminal: cash_at.
2026-07-22 11:19:21,331 WARNING: Failed to parse expression: 'add(add(cs_rank(curr_ratio), cs_rank(roe)), cs_rank(cash_at))' -> Unable to evaluate terminal: cash_at.
2026-07-22 11:19:24,804 WARNING: Failed to parse expression: 'add(add(cs_rank(neg(cs_accruals)), cs_rank(cs_roa)), cs_rank(cs_gpm))' -> Unable to evaluate terminal: cs_gpm.
2026-07-22 11:19:24,805 WARNING: Failed to parse expression: 'add(add(cs_rank(neg(cs_accruals)), cs_rank(cs_roa)), cs_rank(cs_gpm))' -> Unable to evaluate terminal: cs_gpm.
2026-07-22 11:19:25,946 WARNING: Failed to parse expression: 'add(add(cs_rank(cs_bm), cs_rank(cs_roce)), neg(cs_rank(cs_asset_growth)))' -> Unable to evaluate terminal: cs_roce.
2026-07-22 11:19:27,338 WARNING: Failed to parse expression: 'add(add(cs_rank(neg(cs_debt_at)), cs_rank(curr_ratio)), add(cs_rank(cash_at), cs_rank(neg(cs_accruals))))' -> Unable to evaluate terminal: cash_at.
2026-07-22 11:19:27,338 WARNING: Failed to parse expression: 'add(add(cs_rank(neg(cs_debt_at)), cs_rank(curr_ratio)), add(cs_rank(cash_at), cs_rank(roe)))' -> Unable to evaluate terminal: cash_at.
2026-07-22 11:19:27,338 WARNING: Failed to parse expression: 'add(add(cs_rank(cs_debt_at), cs_rank(neg(curr_ratio))), add(cs_rank(neg(cash_at)), cs_rank(roe)))' -> Unable to evaluate terminal: cash_at.
2026-07-22 11:19:27,339 WARNING: Failed to parse expression: 'add(add(cs_rank(curr_ratio), cs_rank(cash_at)), add(cs_rank(roe), cs_rank(cs_roa)))' -> Unable to evaluate terminal: cash_at.
2026-07-22 11:19:29,805 WARNING: Failed to parse expression: 'add(add(cs_rank(neg(ptb)), cs_rank(cs_bm)), add(cs_rank(cs_roa), add(cs_rank(curr_ratio), neg(cs_rank(cs_accrual)))) )' -> Unable to evaluate terminal: cs_accrual.
2026-07-22 11:19:29,806 WARNING: Failed to parse expression: 'add(add(cs_rank(cs_roa), cs_rank(curr_ratio)), add(cs_rank(neg(cs_debt_at)), cs_rank(neg(cs_accrual))))' -> Unable to evaluate terminal: cs_accrual.
2026-07-22 11:19:29,933 WARNING: Failed to parse expression: 'add(add(cs_rank(debt_at), cs_rank(neg(curr_ratio))), add(cs_rank(roe), cs_rank(cash_at)))' -> Unable to evaluate terminal: cash_at.
2026-07-22 11:19:29,936 WARNING: Failed to parse expression: 'add(add(cs_rank(curr_ratio), cs_rank(roe)), cs_rank(cash_at))' -> Unable to evaluate terminal: cash_at.
2026-07-22 11:19:37,320 WARNING: Failed to parse expression: 'add(add(add(cs_rank(cs_roce), cs_rank(cs_gpmargin)), add(cs_rank(cs_cash_at), cs_rank(cs_current_ratio))), add(add(neg(cs_rank(cs_accruals)), neg(cs_rank(cs_leverage))), neg(cs_rank(cs_asset_growth))))' -> Unable to evaluate terminal: cs_roce.
2026-07-22 11:19:37,795 WARNING: Failed to parse expression: 'add(add(cs_rank(neg(ptb)), cs_rank(cs_bm)), add(cs_rank(cs_roa), add(cs_rank(curr_ratio), neg(cs_rank(cs_accrual)))) )' -> Unable to evaluate terminal: cs_accrual.
2026-07-22 11:19:37,796 WARNING: Failed to parse expression: 'add(add(cs_rank(cs_roa), cs_rank(curr_ratio)), add(cs_rank(neg(cs_debt_at)), cs_rank(neg(cs_accrual))))' -> Unable to evaluate terminal: cs_accrual.
2026-07-22 11:19:53,454 WARNING: Failed to parse expression: 'sub(add(cs_rank(cs_bm), cs_rank(cs_roa)), add(cs_rank(cs_asset_growth), cs_rank(cs_accrual)))' -> Unable to evaluate terminal: cs_accrual.
2026-07-22 11:19:58,745 WARNING: Failed to parse expression: 'sub(add(cs_rank(cs_bm), cs_rank(cs_roa)), add(cs_rank(cs_asset_growth), cs_rank(cs_accrual)))' -> Unable to evaluate terminal: cs_accrual.
2026-07-22 11:20:07,429 WARNING: Failed to parse expression: 'add(add(cs_rank(cs_ep), neg(cs_rank(pe_op_dil))), add(cs_rank(cs_gpm), neg(cs_rank(cs_debt_at))))' -> Unable to evaluate terminal: cs_gpm.
2026-07-22 11:20:13,448 WARNING: Failed to parse expression: 'add(add(cs_rank(cs_ep), neg(cs_rank(pe_op_dil))), add(cs_rank(cs_gpm), neg(cs_rank(cs_debt_at))))' -> Unable to evaluate terminal: cs_gpm.
2026-07-22 11:20:28,001 WARNING: Arity-incomplete expression rejected at parse: 'add(neg(cs_rank(ts_returns(close, 1))), mul(0.25, neg(cs_rank(ts_max(abs_val(ts_returns(close, 5))), 5))))'
2026-07-22 11:20:28,478 WARNING: Failed to parse expression: 'add(add(cs_rank(neg(debt_at)), cs_rank(curr_ratio)), add(cs_rank(cash_at), cs_rank(roe)))' -> Unable to evaluate terminal: cash_at.
2026-07-22 11:20:28,479 WARNING: Failed to parse expression: 'add(add(cs_rank(neg(debt_at)), cs_rank(curr_ratio)), add(cs_rank(cash_at), cs_rank(neg(accrual))))' -> Unable to evaluate terminal: cash_at.
2026-07-22 11:20:28,479 WARNING: Failed to parse expression: 'add(add(cs_rank(curr_ratio), cs_rank(cash_at)), add(cs_rank(roe), cs_rank(neg(debt_at))))' -> Unable to evaluate terminal: cash_at.
2026-07-22 11:20:37,959 WARNING: Failed to parse expression: 'add(add(cs_rank(neg(debt_at)), cs_rank(curr_ratio)), add(cs_rank(cash_at), cs_rank(roe)))' -> Unable to evaluate terminal: cash_at.
2026-07-22 11:20:40,622 WARNING: Failed to parse expression: 'add(add(cs_rank(neg(debt_at)), cs_rank(curr_ratio)), add(cs_rank(cash_at), cs_rank(neg(accrual))))' -> Unable to evaluate terminal: cash_at.
2026-07-22 11:20:40,623 WARNING: Failed to parse expression: 'add(add(cs_rank(curr_ratio), cs_rank(cash_at)), add(cs_rank(roe), cs_rank(neg(debt_at))))' -> Unable to evaluate terminal: cash_at.
2026-07-22 11:21:06,726 WARNING: Failed to parse expression: 'add(add(add(cs_rank(cs_roa), cs_rank(cs_roe)), add(cs_rank(cs_gp_at), cs_rank(cs_cash_at))), add(neg(cs_rank(debt_at)), add(neg(cs_rank(cs_accrual)), neg(cs_rank(cs_asset_growth)))))' -> Unable to evaluate terminal: cs_accrual.
2026-07-22 11:21:06,726 WARNING: Failed to parse expression: 'add(add(cs_rank(cs_bm), cs_rank(bm)), add(neg(cs_rank(debt_at)), neg(cs_rank(cs_accrual))))' -> Unable to evaluate terminal: cs_accrual.
2026-07-22 11:21:06,726 WARNING: Failed to parse expression: 'add(add(add(cs_rank(cs_bm), cs_rank(cs_roa)), cs_rank(cs_cash_at)), add(neg(cs_rank(debt_at)), add(neg(cs_rank(cs_accrual)), neg(cs_rank(cs_asset_growth)))))' -> Unable to evaluate terminal: cs_accrual.
2026-07-22 11:21:06,726 WARNING: Failed to parse expression: 'add(add(add(cs_rank(cs_roa), cs_rank(cs_roe)), add(cs_rank(cs_cash_at), cs_rank(cs_bm))), add(add(cs_rank(bm), neg(cs_rank(debt_at))), add(neg(cs_rank(cs_accrual)), neg(cs_rank(cs_asset_growth)))))' -> Unable to evaluate terminal: cs_accrual.
2026-07-22 11:21:09,549 WARNING: Arity-incomplete expression rejected at parse: 'add(neg(cs_rank(ts_returns(close, 1))), mul(0.25, neg(cs_rank(ts_max(abs_val(ts_returns(close, 5))), 5))))'
2026-07-22 11:21:15,062 WARNING: Failed to parse expression: 'add(add(add(cs_rank(cs_roa), cs_rank(cs_roe)), add(cs_rank(cs_gp_at), cs_rank(cs_cash_at))), add(neg(cs_rank(debt_at)), add(neg(cs_rank(cs_accrual)), neg(cs_rank(cs_asset_growth)))))' -> Unable to evaluate terminal: cs_accrual.
2026-07-22 11:21:15,062 WARNING: Failed to parse expression: 'add(add(cs_rank(cs_bm), cs_rank(bm)), add(neg(cs_rank(debt_at)), neg(cs_rank(cs_accrual))))' -> Unable to evaluate terminal: cs_accrual.
2026-07-22 11:21:15,063 WARNING: Failed to parse expression: 'add(add(add(cs_rank(cs_bm), cs_rank(cs_roa)), cs_rank(cs_cash_at)), add(neg(cs_rank(debt_at)), add(neg(cs_rank(cs_accrual)), neg(cs_rank(cs_asset_growth)))))' -> Unable to evaluate terminal: cs_accrual.
2026-07-22 11:21:15,063 WARNING: Failed to parse expression: 'add(add(add(cs_rank(cs_roa), cs_rank(cs_roe)), add(cs_rank(cs_cash_at), cs_rank(cs_bm))), add(add(cs_rank(bm), neg(cs_rank(debt_at))), add(neg(cs_rank(cs_accrual)), neg(cs_rank(cs_asset_growth)))))' -> Unable to evaluate terminal: cs_accrual.
2026-07-22 11:21:18,486 WARNING: Arity-incomplete expression rejected at parse: 'add(neg(cs_rank(ts_returns(close, 1))), mul(0.25, neg(cs_rank(ts_max(abs_val(ts_returns(close, 5))), 5))))'
2026-07-22 11:21:19,300 WARNING: Failed to parse expression: 'add(add(neg(cs_rank(cs_asset_growth)), mul(0.4, cs_rank(cs_roce))), add(mul(0.3, cs_rank(cs_opmargin)), mul(0.3, cs_rank(cs_cash_at))))' -> Unable to evaluate terminal: cs_roce.
2026-07-22 11:21:32,832 WARNING: Failed to parse expression: 'add(add(add(cs_rank(cs_roe), cs_rank(cs_roa)), add(cs_rank(cs_gpm), cs_rank(curr_ratio))), add(neg(cs_rank(cs_accruals)), neg(cs_rank(cs_debt_at))))' -> Unable to evaluate terminal: cs_gpm.
2026-07-22 11:21:38,385 WARNING: Failed to parse expression: 'add(add(add(cs_rank(cs_roe), cs_rank(cs_roa)), add(cs_rank(cs_gpm), cs_rank(curr_ratio))), add(neg(cs_rank(cs_accruals)), neg(cs_rank(cs_debt_at))))' -> Unable to evaluate terminal: cs_gpm.
2026-07-22 11:21:49,777 WARNING: Failed to parse expression: 'add(neg(cs_rank(abs_val(spread))), neg(cs_rank(log_abs(ask))) )' -> Unable to evaluate terminal: spread.
2026-07-22 11:22:03,060 WARNING: Failed to parse expression: 'sub(add(cs_rank(cs_roa), cs_rank(cs_gpm)), add(cs_rank(cs_asset_growth), cs_rank(cs_leverage)))' -> Unable to evaluate terminal: cs_gpm.
2026-07-22 11:22:03,062 WARNING: Failed to parse expression: 'sub(add(add(cs_rank(cs_roa), cs_rank(cs_gpm)), add(cs_rank(cs_cash_at), cs_rank(cs_current_ratio))), add(cs_rank(cs_asset_growth), cs_rank(cs_accruals)))' -> Unable to evaluate terminal: cs_gpm.
2026-07-22 11:22:06,689 WARNING: Failed to parse expression: 'sub(add(cs_rank(cs_roa), cs_rank(cs_gpm)), add(cs_rank(cs_asset_growth), cs_rank(cs_leverage)))' -> Unable to evaluate terminal: cs_gpm.
2026-07-22 11:22:08,797 WARNING: Failed to parse expression: 'sub(add(add(cs_rank(cs_roa), cs_rank(cs_gpm)), add(cs_rank(cs_cash_at), cs_rank(cs_current_ratio))), add(cs_rank(cs_asset_growth), cs_rank(cs_accruals)))' -> Unable to evaluate terminal: cs_gpm.
2026-07-22 11:22:17,223 WARNING: Failed to parse expression: 'add(add(add(cs_rank(cs_roe), cs_rank(cs_roa)), add(cs_rank(bm), neg(cs_rank(debt_at)))), add(add(neg(cs_rank(cs_accrual)), cs_rank(curr_ratio)), neg(cs_rank(cs_asset_growth))))' -> Unable to evaluate terminal: cs_accrual.
2026-07-22 11:22:17,224 WARNING: Failed to parse expression: 'add(add(add(cs_rank(cs_roe), cs_rank(roa)), add(cs_rank(bm), neg(cs_rank(debt_at)))), neg(cs_rank(cs_accrual)))' -> Unable to evaluate terminal: cs_accrual.
2026-07-22 11:22:17,226 WARNING: Failed to parse expression: 'add(add(add(cs_rank(cs_roe), cs_rank(cs_roa)), add(cs_rank(bm), neg(cs_rank(debt_at)))), add(add(neg(cs_rank(cs_accrual)), cs_rank(curr_ratio)), neg(cs_rank(cs_asset_growth))))' -> Unable to evaluate terminal: cs_accrual.
2026-07-22 11:22:17,226 WARNING: Failed to parse expression: 'add(add(add(cs_rank(cs_roe), cs_rank(roa)), add(cs_rank(bm), neg(cs_rank(debt_at)))), neg(cs_rank(cs_accrual)))' -> Unable to evaluate terminal: cs_accrual.
2026-07-22 11:22:36,015 WARNING: Failed to parse expression: 'add(add(cs_rank(neg(cs_asset_growth)), cs_rank(cs_roa)), add(cs_rank(neg(cs_accruals)), cs_rank(cs_curr_ratio)))' -> Unable to evaluate terminal: cs_curr_ratio.
2026-07-22 11:22:36,017 WARNING: Failed to parse expression: 'add(add(cs_rank(neg(cs_asset_growth)), cs_rank(cs_roa)), add(cs_rank(neg(cs_accruals)), cs_rank(cs_curr_ratio)))' -> Unable to evaluate terminal: cs_curr_ratio.
2026-07-22 11:22:56,681 WARNING: Failed to parse expression: 'add(add(cs_rank(cs_bm), cs_rank(neg(pe_exi))), add(cs_rank(cs_roce), add(neg(cs_rank(cs_accruals)), neg(cs_rank(cs_debt_at)))))' -> Unable to evaluate terminal: cs_roce.
2026-07-22 11:22:59,259 WARNING: Failed to parse expression: 'add(sub(cs_rank(cs_roa), cs_rank(cs_accruals)), cs_rank(cs_gpm))' -> Unable to evaluate terminal: cs_gpm.
2026-07-22 11:22:59,260 WARNING: Failed to parse expression: 'add(sub(cs_rank(cs_roa), cs_rank(cs_accruals)), cs_rank(cs_gpm))' -> Unable to evaluate terminal: cs_gpm.
2026-07-22 11:22:59,260 WARNING: Failed to parse expression: 'add(sub(cs_rank(cs_roa), cs_rank(cs_accruals)), cs_rank(cs_gpm))' -> Unable to evaluate terminal: cs_gpm.
2026-07-22 11:22:59,592 WARNING: Failed to parse expression: 'sub(add(add(add(cs_rank(cs_roa), cs_rank(cs_roe)), add(cs_rank(cs_opmargin), cs_rank(cs_gpmargin))), add(cs_rank(cs_gprof), cs_rank(cs_cash_at))), add(add(cs_rank(cs_accruals), cs_rank(cs_debt_at)), cs_rank(cs_leverage)))' -> Unable to evaluate terminal: cs_gprof.
2026-07-22 11:23:00,537 WARNING: Failed to parse expression: 'add(sub(cs_rank(cs_roa), cs_rank(cs_accruals)), cs_rank(cs_gpm))' -> Unable to evaluate terminal: cs_gpm.
2026-07-22 11:23:01,879 WARNING: Failed to parse expression: 'add(add(cs_rank(neg(ts_std(returns,20))), cs_rank(cs_roa)), add(cs_rank(cs_gpm), cs_rank(neg(cs_debt_at))))' -> Unable to evaluate terminal: cs_gpm.
2026-07-22 11:23:02,976 WARNING: Failed to parse expression: 'add(sub(cs_rank(cs_roa), cs_rank(cs_accruals)), cs_rank(cs_gpm))' -> Unable to evaluate terminal: cs_gpm.
2026-07-22 11:23:02,977 WARNING: Failed to parse expression: 'add(sub(cs_rank(cs_roa), cs_rank(cs_accruals)), cs_rank(cs_gpm))' -> Unable to evaluate terminal: cs_gpm.
2026-07-22 11:23:05,870 WARNING: Arity-incomplete expression rejected at parse: 'add(add(cs_rank(ts_returns(close, 20)), cs_rank(sub(close, ts_max(close, 20)))), cs_rank(ts_mean(volume, 5))), cs_rank(dollar_volume))'
2026-07-22 11:23:10,652 WARNING: Failed to parse expression: 'sub(add(cs_rank(cs_gpmargin), cs_rank(cs_roce)), add(cs_rank(cs_accruals), cs_rank(ps)))' -> Unable to evaluate terminal: cs_roce.
2026-07-22 11:23:23,567 WARNING: Failed to parse expression: 'add(add(cs_rank(roe), cs_rank(cash_at)), add(cs_rank(curr_ratio), add(neg(cs_rank(debt_at)), neg(cs_rank(accrual)))))' -> Unable to evaluate terminal: cash_at.
2026-07-22 11:23:27,668 WARNING: Failed to parse expression: 'add(add(cs_rank(cs_bm), cs_rank(cs_ep)), add(cs_rank(cs_roce), add(neg(cs_rank(cs_accruals)), neg(cs_rank(cs_debt_at)))))' -> Unable to evaluate terminal: cs_roce.
2026-07-22 11:23:27,669 WARNING: Failed to parse expression: 'add(cs_rank(dollar_volume), cs_rank(num_trades))' -> Unable to evaluate terminal: num_trades.
2026-07-22 11:23:33,844 WARNING: Failed to parse expression: 'add(add(cs_rank(roe), cs_rank(cash_at)), add(cs_rank(curr_ratio), add(neg(cs_rank(debt_at)), neg(cs_rank(accrual)))))' -> Unable to evaluate terminal: cash_at.
2026-07-22 11:23:34,687 WARNING: Failed to parse expression: 'add(add(cs_rank(neg(ts_std(returns,20))), cs_rank(cs_roa)), add(cs_rank(cs_gpm), cs_rank(neg(cs_debt_at))))' -> Unable to evaluate terminal: cs_gpm.
2026-07-22 11:23:36,901 WARNING: Arity-incomplete expression rejected at parse: 'add(add(cs_rank(ts_returns(close,20)), cs_rank(safe_div(sub(close, ts_min(low,20)), add(ts_max(high,20), 1e-6)))), cs_rank(ts_mean(volume,10))), neg(cs_rank(market_cap)))'
2026-07-22 11:23:48,591 WARNING: Failed to parse expression: 'add(add(cs_rank(cs_gp_at), cs_rank(cs_cash_at)), sub(cs_rank(cs_roce), add(cs_rank(cs_leverage), cs_rank(cs_accruals))))' -> Unable to evaluate terminal: cs_roce.
2026-07-22 11:23:54,868 WARNING: Failed to parse expression: 'sub(add(cs_rank(cs_gpmargin), cs_rank(cs_roce)), add(cs_rank(cs_accruals), cs_rank(ps)))' -> Unable to evaluate terminal: cs_roce.
2026-07-22 11:23:55,425 WARNING: Failed to parse expression: 'add(add(cs_rank(cs_bm), cs_rank(cs_ep)), add(cs_rank(cs_roce), add(neg(cs_rank(cs_accruals)), neg(cs_rank(cs_debt_at)))))' -> Unable to evaluate terminal: cs_roce.
2026-07-22 11:23:55,426 WARNING: Failed to parse expression: 'add(cs_rank(dollar_volume), cs_rank(num_trades))' -> Unable to evaluate terminal: num_trades.
2026-07-22 11:24:03,944 WARNING: Failed to parse expression: 'sub(add(cs_rank(cs_gpmargin), cs_rank(cs_roce)), add(cs_rank(cs_accruals), cs_rank(ps)))' -> Unable to evaluate terminal: cs_roce.
2026-07-22 11:24:11,362 WARNING: Failed to parse expression: 'add(add(cs_rank(cs_bm), cs_rank(cs_roce)), add(neg(cs_rank(pe_op_dil)), add(neg(cs_rank(ts_returns(close, 5))), cs_rank(cs_current_ratio))))' -> Unable to evaluate terminal: cs_roce.
2026-07-22 11:24:15,849 WARNING: Failed to parse expression: 'add(add(cs_rank(cs_debt_at), cs_rank(neg(cs_cash_at))), add(cs_rank(neg(cs_roce)), neg(cs_rank(cs_current_ratio))))' -> Unable to evaluate terminal: cs_roce.
2026-07-22 11:24:37,329 WARNING: Failed to parse expression: 'add(add(cs_rank(cs_gp_at), cs_rank(cs_cash_at)), sub(cs_rank(cs_roce), add(cs_rank(cs_leverage), cs_rank(cs_accruals))))' -> Unable to evaluate terminal: cs_roce.
2026-07-22 11:24:37,330 WARNING: Failed to parse expression: 'add(add(cs_rank(cs_roa), cs_rank(cs_bm)), neg(add(cs_rank(cs_accrual), cs_rank(debt_at))))' -> Unable to evaluate terminal: cs_accrual.
2026-07-22 11:24:37,331 WARNING: Failed to parse expression: 'add(add(cs_rank(cs_roa), cs_rank(cs_roe)), neg(add(cs_rank(cs_accrual), cs_rank(debt_at))))' -> Unable to evaluate terminal: cs_accrual.
2026-07-22 11:24:37,333 WARNING: Failed to parse expression: 'mul(add(add(cs_rank(cs_roa), cs_rank(cs_bm)), neg(add(cs_rank(cs_accrual), cs_rank(debt_at)))), neg(cs_rank(ts_returns(close, 5))))' -> Unable to evaluate terminal: cs_accrual.
2026-07-22 11:24:37,334 WARNING: Failed to parse expression: 'add(neg(cs_rank(cs_accrual)), add(neg(cs_rank(debt_at)), cs_rank(bm)))' -> Unable to evaluate terminal: cs_accrual.
2026-07-22 11:24:37,334 WARNING: Failed to parse expression: 'add(add(cs_rank(cs_roa), cs_rank(cs_bm)), neg(add(cs_rank(cs_accrual), cs_rank(debt_at))))' -> Unable to evaluate terminal: cs_accrual.
2026-07-22 11:24:37,334 WARNING: Failed to parse expression: 'add(add(cs_rank(cs_roa), cs_rank(cs_roe)), neg(add(cs_rank(cs_accrual), cs_rank(debt_at))))' -> Unable to evaluate terminal: cs_accrual.
2026-07-22 11:24:37,334 WARNING: Failed to parse expression: 'add(add(cs_rank(cs_roa), cs_rank(cs_npm)), add(cs_rank(cs_gpm), neg(add(cs_rank(cs_debt_at), cs_rank(cs_accruals)))))' -> Unable to evaluate terminal: cs_npm.
2026-07-22 11:24:37,335 WARNING: Failed to parse expression: 'add(add(cs_rank(cs_roa), cs_rank(cs_npm)), add(cs_rank(cs_gpm), add(neg(cs_rank(cs_accruals)), neg(cs_rank(cs_debt_at)))))' -> Unable to evaluate terminal: cs_npm.
2026-07-22 11:24:43,811 WARNING: Failed to parse expression: 'add(add(cs_rank(cs_gp_at), cs_rank(cs_cash_at)), sub(cs_rank(cs_roce), add(cs_rank(cs_leverage), cs_rank(cs_accruals))))' -> Unable to evaluate terminal: cs_roce.
2026-07-22 11:24:43,811 WARNING: Failed to parse expression: 'add(add(cs_rank(cs_roa), cs_rank(cs_bm)), neg(add(cs_rank(cs_accrual), cs_rank(debt_at))))' -> Unable to evaluate terminal: cs_accrual.
2026-07-22 11:24:43,812 WARNING: Failed to parse expression: 'add(add(cs_rank(cs_roa), cs_rank(cs_roe)), neg(add(cs_rank(cs_accrual), cs_rank(debt_at))))' -> Unable to evaluate terminal: cs_accrual.
2026-07-22 11:24:43,812 WARNING: Failed to parse expression: 'mul(add(add(cs_rank(cs_roa), cs_rank(cs_bm)), neg(add(cs_rank(cs_accrual), cs_rank(debt_at)))), neg(cs_rank(ts_returns(close, 5))))' -> Unable to evaluate terminal: cs_accrual.
2026-07-22 11:24:43,813 WARNING: Failed to parse expression: 'add(neg(cs_rank(cs_accrual)), add(neg(cs_rank(debt_at)), cs_rank(bm)))' -> Unable to evaluate terminal: cs_accrual.
2026-07-22 11:24:43,813 WARNING: Failed to parse expression: 'add(add(cs_rank(cs_roa), cs_rank(cs_bm)), neg(add(cs_rank(cs_accrual), cs_rank(debt_at))))' -> Unable to evaluate terminal: cs_accrual.
2026-07-22 11:24:43,813 WARNING: Failed to parse expression: 'add(add(cs_rank(cs_roa), cs_rank(cs_roe)), neg(add(cs_rank(cs_accrual), cs_rank(debt_at))))' -> Unable to evaluate terminal: cs_accrual.
2026-07-22 11:24:43,813 WARNING: Failed to parse expression: 'add(add(cs_rank(cs_roa), cs_rank(cs_npm)), add(cs_rank(cs_gpm), neg(add(cs_rank(cs_debt_at), cs_rank(cs_accruals)))))' -> Unable to evaluate terminal: cs_npm.
2026-07-22 11:24:47,271 WARNING: Failed to parse expression: 'add(add(cs_rank(cs_roa), cs_rank(cs_npm)), add(cs_rank(cs_gpm), add(neg(cs_rank(cs_accruals)), neg(cs_rank(cs_debt_at)))))' -> Unable to evaluate terminal: cs_npm.
2026-07-22 11:24:48,955 WARNING: Failed to parse expression: 'add(add(cs_rank(cs_bm), cs_rank(cs_roce)), add(neg(cs_rank(ps)), add(neg(cs_rank(cs_accruals)), neg(cs_rank(cs_asset_growth)))))' -> Unable to evaluate terminal: cs_roce.
2026-07-22 11:24:55,003 WARNING: Failed to parse expression: 'add(add(cs_rank(ts_returns(close, 20)), cs_rank(ts_returns(close, 5))), sub(cs_rank(dollar_volume), cs_rank(cs_accrual)))' -> Unable to evaluate terminal: cs_accrual.
2026-07-22 11:24:55,003 WARNING: Failed to parse expression: 'add(cs_rank(dollar_volume), neg(cs_rank(cs_accrual)))' -> Unable to evaluate terminal: cs_accrual.
2026-07-22 11:24:58,781 WARNING: Arity-incomplete expression rejected at parse: 'add(add(cs_rank(ts_returns(close,20)), cs_rank(safe_div(sub(close, ts_min(close,20)), add(ts_max(close,20), 0.0001)))), cs_rank(ts_rank(volume,20))), cs_rank(add(cs_rank(dollar_volume), cs_rank(neg(cs_accruals)))))'
2026-07-22 11:25:00,180 WARNING: Failed to parse expression: 'add(sub(cs_rank(cs_roa), cs_rank(cs_accruals)), cs_rank(cs_gpm))' -> Unable to evaluate terminal: cs_gpm.
2026-07-22 11:25:00,446 WARNING: Failed to parse expression: 'add(add(add(cs_rank(cs_bm), cs_rank(cs_roce)), neg(cs_rank(ts_returns(close, 20)))), add(cs_rank(curr_ratio), neg(cs_rank(pe_op_dil))))' -> Unable to evaluate terminal: cs_roce.
2026-07-22 11:25:04,006 WARNING: Failed to parse expression: 'add(add(add(cs_rank(cs_bm), cs_rank(cs_roce)), neg(cs_rank(ts_returns(close, 20)))), add(cs_rank(curr_ratio), neg(cs_rank(pe_op_dil))))' -> Unable to evaluate terminal: cs_roce.
2026-07-22 11:25:04,145 WARNING: Failed to parse expression: 'add(add(cs_rank(ts_returns(close, 20)), cs_rank(ts_returns(close, 5))), sub(cs_rank(dollar_volume), cs_rank(cs_accrual)))' -> Unable to evaluate terminal: cs_accrual.
2026-07-22 11:25:04,146 WARNING: Failed to parse expression: 'add(cs_rank(dollar_volume), neg(cs_rank(cs_accrual)))' -> Unable to evaluate terminal: cs_accrual.
2026-07-22 11:25:09,579 WARNING: Failed to parse expression: 'add(add(cs_rank(cs_roa), cs_rank(cs_curr_ratio)), add(neg(cs_rank(cs_accruals)), neg(cs_rank(cs_debt_at))))' -> Unable to evaluate terminal: cs_curr_ratio.
2026-07-22 11:25:25,303 WARNING: Arity-incomplete expression rejected at parse: 'add(add(add(cs_rank(ts_returns(close,20)), cs_rank(safe_div(sub(close, ts_min(close,20)), add(ts_max(close,20), 0.0001)))), cs_rank(ts_rank(volume,20))), cs_rank(neg(cs_accruals))), cs_rank(cs_roa))'
2026-07-22 11:25:31,061 WARNING: Failed to parse expression: 'add(sub(cs_rank(cs_roa), cs_rank(cs_accruals)), cs_rank(cs_gpm))' -> Unable to evaluate terminal: cs_gpm.
2026-07-22 11:25:37,764 WARNING: Failed to parse expression: 'add(add(cs_rank(cs_roa), cs_rank(cs_curr_ratio)), add(neg(cs_rank(cs_accruals)), neg(cs_rank(cs_debt_at))))' -> Unable to evaluate terminal: cs_curr_ratio.
2026-07-22 11:25:49,985 WARNING: Failed to parse expression: 'add(add(cs_rank(cs_ep), neg(cs_rank(cs_sp))), add(mul(0.5, cs_rank(cs_roce)), add(mul(0.25, neg(cs_rank(cs_accruals))), mul(0.25, neg(cs_rank(cs_leverage))))))' -> Unable to evaluate terminal: cs_roce.
2026-07-22 11:25:51,604 WARNING: Failed to parse expression: 'add(sub(cs_rank(cs_roa), cs_rank(cs_accruals)), cs_rank(cs_curr_ratio))' -> Unable to evaluate terminal: cs_curr_ratio.
2026-07-22 11:25:53,613 WARNING: Failed to parse expression: 'add(cs_rank(dollar_volume), add(cs_rank(neg(cs_accruals)), add(cs_rank(neg(cs_debt_at)), cs_rank(cs_curr_ratio))))' -> Unable to evaluate terminal: cs_curr_ratio.
2026-07-22 11:25:53,614 WARNING: Failed to parse expression: 'add(add(cs_rank(neg(ts_std(returns, 20))), cs_rank(neg(ts_std(high, 20)))), add(cs_rank(cs_roa), add(cs_rank(neg(cs_debt_at)), add(cs_rank(cs_curr_ratio), cs_rank(neg(cs_accruals))))))' -> Unable to evaluate terminal: cs_curr_ratio.
2026-07-22 11:26:01,009 WARNING: Failed to parse expression: 'add(add(cs_rank(neg(cs_debt_at)), cs_rank(cs_curr_ratio)), add(cs_rank(cs_cash_at), cs_rank(cs_roa)))' -> Unable to evaluate terminal: cs_curr_ratio.
2026-07-22 11:26:01,010 WARNING: Failed to parse expression: 'add(add(cs_rank(neg(cs_debt_at)), cs_rank(cs_curr_ratio)), add(cs_rank(cs_cash_at), cs_rank(cs_roa)))' -> Unable to evaluate terminal: cs_curr_ratio.
2026-07-22 11:26:01,010 WARNING: Failed to parse expression: 'add(add(cs_rank(cs_debt_at), cs_rank(neg(cs_curr_ratio))), add(cs_rank(neg(cs_cash_at)), cs_rank(neg(cs_roa))))' -> Unable to evaluate terminal: cs_curr_ratio.
2026-07-22 11:26:01,010 WARNING: Failed to parse expression: 'add(cs_rank(cs_debt_at), cs_rank(neg(cs_curr_ratio)))' -> Unable to evaluate terminal: cs_curr_ratio.
2026-07-22 11:26:01,011 WARNING: Failed to parse expression: 'add(add(cs_rank(neg(cs_debt_at)), cs_rank(cs_curr_ratio)), add(cs_rank(cs_cash_at), cs_rank(cs_roa)))' -> Unable to evaluate terminal: cs_curr_ratio.
2026-07-22 11:26:01,011 WARNING: Failed to parse expression: 'add(add(cs_rank(neg(cs_debt_at)), cs_rank(cs_curr_ratio)), add(cs_rank(cs_cash_at), cs_rank(cs_roa)))' -> Unable to evaluate terminal: cs_curr_ratio.
2026-07-22 11:26:02,499 WARNING: Failed to parse expression: 'add(sub(cs_rank(cs_roa), cs_rank(cs_accruals)), cs_rank(cs_curr_ratio))' -> Unable to evaluate terminal: cs_curr_ratio.
2026-07-22 11:26:04,813 WARNING: Failed to parse expression: 'add(add(cs_rank(neg(debt_at)), cs_rank(curr_ratio)), add(cs_rank(cash_at), cs_rank(roe)))' -> Unable to evaluate terminal: cash_at.
2026-07-22 11:26:04,814 WARNING: Failed to parse expression: 'add(add(cs_rank(neg(debt_at)), cs_rank(curr_ratio)), add(cs_rank(cash_at), cs_rank(neg(accrual))))' -> Unable to evaluate terminal: cash_at.
2026-07-22 11:26:05,586 WARNING: Failed to parse expression: 'add(add(cs_rank(neg(cs_debt_at)), cs_rank(cs_curr_ratio)), add(cs_rank(cs_cash_at), cs_rank(cs_roa)))' -> Unable to evaluate terminal: cs_curr_ratio.
2026-07-22 11:26:05,586 WARNING: Failed to parse expression: 'add(add(cs_rank(neg(cs_debt_at)), cs_rank(cs_curr_ratio)), add(cs_rank(cs_cash_at), cs_rank(cs_roa)))' -> Unable to evaluate terminal: cs_curr_ratio.
2026-07-22 11:26:05,586 WARNING: Failed to parse expression: 'add(add(cs_rank(cs_debt_at), cs_rank(neg(cs_curr_ratio))), add(cs_rank(neg(cs_cash_at)), cs_rank(neg(cs_roa))))' -> Unable to evaluate terminal: cs_curr_ratio.
2026-07-22 11:26:05,586 WARNING: Failed to parse expression: 'add(cs_rank(cs_debt_at), cs_rank(neg(cs_curr_ratio)))' -> Unable to evaluate terminal: cs_curr_ratio.
2026-07-22 11:26:05,586 WARNING: Failed to parse expression: 'add(add(cs_rank(neg(cs_debt_at)), cs_rank(cs_curr_ratio)), add(cs_rank(cs_cash_at), cs_rank(cs_roa)))' -> Unable to evaluate terminal: cs_curr_ratio.
2026-07-22 11:26:05,587 WARNING: Failed to parse expression: 'add(add(cs_rank(neg(cs_debt_at)), cs_rank(cs_curr_ratio)), add(cs_rank(cs_cash_at), cs_rank(cs_roa)))' -> Unable to evaluate terminal: cs_curr_ratio.
2026-07-22 11:26:10,423 WARNING: Failed to parse expression: 'add(add(neg(cs_rank(cs_accruals)), cs_rank(cs_roa)), cs_rank(cs_gpm))' -> Unable to evaluate terminal: cs_gpm.
2026-07-22 11:26:12,260 WARNING: Failed to parse expression: 'add(add(cs_rank(neg(debt_at)), cs_rank(curr_ratio)), add(cs_rank(cash_at), cs_rank(roe)))' -> Unable to evaluate terminal: cash_at.
2026-07-22 11:26:12,261 WARNING: Failed to parse expression: 'add(add(cs_rank(neg(debt_at)), cs_rank(curr_ratio)), add(cs_rank(cash_at), cs_rank(neg(accrual))))' -> Unable to evaluate terminal: cash_at.
2026-07-22 11:26:21,325 WARNING: Failed to parse expression: 'add(add(cs_rank(cs_bm), cs_rank(neg(ptb))), add(mul(0.4, cs_rank(cs_roe)), mul(-0.25, cs_rank(cs_accrual))))' -> Unable to evaluate terminal: cs_accrual.
2026-07-22 11:26:26,134 WARNING: Failed to parse expression: 'add(add(cs_rank(cs_bm), cs_rank(neg(ptb))), add(mul(0.4, cs_rank(cs_roe)), mul(-0.25, cs_rank(cs_accrual))))' -> Unable to evaluate terminal: cs_accrual.
2026-07-22 11:26:27,668 WARNING: Failed to parse expression: 'add(add(neg(cs_rank(cs_accruals)), cs_rank(cs_roa)), cs_rank(cs_gpm))' -> Unable to evaluate terminal: cs_gpm.
2026-07-22 11:26:29,116 WARNING: Failed to parse expression: 'add(cs_rank(dollar_volume), add(cs_rank(neg(cs_accruals)), add(cs_rank(neg(cs_debt_at)), cs_rank(cs_curr_ratio))))' -> Unable to evaluate terminal: cs_curr_ratio.
2026-07-22 11:26:34,322 WARNING: Failed to parse expression: 'add(add(cs_rank(neg(ts_std(returns, 20))), cs_rank(neg(ts_std(high, 20)))), add(cs_rank(cs_roa), add(cs_rank(neg(cs_debt_at)), add(cs_rank(cs_curr_ratio), cs_rank(neg(cs_accruals))))))' -> Unable to evaluate terminal: cs_curr_ratio.
2026-07-22 11:26:47,420 WARNING: Failed to parse expression: 'sub(cs_rank(neg(cs_accruals)), mul(0.5, cs_rank(neg(cs_roce))))' -> Unable to evaluate terminal: cs_roce.
2026-07-22 11:26:49,357 WARNING: Failed to parse expression: 'add(add(cs_rank(cs_bm), neg(cs_rank(cs_pe_exi))), add(add(cs_rank(cs_roa), cs_rank(cs_roce)), add(neg(cs_rank(cs_leverage)), neg(cs_rank(cs_accruals)))))' -> Unable to evaluate terminal: cs_pe_exi.
2026-07-22 11:26:51,674 WARNING: Failed to parse expression: 'sub(add(cs_rank(cs_accruals), cs_rank(debt_at)), add(cs_rank(cs_roa), cs_rank(cs_curr_ratio)))' -> Unable to evaluate terminal: cs_curr_ratio.
2026-07-22 11:26:54,181 WARNING: Failed to parse expression: 'sub(add(cs_rank(cs_accruals), cs_rank(debt_at)), add(cs_rank(cs_roa), cs_rank(cs_curr_ratio)))' -> Unable to evaluate terminal: cs_curr_ratio.
2026-07-22 11:27:16,590 WARNING: Failed to parse expression: 'sub(cs_rank(neg(cs_accruals)), mul(0.5, cs_rank(neg(cs_roce))))' -> Unable to evaluate terminal: cs_roce.
2026-07-22 11:27:18,919 WARNING: Failed to parse expression: 'sub(cs_rank(neg(cs_accruals)), mul(0.5, cs_rank(neg(cs_roce))))' -> Unable to evaluate terminal: cs_roce.
2026-07-22 11:27:27,127 WARNING: Failed to parse expression: 'add(add(cs_rank(neg(cs_accruals)), cs_rank(cs_gp_at)), cs_rank(cs_gpm))' -> Unable to evaluate terminal: cs_gpm.
2026-07-22 11:27:27,127 WARNING: Failed to parse expression: 'add(add(cs_rank(neg(cs_accruals)), cs_rank(cs_roa)), cs_rank(cs_gpm))' -> Unable to evaluate terminal: cs_gpm.
2026-07-22 11:27:28,572 WARNING: Failed to parse expression: 'add(add(cs_rank(bid), neg(cs_rank(ask))), add(cs_rank(dollar_volume), cs_rank(num_trades)))' -> Unable to evaluate terminal: num_trades.
2026-07-22 11:27:28,574 WARNING: Failed to parse expression: 'add(add(cs_rank(bid), neg(cs_rank(ask))), add(cs_rank(dollar_volume), neg(cs_rank(num_trades))))' -> Unable to evaluate terminal: num_trades.
2026-07-22 11:27:28,574 WARNING: Failed to parse expression: 'add(add(cs_rank(bid), neg(cs_rank(ask))), add(cs_rank(dollar_volume), cs_rank(num_trades)))' -> Unable to evaluate terminal: num_trades.
2026-07-22 11:27:36,544 WARNING: Failed to parse expression: 'add(add(cs_rank(bid), neg(cs_rank(ask))), add(cs_rank(dollar_volume), cs_rank(num_trades)))' -> Unable to evaluate terminal: num_trades.
2026-07-22 11:27:39,760 WARNING: Failed to parse expression: 'add(add(cs_rank(bid), neg(cs_rank(ask))), add(cs_rank(dollar_volume), neg(cs_rank(num_trades))))' -> Unable to evaluate terminal: num_trades.
2026-07-22 11:27:39,761 WARNING: Failed to parse expression: 'add(add(cs_rank(bid), neg(cs_rank(ask))), add(cs_rank(dollar_volume), cs_rank(num_trades)))' -> Unable to evaluate terminal: num_trades.
2026-07-22 11:27:40,700 WARNING: Failed to parse expression: 'sub(add(cs_rank(neg(cs_debt_at)), cs_rank(cs_curr_ratio)), cs_rank(cs_accruals))' -> Unable to evaluate terminal: cs_curr_ratio.
2026-07-22 11:27:40,701 WARNING: Failed to parse expression: 'add(add(cs_rank(neg(cs_debt_at)), cs_rank(cs_curr_ratio)), cs_rank(cs_roa))' -> Unable to evaluate terminal: cs_curr_ratio.
2026-07-22 11:27:40,702 WARNING: Failed to parse expression: 'add(cs_rank(neg(cs_debt_at)), cs_rank(cs_curr_ratio))' -> Unable to evaluate terminal: cs_curr_ratio.
2026-07-22 11:27:40,702 WARNING: Failed to parse expression: 'add(sub(cs_rank(cs_curr_ratio), cs_rank(cs_debt_at)), cs_rank(cs_roa))' -> Unable to evaluate terminal: cs_curr_ratio.
2026-07-22 11:27:40,703 WARNING: Failed to parse expression: 'add(sub(cs_rank(neg(cs_debt_at)), cs_rank(cs_curr_ratio)), cs_rank(cs_roa))' -> Unable to evaluate terminal: cs_curr_ratio.
2026-07-22 11:27:42,085 WARNING: Failed to parse expression: 'sub(add(cs_rank(cs_roa), cs_rank(cs_curr_ratio)), cs_rank(cs_asset_growth))' -> Unable to evaluate terminal: cs_curr_ratio.
2026-07-22 11:27:42,086 WARNING: Failed to parse expression: 'sub(add(cs_rank(cs_roa), cs_rank(cs_curr_ratio)), cs_rank(cs_asset_growth))' -> Unable to evaluate terminal: cs_curr_ratio.
2026-07-22 11:27:42,087 WARNING: Failed to parse expression: 'sub(add(cs_rank(cs_roa), cs_rank(cs_curr_ratio)), cs_rank(cs_asset_growth))' -> Unable to evaluate terminal: cs_curr_ratio.
2026-07-22 11:27:42,227 WARNING: Failed to parse expression: 'add(add(cs_rank(neg(cs_accruals)), cs_rank(cs_gp_at)), cs_rank(cs_gpm))' -> Unable to evaluate terminal: cs_gpm.
2026-07-22 11:27:43,723 WARNING: Failed to parse expression: 'sub(add(cs_rank(cs_roa), cs_rank(cs_curr_ratio)), cs_rank(cs_asset_growth))' -> Unable to evaluate terminal: cs_curr_ratio.
2026-07-22 11:27:45,481 WARNING: Failed to parse expression: 'add(add(cs_rank(neg(cs_accruals)), cs_rank(cs_roa)), cs_rank(cs_gpm))' -> Unable to evaluate terminal: cs_gpm.
2026-07-22 11:27:47,110 WARNING: Failed to parse expression: 'sub(add(cs_rank(cs_roa), cs_rank(cs_curr_ratio)), cs_rank(cs_asset_growth))' -> Unable to evaluate terminal: cs_curr_ratio.
2026-07-22 11:27:47,111 WARNING: Failed to parse expression: 'sub(add(cs_rank(cs_roa), cs_rank(cs_curr_ratio)), cs_rank(cs_asset_growth))' -> Unable to evaluate terminal: cs_curr_ratio.
2026-07-22 11:27:47,682 WARNING: Failed to parse expression: 'add(add(cs_rank(neg(cs_debt_at)), cs_rank(cs_quick_ratio)), cs_rank(cs_roce))' -> Unable to evaluate terminal: cs_quick_ratio.
2026-07-22 11:27:54,712 WARNING: Failed to parse expression: 'sub(add(cs_rank(neg(cs_debt_at)), cs_rank(cs_curr_ratio)), cs_rank(cs_accruals))' -> Unable to evaluate terminal: cs_curr_ratio.
2026-07-22 11:27:54,713 WARNING: Failed to parse expression: 'add(add(cs_rank(neg(cs_debt_at)), cs_rank(cs_curr_ratio)), cs_rank(cs_roa))' -> Unable to evaluate terminal: cs_curr_ratio.
2026-07-22 11:27:54,713 WARNING: Failed to parse expression: 'add(cs_rank(neg(cs_debt_at)), cs_rank(cs_curr_ratio))' -> Unable to evaluate terminal: cs_curr_ratio.
2026-07-22 11:27:54,713 WARNING: Failed to parse expression: 'add(sub(cs_rank(cs_curr_ratio), cs_rank(cs_debt_at)), cs_rank(cs_roa))' -> Unable to evaluate terminal: cs_curr_ratio.
2026-07-22 11:27:54,713 WARNING: Failed to parse expression: 'add(sub(cs_rank(neg(cs_debt_at)), cs_rank(cs_curr_ratio)), cs_rank(cs_roa))' -> Unable to evaluate terminal: cs_curr_ratio.
2026-07-22 11:27:57,164 WARNING: Failed to parse expression: 'add(add(cs_rank(cs_bm), cs_rank(cs_roce)), add(neg(cs_rank(ts_returns(close, 20))), neg(cs_rank(cs_debt_at))))' -> Unable to evaluate terminal: cs_roce.
2026-07-22 11:28:02,491 WARNING: Failed to parse expression: 'add(add(neg(cs_rank(debt_at)), cs_rank(curr_ratio)), add(cs_rank(cash_at), neg(cs_rank(accrual))))' -> Unable to evaluate terminal: cash_at.
2026-07-22 11:28:02,492 WARNING: Failed to parse expression: 'add(add(neg(cs_rank(debt_at)), neg(cs_rank(accrual))), add(cs_rank(curr_ratio), add(cs_rank(roa), cs_rank(cash_at))))' -> Unable to evaluate terminal: cash_at.
2026-07-22 11:28:02,492 WARNING: Failed to parse expression: 'add(cs_rank(curr_ratio), cs_rank(cash_at))' -> Unable to evaluate terminal: cash_at.
2026-07-22 11:28:02,493 WARNING: Failed to parse expression: 'add(add(neg(cs_rank(debt_at)), neg(cs_rank(accrual))), add(cs_rank(cash_at), cs_rank(curr_ratio)))' -> Unable to evaluate terminal: cash_at.
2026-07-22 11:28:02,494 WARNING: Failed to parse expression: 'add(add(neg(cs_rank(debt_at)), neg(cs_rank(accrual))), add(cs_rank(cash_at), add(cs_rank(roa), cs_rank(roe))))' -> Unable to evaluate terminal: cash_at.
2026-07-22 11:28:02,494 WARNING: Failed to parse expression: 'add(add(neg(cs_rank(cs_asset_growth)), neg(cs_rank(cs_accruals))), add(cs_rank(cs_bm), cs_rank(cs_gpm)))' -> Unable to evaluate terminal: cs_gpm.
2026-07-22 11:28:02,495 WARNING: Failed to parse expression: 'add(add(neg(cs_rank(cs_accrual)), neg(cs_rank(cs_asset_growth))), cs_rank(cs_bm))' -> Unable to evaluate terminal: cs_accrual.
2026-07-22 11:28:02,495 WARNING: Failed to parse expression: 'add(add(neg(cs_rank(cs_accrual)), cs_rank(cs_gpm)), neg(cs_rank(cs_asset_growth)))' -> Unable to evaluate terminal: cs_accrual.
2026-07-22 11:28:02,496 WARNING: Failed to parse expression: 'add(add(neg(cs_rank(cs_asset_growth)), neg(cs_rank(cs_accruals))), cs_rank(cs_gpm))' -> Unable to evaluate terminal: cs_gpm.
2026-07-22 11:28:02,497 WARNING: Failed to parse expression: 'add(neg(cs_rank(cs_asset_growth)), add(cs_rank(cs_bm), neg(cs_rank(cs_accrual))))' -> Unable to evaluate terminal: cs_accrual.
2026-07-22 11:28:02,498 WARNING: Failed to parse expression: 'add(add(neg(cs_rank(debt_at)), cs_rank(curr_ratio)), add(cs_rank(cash_at), neg(cs_rank(accrual))))' -> Unable to evaluate terminal: cash_at.
2026-07-22 11:28:02,499 WARNING: Failed to parse expression: 'add(add(neg(cs_rank(debt_at)), neg(cs_rank(accrual))), add(cs_rank(curr_ratio), add(cs_rank(roa), cs_rank(cash_at))))' -> Unable to evaluate terminal: cash_at.
2026-07-22 11:28:03,692 WARNING: Failed to parse expression: 'add(cs_rank(curr_ratio), cs_rank(cash_at))' -> Unable to evaluate terminal: cash_at.
2026-07-22 11:28:03,692 WARNING: Failed to parse expression: 'add(add(neg(cs_rank(debt_at)), neg(cs_rank(accrual))), add(cs_rank(cash_at), cs_rank(curr_ratio)))' -> Unable to evaluate terminal: cash_at.
2026-07-22 11:28:03,692 WARNING: Failed to parse expression: 'add(add(neg(cs_rank(debt_at)), neg(cs_rank(accrual))), add(cs_rank(cash_at), add(cs_rank(roa), cs_rank(roe))))' -> Unable to evaluate terminal: cash_at.
2026-07-22 11:28:04,910 WARNING: Failed to parse expression: 'add(add(neg(cs_rank(cs_asset_growth)), neg(cs_rank(cs_accruals))), add(cs_rank(cs_bm), cs_rank(cs_gpm)))' -> Unable to evaluate terminal: cs_gpm.
2026-07-22 11:28:04,911 WARNING: Failed to parse expression: 'add(add(neg(cs_rank(cs_accrual)), neg(cs_rank(cs_asset_growth))), cs_rank(cs_bm))' -> Unable to evaluate terminal: cs_accrual.
2026-07-22 11:28:04,911 WARNING: Failed to parse expression: 'add(add(neg(cs_rank(cs_accrual)), cs_rank(cs_gpm)), neg(cs_rank(cs_asset_growth)))' -> Unable to evaluate terminal: cs_accrual.
2026-07-22 11:28:04,911 WARNING: Failed to parse expression: 'add(add(neg(cs_rank(cs_asset_growth)), neg(cs_rank(cs_accruals))), cs_rank(cs_gpm))' -> Unable to evaluate terminal: cs_gpm.
2026-07-22 11:28:04,911 WARNING: Failed to parse expression: 'add(neg(cs_rank(cs_asset_growth)), add(cs_rank(cs_bm), neg(cs_rank(cs_accrual))))' -> Unable to evaluate terminal: cs_accrual.
2026-07-22 11:28:25,715 WARNING: Failed to parse expression: 'sub(add(cs_rank(cs_roa), cs_rank(cs_roe)), add(cs_rank(cs_accruals), cs_rank(cs_accrual)))' -> Unable to evaluate terminal: cs_accrual.
2026-07-22 11:28:26,269 WARNING: Failed to parse expression: 'cs_rank(add(add(cs_roa, cs_gpm), neg(cs_accruals)))' -> Unable to evaluate terminal: cs_gpm.
2026-07-22 11:28:26,269 WARNING: Failed to parse expression: 'cs_rank(add(add(cs_roa, cs_gpm), neg(cs_accruals)))' -> Unable to evaluate terminal: cs_gpm.
2026-07-22 11:28:30,097 WARNING: Failed to parse expression: 'add(add(cs_rank(cs_bm), cs_rank(cs_roce)), add(neg(cs_rank(ts_returns(close, 20))), neg(cs_rank(cs_debt_at))))' -> Unable to evaluate terminal: cs_roce.
2026-07-22 11:28:31,024 WARNING: Failed to parse expression: 'sub(add(cs_rank(cs_roa), cs_rank(cs_roe)), add(cs_rank(cs_accruals), cs_rank(cs_accrual)))' -> Unable to evaluate terminal: cs_accrual.
2026-07-22 11:28:34,115 WARNING: Failed to parse expression: 'cs_rank(add(add(cs_roa, cs_gpm), neg(cs_accruals)))' -> Unable to evaluate terminal: cs_gpm.
2026-07-22 11:28:34,116 WARNING: Failed to parse expression: 'cs_rank(add(add(cs_roa, cs_gpm), neg(cs_accruals)))' -> Unable to evaluate terminal: cs_gpm.
2026-07-22 11:28:39,685 WARNING: Arity-incomplete expression rejected at parse: 'add(add(cs_rank(ts_returns(close, 5)), cs_rank(safe_div(sub(close, ts_min(low, 10)), add(ts_max(high, 10), 1)))), cs_rank(ts_returns(volume, 5))), neg(cs_rank(ask)))'
2026-07-22 11:28:49,934 WARNING: Failed to parse expression: 'add(add(cs_rank(cs_bm), cs_rank(cs_roce)), add(neg(cs_rank(ts_returns(close, 20))), neg(cs_rank(cs_debt_at))))' -> Unable to evaluate terminal: cs_roce.
2026-07-22 11:29:08,280 WARNING: Failed to parse expression: 'mul(neg(cs_rank(ts_returns(close, 5))), mul(cs_rank(neg(ts_returns(volume, 5))), cs_rank(neg(spread_proxy))) )' -> Unable to evaluate terminal: spread_proxy.
2026-07-22 11:29:30,623 WARNING: Failed to parse expression: 'sub(add(cs_rank(cs_bm), cs_rank(cs_roce)), add(cs_rank(cs_asset_growth), cs_rank(cs_accruals)))' -> Unable to evaluate terminal: cs_roce.
2026-07-22 11:29:33,857 WARNING: Arity-incomplete expression rejected at parse: 'add(add(add(cs_rank(neg(ts_std(returns,20))), cs_rank(neg(ts_std(returns,5)))), cs_rank(cs_current_ratio)), add(cs_rank(cs_bm), cs_rank(neg(cs_accruals)))), add(cs_rank(dollar_volume), cs_rank(neg(cs_debt_at))))'
2026-07-22 11:29:48,191 WARNING: Failed to parse expression: 'add(add(cs_rank(cs_bm), cs_rank(cs_roce)), add(neg(cs_rank(cs_debt_at)), neg(cs_rank(cs_accruals))))' -> Unable to evaluate terminal: cs_roce.
2026-07-22 11:29:59,887 WARNING: Failed to parse expression: 'add(add(cs_rank(cs_bm), cs_rank(cs_roce)), add(neg(cs_rank(cs_accruals)), neg(cs_rank(cs_leverage))))' -> Unable to evaluate terminal: cs_roce.
2026-07-22 11:30:00,977 WARNING: Failed to parse expression: 'sub(add(cs_rank(neg(cs_debt_at)), cs_rank(cs_quick_ratio)), add(cs_rank(cs_accruals), cs_rank(cs_asset_growth)))' -> Unable to evaluate terminal: cs_quick_ratio.
2026-07-22 11:30:32,331 WARNING: Failed to parse expression: 'add(add(cs_rank(cs_bm), cs_rank(cs_roce)), add(neg(cs_rank(accrual)), neg(cs_rank(debt_at))))' -> Unable to evaluate terminal: cs_roce.
2026-07-22 11:30:32,331 WARNING: Failed to parse expression: 'add(add(cs_rank(cs_bm), cs_rank(cs_roce)), add(neg(cs_rank(cs_asset_growth)), neg(cs_rank(cs_debt_at))))' -> Unable to evaluate terminal: cs_roce.
2026-07-22 11:30:47,742 WARNING: Failed to parse expression: 'add(add(add(cs_rank(neg(ts_std(returns,20))), cs_rank(neg(abs_val(ts_returns(close,5))))), add(cs_rank(cs_bm), cs_rank(cs_roa))), add(cs_rank(neg(cs_debt_at)), cs_rank(cs_curr_ratio)))' -> Unable to evaluate terminal: cs_curr_ratio.
2026-07-22 11:30:47,744 WARNING: Failed to parse expression: 'add(add(cs_rank(neg(ts_std(returns,20))), cs_rank(neg(abs_val(ts_returns(close,5))))), cs_rank(cs_gpm))' -> Unable to evaluate terminal: cs_gpm.
2026-07-22 11:30:47,745 WARNING: Failed to parse expression: 'add(add(cs_rank(dollar_volume), cs_rank(cs_curr_ratio)), cs_rank(neg(cs_debt_at)))' -> Unable to evaluate terminal: cs_curr_ratio.
2026-07-22 11:30:47,746 WARNING: Failed to parse expression: 'add(add(cs_rank(neg(ts_std(returns,20))), cs_rank(neg(ts_returns(close,20)))), add(cs_rank(cs_roa), add(cs_rank(neg(cs_debt_at)), cs_rank(cs_curr_ratio))))' -> Unable to evaluate terminal: cs_curr_ratio.
2026-07-22 11:30:47,747 WARNING: Failed to parse expression: 'add(add(cs_rank(dollar_volume), cs_rank(neg(cs_debt_at))), add(cs_rank(cs_curr_ratio), cs_rank(neg(cs_accruals))))' -> Unable to evaluate terminal: cs_curr_ratio.
2026-07-22 11:30:51,769 WARNING: Failed to parse expression: 'add(add(cs_rank(cs_bm), cs_rank(cs_roce)), add(neg(cs_rank(accrual)), neg(cs_rank(debt_at))))' -> Unable to evaluate terminal: cs_roce.
2026-07-22 11:30:51,770 WARNING: Failed to parse expression: 'add(add(cs_rank(cs_bm), cs_rank(cs_roce)), add(neg(cs_rank(cs_asset_growth)), neg(cs_rank(cs_debt_at))))' -> Unable to evaluate terminal: cs_roce.
2026-07-22 11:31:01,344 WARNING: Failed to parse expression: 'add(add(cs_rank(cs_bm), neg(cs_rank(ptb))), add(cs_rank(cs_roa), neg(cs_rank(cs_accrual))))' -> Unable to evaluate terminal: cs_accrual.
2026-07-22 11:31:01,344 WARNING: Failed to parse expression: 'add(add(cs_rank(cs_roa), cs_rank(curr_ratio)), neg(add(cs_rank(cs_accrual), cs_rank(cs_debt_at))))' -> Unable to evaluate terminal: cs_accrual.
2026-07-22 11:31:04,719 WARNING: Failed to parse expression: 'add(sub(neg(cs_rank(cs_asset_growth)), cs_rank(cs_accruals)), add(cs_rank(cs_roce), add(cs_rank(cs_opmargin), cs_rank(cs_current_ratio))))' -> Unable to evaluate terminal: cs_roce.
2026-07-22 11:31:10,799 WARNING: Arity-incomplete expression rejected at parse: 'add(add(add(cs_rank(neg(ts_std(returns,20))), cs_rank(neg(ts_std(returns,5)))), cs_rank(cs_roa)), add(cs_rank(cs_current_ratio), cs_rank(neg(cs_leverage)))), cs_rank(dollar_volume))'
2026-07-22 11:31:11,353 WARNING: Failed to parse expression: 'add(add(cs_rank(cs_bm), neg(cs_rank(ptb))), add(cs_rank(cs_roa), neg(cs_rank(cs_accrual))))' -> Unable to evaluate terminal: cs_accrual.
2026-07-22 11:31:12,556 WARNING: Failed to parse expression: 'add(add(cs_rank(cs_roa), cs_rank(curr_ratio)), neg(add(cs_rank(cs_accrual), cs_rank(cs_debt_at))))' -> Unable to evaluate terminal: cs_accrual.
2026-07-22 11:31:35,801 WARNING: Failed to parse expression: 'add(add(neg(cs_rank(cs_asset_growth)), neg(cs_rank(cs_accruals))), add(cs_rank(cs_roce), cs_rank(cs_current_ratio)))' -> Unable to evaluate terminal: cs_roce.
2026-07-22 11:31:36,119 WARNING: Failed to parse expression: 'add(add(add(cs_rank(neg(ts_std(returns,20))), cs_rank(neg(abs_val(ts_returns(close,5))))), add(cs_rank(cs_bm), cs_rank(cs_roa))), add(cs_rank(neg(cs_debt_at)), cs_rank(cs_curr_ratio)))' -> Unable to evaluate terminal: cs_curr_ratio.
2026-07-22 11:31:36,843 WARNING: Failed to parse expression: 'add(add(cs_rank(neg(ts_std(returns,20))), cs_rank(neg(abs_val(ts_returns(close,5))))), cs_rank(cs_gpm))' -> Unable to evaluate terminal: cs_gpm.
2026-07-22 11:31:36,844 WARNING: Failed to parse expression: 'add(add(cs_rank(dollar_volume), cs_rank(cs_curr_ratio)), cs_rank(neg(cs_debt_at)))' -> Unable to evaluate terminal: cs_curr_ratio.
2026-07-22 11:31:36,844 WARNING: Failed to parse expression: 'add(add(cs_rank(neg(ts_std(returns,20))), cs_rank(neg(ts_returns(close,20)))), add(cs_rank(cs_roa), add(cs_rank(neg(cs_debt_at)), cs_rank(cs_curr_ratio))))' -> Unable to evaluate terminal: cs_curr_ratio.
2026-07-22 11:31:36,844 WARNING: Failed to parse expression: 'add(add(cs_rank(dollar_volume), cs_rank(neg(cs_debt_at))), add(cs_rank(cs_curr_ratio), cs_rank(neg(cs_accruals))))' -> Unable to evaluate terminal: cs_curr_ratio.
2026-07-22 11:31:43,289 WARNING: Failed to parse expression: 'add(add(neg(cs_rank(cs_asset_growth)), neg(cs_rank(cs_accruals))), add(cs_rank(cs_roce), cs_rank(cs_current_ratio)))' -> Unable to evaluate terminal: cs_roce.
2026-07-22 11:31:50,880 WARNING: Failed to parse expression: 'add(add(cs_rank(cs_bm), neg(cs_rank(pe_op_dil))), add(add(cs_rank(cs_roa), neg(cs_rank(cs_accrual))), add(neg(cs_rank(debt_at)), cs_rank(curr_ratio))))' -> Unable to evaluate terminal: cs_accrual.
2026-07-22 11:31:50,880 WARNING: Failed to parse expression: 'add(add(cs_rank(cs_bm), neg(cs_rank(debt_at))), add(cs_rank(cs_roa), neg(cs_rank(cs_accrual))))' -> Unable to evaluate terminal: cs_accrual.
2026-07-22 11:31:50,881 WARNING: Failed to parse expression: 'add(add(cs_rank(cs_bm), neg(cs_rank(pe_op_dil))), neg(cs_rank(cs_accrual)))' -> Unable to evaluate terminal: cs_accrual.
2026-07-22 11:31:50,881 WARNING: Failed to parse expression: 'add(add(cs_rank(cs_bm), cs_rank(neg(cs_ptb))), add(cs_rank(cs_roa), neg(cs_rank(cs_accruals))))' -> Unable to evaluate terminal: cs_ptb.
2026-07-22 11:31:50,881 WARNING: Failed to parse expression: 'add(add(cs_rank(cs_bm), cs_rank(neg(cs_ptb))), add(cs_rank(cs_roa), neg(cs_rank(cs_debt_at))))' -> Unable to evaluate terminal: cs_ptb.
2026-07-22 11:31:50,881 WARNING: Failed to parse expression: 'add(add(cs_rank(cs_bm), cs_rank(neg(cs_ptb))), cs_rank(cs_roa))' -> Unable to evaluate terminal: cs_ptb.
2026-07-22 11:31:50,882 WARNING: Failed to parse expression: 'add(add(cs_rank(cs_bm), neg(cs_rank(pe_op_dil))), add(add(cs_rank(cs_roa), neg(cs_rank(cs_accrual))), add(neg(cs_rank(debt_at)), cs_rank(curr_ratio))))' -> Unable to evaluate terminal: cs_accrual.
2026-07-22 11:31:50,882 WARNING: Failed to parse expression: 'add(add(cs_rank(cs_bm), neg(cs_rank(debt_at))), add(cs_rank(cs_roa), neg(cs_rank(cs_accrual))))' -> Unable to evaluate terminal: cs_accrual.
2026-07-22 11:31:50,882 WARNING: Failed to parse expression: 'add(add(cs_rank(cs_bm), neg(cs_rank(pe_op_dil))), neg(cs_rank(cs_accrual)))' -> Unable to evaluate terminal: cs_accrual.
2026-07-22 11:31:52,287 WARNING: Failed to parse expression: 'add(add(cs_rank(cs_bm), cs_rank(neg(cs_ptb))), add(cs_rank(cs_roa), neg(cs_rank(cs_accruals))))' -> Unable to evaluate terminal: cs_ptb.
2026-07-22 11:31:52,288 WARNING: Failed to parse expression: 'add(add(cs_rank(cs_bm), cs_rank(neg(cs_ptb))), add(cs_rank(cs_roa), neg(cs_rank(cs_debt_at))))' -> Unable to evaluate terminal: cs_ptb.
2026-07-22 11:31:52,739 WARNING: Failed to parse expression: 'add(add(cs_rank(cs_bm), cs_rank(neg(cs_ptb))), cs_rank(cs_roa))' -> Unable to evaluate terminal: cs_ptb.
2026-07-22 11:32:19,729 WARNING: Failed to parse expression: 'add(add(cs_rank(neg(ts_std(returns, 20))), cs_rank(cs_roa)), cs_rank(neg(cs_accrual)))' -> Unable to evaluate terminal: cs_accrual.
2026-07-22 11:32:19,729 WARNING: Failed to parse expression: 'add(cs_rank(dollar_volume), add(cs_rank(cs_roa), cs_rank(cs_curr_ratio)))' -> Unable to evaluate terminal: cs_curr_ratio.
2026-07-22 11:32:19,730 WARNING: Failed to parse expression: 'add(cs_rank(dollar_volume), add(cs_rank(cs_curr_ratio), cs_rank(neg(cs_accrual))))' -> Unable to evaluate terminal: cs_curr_ratio.
2026-07-22 11:32:19,730 WARNING: Failed to parse expression: 'add(add(cs_rank(neg(ts_std(returns, 20))), cs_rank(neg(abs_val(ts_returns(close, 20))))), add(cs_rank(cs_roa), cs_rank(cs_curr_ratio)))' -> Unable to evaluate terminal: cs_curr_ratio.
2026-07-22 11:32:22,124 WARNING: Failed to parse expression: 'add(add(cs_rank(neg(ts_std(returns, 20))), cs_rank(cs_roa)), cs_rank(neg(cs_accrual)))' -> Unable to evaluate terminal: cs_accrual.
2026-07-22 11:32:22,124 WARNING: Failed to parse expression: 'add(cs_rank(dollar_volume), add(cs_rank(cs_roa), cs_rank(cs_curr_ratio)))' -> Unable to evaluate terminal: cs_curr_ratio.
2026-07-22 11:32:22,544 WARNING: Failed to parse expression: 'add(cs_rank(dollar_volume), add(cs_rank(cs_curr_ratio), cs_rank(neg(cs_accrual))))' -> Unable to evaluate terminal: cs_curr_ratio.
2026-07-22 11:32:22,545 WARNING: Failed to parse expression: 'add(add(cs_rank(neg(ts_std(returns, 20))), cs_rank(neg(abs_val(ts_returns(close, 20))))), add(cs_rank(cs_roa), cs_rank(cs_curr_ratio)))' -> Unable to evaluate terminal: cs_curr_ratio.
2026-07-22 11:32:46,200 INFO: generation: 275/276 ideas in 1430s
2026-07-22 11:54:32,335 INFO: Re-evaluated 906 survivor signals on the TEST split.
