2026-07-22 09:50:51,895 INFO: Resolved 52/54 candidate terminals (screen=breadth_only)
2026-07-22 09:51:47,894 WARNING: Failed to parse expression: 'add(add(cs_rank(neg(cs_accruals)), cs_rank(cs_roce)), cs_rank(cs_gpmargin))' -> Unable to evaluate terminal: cs_roce.
2026-07-22 09:51:51,606 WARNING: Failed to parse expression: 'add(sub(cs_rank(neg(cs_asset_growth)), cs_rank(cs_accruals)), add(cs_rank(cs_roce), cs_rank(cs_current_ratio)))' -> Unable to evaluate terminal: cs_roce.
2026-07-22 09:52:05,256 WARNING: Failed to parse expression: 'add(add(cs_rank(cs_gprof), cs_rank(cs_opmargin)), add(neg(cs_rank(cs_leverage)), neg(cs_rank(cs_sales_growth))))' -> Unable to evaluate terminal: cs_gprof.
2026-07-22 09:52:12,262 WARNING: Failed to parse expression: 'add(add(add(cs_rank(cs_bm), neg(cs_rank(cs_pe))), add(cs_rank(cs_roa), cs_rank(cs_roe))), add(neg(cs_rank(cs_debt_at)), add(cs_rank(cs_current_ratio), neg(cs_rank(cs_accruals)))))' -> Unable to evaluate terminal: cs_pe.
2026-07-22 09:52:12,265 WARNING: Failed to parse expression: 'add(add(cs_rank(cs_bm), neg(cs_rank(cs_pe))), add(mul(0.5, add(cs_rank(cs_roa), cs_rank(cs_roe))), add(neg(mul(0.5, cs_rank(cs_debt_at))), add(mul(0.5, cs_rank(cs_current_ratio)), neg(mul(0.5, cs_rank(cs_accruals)))))))' -> Unable to evaluate terminal: cs_pe.
2026-07-22 09:52:20,544 WARNING: Failed to parse expression: 'add(add(cs_rank(neg(cs_accruals)), cs_rank(cs_roa)), add(cs_rank(cs_gp_at), cs_rank(cs_curr_ratio)))' -> Unable to evaluate terminal: cs_curr_ratio.
2026-07-22 09:52:21,906 WARNING: Failed to parse expression: 'add(add(cs_rank(cs_bm), neg(cs_rank(ptb))), add(cs_rank(cs_roce), sub(cs_rank(cs_current_ratio), add(cs_rank(cs_leverage), cs_rank(cs_accruals)))))' -> Unable to evaluate terminal: cs_roce.
2026-07-22 09:52:22,344 WARNING: Failed to parse expression: 'add(add(add(cs_rank(cs_roce), cs_rank(cs_gpmargin)), add(cs_rank(cs_opmargin), cs_rank(cs_cash_at))), add(neg(cs_rank(cs_accruals)), neg(cs_rank(cs_debt_at))))' -> Unable to evaluate terminal: cs_roce.
2026-07-22 09:52:26,269 WARNING: Failed to parse expression: 'add(add(cs_rank(neg(cs_accruals)), cs_rank(cs_gpm)), cs_rank(cs_npm))' -> Unable to evaluate terminal: cs_gpm.
2026-07-22 09:52:26,271 WARNING: Failed to parse expression: 'add(add(cs_rank(neg(cs_accruals)), cs_rank(cs_roa)), cs_rank(cs_gpm))' -> Unable to evaluate terminal: cs_gpm.
2026-07-22 09:52:29,074 WARNING: Arity-incomplete expression rejected at parse: 'sub(add(cs_rank(cs_current_ratio), cs_rank(cs_cash_at), cs_rank(cs_roa)), add(cs_rank(cs_debt_at), cs_rank(cs_leverage), cs_rank(cs_accruals)))'
2026-07-22 09:52:32,903 WARNING: Failed to parse expression: 'add(add(add(cs_rank(cs_bm), cs_rank(cs_ep)), add(cs_rank(cs_roce), cs_rank(cs_opmargin))), add(add(cs_rank(cs_current_ratio), cs_rank(cs_cash_at)), add(neg(cs_rank(cs_debt_at)), neg(cs_rank(cs_asset_growth)))))' -> Unable to evaluate terminal: cs_roce.
2026-07-22 09:52:36,425 WARNING: Failed to parse expression: 'add(add(cs_rank(cs_bm), neg(cs_rank(cs_pe_op_dil))), mul(0.5, sub(cs_rank(cs_roa), cs_rank(cs_accruals))))' -> Unable to evaluate terminal: cs_pe_op_dil.
2026-07-22 09:52:36,426 WARNING: Failed to parse expression: 'add(cs_rank(cs_bm), add(neg(cs_rank(cs_pe_op_dil)), add(mul(0.5, cs_rank(cs_roa)), neg(mul(0.5, cs_rank(cs_accruals))))))' -> Unable to evaluate terminal: cs_pe_op_dil.
2026-07-22 09:52:36,427 WARNING: Failed to parse expression: 'add(add(add(cs_rank(cs_bm), neg(cs_rank(cs_pe_op_dil))), add(cs_rank(cs_roa), cs_rank(cs_roe))), add(neg(cs_rank(cs_debt_at)), add(cs_rank(curr_ratio), neg(cs_rank(cs_accruals)))))' -> Unable to evaluate terminal: cs_pe_op_dil.
2026-07-22 09:52:36,428 WARNING: Failed to parse expression: 'add(add(cs_rank(cs_bm), neg(cs_rank(cs_pe_op_dil))), add(mul(0.5, add(cs_rank(cs_roa), cs_rank(cs_roe))), add(neg(mul(0.5, cs_rank(cs_debt_at))), add(mul(0.5, cs_rank(curr_ratio)), neg(mul(0.5, cs_rank(cs_accruals)))))))' -> Unable to evaluate terminal: cs_pe_op_dil.
2026-07-22 09:52:37,116 WARNING: Failed to parse expression: 'add(add(cs_rank(neg(cs_accruals)), cs_rank(cs_roa)), add(cs_rank(cs_gp_at), cs_rank(cs_curr_ratio)))' -> Unable to evaluate terminal: cs_curr_ratio.
2026-07-22 09:52:42,562 WARNING: Failed to parse expression: 'add(sub(cs_rank(neg(cs_asset_growth)), cs_rank(cs_accruals)), add(cs_rank(cs_roce), cs_rank(cs_current_ratio)))' -> Unable to evaluate terminal: cs_roce.
2026-07-22 09:52:42,565 WARNING: Failed to parse expression: 'add(add(cs_rank(neg(cs_asset_growth)), cs_rank(cs_roa)), add(cs_rank(cs_curr_ratio), neg(cs_rank(cs_accruals))))' -> Unable to evaluate terminal: cs_curr_ratio.
2026-07-22 09:52:42,684 WARNING: Failed to parse expression: 'add(add(cs_rank(neg(cs_accruals)), cs_rank(cs_gpm)), cs_rank(cs_npm))' -> Unable to evaluate terminal: cs_gpm.
2026-07-22 09:52:44,958 WARNING: Failed to parse expression: 'add(neg(cs_rank(cs_accruals)), add(neg(cs_rank(cs_leverage)), cs_rank(cs_roce)))' -> Unable to evaluate terminal: cs_roce.
2026-07-22 09:52:46,017 WARNING: Failed to parse expression: 'add(cs_rank(cs_bm), neg(add(cs_rank(ptb), cs_rank(cs_pe_exi))))' -> Unable to evaluate terminal: cs_pe_exi.
2026-07-22 09:52:47,294 WARNING: Failed to parse expression: 'add(add(cs_rank(cs_bm), cs_rank(cs_ep)), add(cs_rank(cs_roa), neg(add(cs_rank(cs_pe_exi), cs_rank(cs_accruals)))))' -> Unable to evaluate terminal: cs_pe_exi.
2026-07-22 09:52:52,850 WARNING: Failed to parse expression: 'add(add(cs_rank(neg(cs_accruals)), cs_rank(cs_roa)), cs_rank(cs_gpm))' -> Unable to evaluate terminal: cs_gpm.
2026-07-22 09:52:53,063 WARNING: Failed to parse expression: 'add(sub(cs_rank(neg(cs_asset_growth)), cs_rank(cs_accruals)), add(cs_rank(cs_roce), cs_rank(cs_current_ratio)))' -> Unable to evaluate terminal: cs_roce.
2026-07-22 09:52:54,868 WARNING: Failed to parse expression: 'add(add(cs_rank(cs_ep), cs_rank(cs_bm)), add(add(cs_rank(cs_roce), cs_rank(cs_opmargin)), neg(add(cs_rank(cs_leverage), cs_rank(cs_accruals)))))' -> Unable to evaluate terminal: cs_roce.
2026-07-22 09:52:58,456 WARNING: Failed to parse expression: 'add(neg(cs_rank(ts_returns(close, 5))), add(neg(cs_rank(ts_rank(abs_val(ts_returns(close, 1)), 10))), neg(cs_rank(ts_rank(spread_proxy, 10)))))' -> Unable to evaluate terminal: spread_proxy.
2026-07-22 09:52:59,163 WARNING: Failed to parse expression: 'add(add(cs_rank(cs_bm), neg(cs_rank(cs_pe_op_dil))), mul(0.5, sub(cs_rank(cs_roa), cs_rank(cs_accruals))))' -> Unable to evaluate terminal: cs_pe_op_dil.
2026-07-22 09:52:59,163 WARNING: Failed to parse expression: 'add(cs_rank(cs_bm), add(neg(cs_rank(cs_pe_op_dil)), add(mul(0.5, cs_rank(cs_roa)), neg(mul(0.5, cs_rank(cs_accruals))))))' -> Unable to evaluate terminal: cs_pe_op_dil.
2026-07-22 09:52:59,164 WARNING: Failed to parse expression: 'add(add(add(cs_rank(cs_bm), neg(cs_rank(cs_pe_op_dil))), add(cs_rank(cs_roa), cs_rank(cs_roe))), add(neg(cs_rank(cs_debt_at)), add(cs_rank(curr_ratio), neg(cs_rank(cs_accruals)))))' -> Unable to evaluate terminal: cs_pe_op_dil.
2026-07-22 09:52:59,164 WARNING: Failed to parse expression: 'add(add(cs_rank(cs_bm), neg(cs_rank(cs_pe_op_dil))), add(mul(0.5, add(cs_rank(cs_roa), cs_rank(cs_roe))), add(neg(mul(0.5, cs_rank(cs_debt_at))), add(mul(0.5, cs_rank(curr_ratio)), neg(mul(0.5, cs_rank(cs_accruals)))))))' -> Unable to evaluate terminal: cs_pe_op_dil.
2026-07-22 09:53:04,138 WARNING: Failed to parse expression: 'add(add(cs_rank(neg(cs_asset_growth)), cs_rank(cs_roa)), add(cs_rank(cs_curr_ratio), neg(cs_rank(cs_accruals))))' -> Unable to evaluate terminal: cs_curr_ratio.
2026-07-22 09:53:11,195 WARNING: Failed to parse expression: 'add(add(cs_rank(cs_gprof), cs_rank(cs_opmargin)), add(neg(cs_rank(cs_leverage)), neg(cs_rank(cs_sales_growth))))' -> Unable to evaluate terminal: cs_gprof.
2026-07-22 09:53:11,196 WARNING: Failed to parse expression: 'add(add(add(cs_rank(cs_bm), cs_rank(cs_ep)), add(cs_rank(cs_roa), cs_rank(cs_roe))), add(neg(cs_rank(cs_debt_at)), neg(cs_rank(cs_accrual))))' -> Unable to evaluate terminal: cs_accrual.
2026-07-22 09:53:11,196 WARNING: Failed to parse expression: 'add(add(add(cs_rank(cs_ep), cs_rank(cs_bm)), add(cs_rank(cs_roa), cs_rank(cs_roe))), add(neg(cs_rank(cs_debt_at)), neg(cs_rank(cs_accrual))))' -> Unable to evaluate terminal: cs_accrual.
2026-07-22 09:53:11,196 WARNING: Failed to parse expression: 'add(add(cs_rank(cs_roa), cs_rank(cs_cash_at)), add(neg(cs_rank(cs_debt_at)), neg(cs_rank(cs_accrual))))' -> Unable to evaluate terminal: cs_accrual.
2026-07-22 09:53:14,372 WARNING: Failed to parse expression: 'sub(add(cs_rank(cs_roa), cs_rank(cs_roe)), add(cs_rank(cs_accrual), cs_rank(debt_at)))' -> Unable to evaluate terminal: cs_accrual.
2026-07-22 09:53:14,373 WARNING: Failed to parse expression: 'sub(add(cs_rank(cs_roa), cs_rank(cs_opmargin)), add(cs_rank(cs_accrual), cs_rank(debt_at)))' -> Unable to evaluate terminal: cs_accrual.
2026-07-22 09:53:14,373 WARNING: Failed to parse expression: 'sub(add(cs_rank(cs_roa), cs_rank(cs_roe)), add(cs_rank(cs_accrual), cs_rank(debt_at)))' -> Unable to evaluate terminal: cs_accrual.
2026-07-22 09:53:14,373 WARNING: Failed to parse expression: 'sub(add(cs_rank(cs_roa), cs_rank(cs_gp_at)), add(cs_rank(cs_accrual), cs_rank(debt_at)))' -> Unable to evaluate terminal: cs_accrual.
2026-07-22 09:53:14,373 WARNING: Failed to parse expression: 'sub(add(cs_rank(cs_opmargin), cs_rank(cs_bm)), add(cs_rank(cs_accrual), cs_rank(debt_at)))' -> Unable to evaluate terminal: cs_accrual.
2026-07-22 09:53:15,065 WARNING: Failed to parse expression: 'add(add(cs_rank(cs_bm), cs_rank(cs_roa)), add(cs_rank(cs_gpm), neg(cs_rank(pe_op_dil))))' -> Unable to evaluate terminal: cs_gpm.
2026-07-22 09:53:15,065 WARNING: Failed to parse expression: 'add(cs_rank(cs_bm), neg(add(cs_rank(ptb), cs_rank(cs_pe_exi))))' -> Unable to evaluate terminal: cs_pe_exi.
2026-07-22 09:53:16,332 WARNING: Failed to parse expression: 'add(add(cs_rank(cs_gprof), cs_rank(cs_opmargin)), add(neg(cs_rank(cs_leverage)), neg(cs_rank(cs_sales_growth))))' -> Unable to evaluate terminal: cs_gprof.
2026-07-22 09:53:16,959 WARNING: Failed to parse expression: 'add(add(cs_rank(cs_bm), cs_rank(cs_roa)), add(cs_rank(cs_gpm), neg(cs_rank(pe_op_dil))))' -> Unable to evaluate terminal: cs_gpm.
2026-07-22 09:53:17,220 WARNING: Failed to parse expression: 'add(add(add(cs_rank(cs_roa), cs_rank(cs_roe)), add(cs_rank(cs_gp_at), cs_rank(cs_gpm))), add(add(neg(cs_rank(cs_accruals)), neg(cs_rank(cs_debt_at))), cs_rank(cs_cash_at)))' -> Unable to evaluate terminal: cs_gpm.
2026-07-22 09:53:17,222 WARNING: Failed to parse expression: 'add(neg(cs_rank(cs_accruals)), add(neg(cs_rank(cs_leverage)), cs_rank(cs_roce)))' -> Unable to evaluate terminal: cs_roce.
2026-07-22 09:53:19,809 WARNING: Arity-incomplete expression rejected at parse: 'sub(add(cs_rank(cs_current_ratio), cs_rank(cs_cash_at), cs_rank(cs_roa)), add(cs_rank(cs_debt_at), cs_rank(cs_leverage), cs_rank(cs_accruals)))'
2026-07-22 09:53:23,272 WARNING: Failed to parse expression: 'add(add(add(cs_rank(cs_bm), cs_rank(cs_ep)), add(cs_rank(cs_roa), cs_rank(cs_roe))), add(neg(cs_rank(cs_debt_at)), neg(cs_rank(cs_accrual))))' -> Unable to evaluate terminal: cs_accrual.
2026-07-22 09:53:23,273 WARNING: Failed to parse expression: 'add(add(add(cs_rank(cs_ep), cs_rank(cs_bm)), add(cs_rank(cs_roa), cs_rank(cs_roe))), add(neg(cs_rank(cs_debt_at)), neg(cs_rank(cs_accrual))))' -> Unable to evaluate terminal: cs_accrual.
2026-07-22 09:53:24,771 WARNING: Failed to parse expression: 'add(add(cs_rank(cs_roa), cs_rank(cs_cash_at)), add(neg(cs_rank(cs_debt_at)), neg(cs_rank(cs_accrual))))' -> Unable to evaluate terminal: cs_accrual.
2026-07-22 09:53:25,824 WARNING: Failed to parse expression: 'sub(add(cs_rank(cs_roa), cs_rank(cs_roe)), add(cs_rank(cs_accrual), cs_rank(debt_at)))' -> Unable to evaluate terminal: cs_accrual.
2026-07-22 09:53:25,824 WARNING: Failed to parse expression: 'sub(add(cs_rank(cs_roa), cs_rank(cs_opmargin)), add(cs_rank(cs_accrual), cs_rank(debt_at)))' -> Unable to evaluate terminal: cs_accrual.
2026-07-22 09:53:25,824 WARNING: Failed to parse expression: 'sub(add(cs_rank(cs_roa), cs_rank(cs_roe)), add(cs_rank(cs_accrual), cs_rank(debt_at)))' -> Unable to evaluate terminal: cs_accrual.
2026-07-22 09:53:25,824 WARNING: Failed to parse expression: 'sub(add(cs_rank(cs_roa), cs_rank(cs_gp_at)), add(cs_rank(cs_accrual), cs_rank(debt_at)))' -> Unable to evaluate terminal: cs_accrual.
2026-07-22 09:53:25,825 WARNING: Failed to parse expression: 'sub(add(cs_rank(cs_opmargin), cs_rank(cs_bm)), add(cs_rank(cs_accrual), cs_rank(debt_at)))' -> Unable to evaluate terminal: cs_accrual.
2026-07-22 09:53:28,556 WARNING: Failed to parse expression: 'add(cs_rank(cs_bm), neg(add(cs_rank(ptb), cs_rank(cs_pe_exi))))' -> Unable to evaluate terminal: cs_pe_exi.
2026-07-22 09:53:30,342 WARNING: Arity-incomplete expression rejected at parse: 'sub(add(cs_rank(cs_current_ratio), cs_rank(cs_cash_at), cs_rank(cs_roa)), add(cs_rank(cs_debt_at), cs_rank(cs_leverage), cs_rank(cs_accruals)))'
2026-07-22 09:53:32,146 WARNING: Failed to parse expression: 'add(add(add(cs_rank(cs_roa), cs_rank(cs_roe)), add(cs_rank(cs_gp_at), cs_rank(cs_gpm))), add(add(neg(cs_rank(cs_accruals)), neg(cs_rank(cs_debt_at))), cs_rank(cs_cash_at)))' -> Unable to evaluate terminal: cs_gpm.
2026-07-22 09:53:33,581 WARNING: Failed to parse expression: 'add(neg(cs_rank(cs_accruals)), add(neg(cs_rank(cs_leverage)), cs_rank(cs_roce)))' -> Unable to evaluate terminal: cs_roce.
2026-07-22 09:53:33,936 WARNING: Failed to parse expression: 'add(neg(cs_rank(ptb)), add(cs_rank(gpm), neg(cs_rank(asset_growth))))' -> Unable to evaluate terminal: asset_growth.
2026-07-22 09:53:38,638 WARNING: Failed to parse expression: 'add(add(add(cs_rank(roa), cs_rank(roe)), add(cs_rank(bm), neg(cs_rank(asset_growth)))), add(neg(cs_rank(accrual)), neg(cs_rank(debt_at))))' -> Unable to evaluate terminal: asset_growth.
2026-07-22 09:53:38,638 WARNING: Failed to parse expression: 'add(add(neg(cs_rank(asset_growth)), neg(cs_rank(accrual))), add(cs_rank(roa), neg(cs_rank(debt_at))))' -> Unable to evaluate terminal: asset_growth.
2026-07-22 09:53:38,639 WARNING: Failed to parse expression: 'add(add(add(cs_rank(cs_roe), cs_rank(cs_roa)), add(cs_rank(cs_cash_at), neg(cs_rank(cs_debt_at)))), add(add(neg(cs_rank(cs_accruals)), neg(cs_rank(cs_asset_growth))), cs_rank(cs_curr_ratio)))' -> Unable to evaluate terminal: cs_curr_ratio.
2026-07-22 09:53:38,639 WARNING: Failed to parse expression: 'add(add(add(cs_rank(cs_roe), cs_rank(cs_cash_at)), neg(cs_rank(cs_debt_at))), add(neg(cs_rank(cs_accruals)), cs_rank(cs_curr_ratio)))' -> Unable to evaluate terminal: cs_curr_ratio.
2026-07-22 09:53:38,639 WARNING: Failed to parse expression: 'add(add(neg(cs_rank(cs_debt_at)), neg(cs_rank(cs_accruals))), cs_rank(cs_curr_ratio))' -> Unable to evaluate terminal: cs_curr_ratio.
2026-07-22 09:53:38,639 WARNING: Failed to parse expression: 'add(add(add(cs_rank(cs_roe), cs_rank(cs_roa)), add(cs_rank(cs_bm), neg(cs_rank(cs_accruals)))), add(add(neg(cs_rank(cs_asset_growth)), neg(cs_rank(cs_debt_at))), add(cs_rank(cs_cash_at), cs_rank(cs_curr_ratio))))' -> Unable to evaluate terminal: cs_curr_ratio.
2026-07-22 09:53:38,640 WARNING: Failed to parse expression: 'add(add(add(cs_rank(cs_ep), cs_rank(cs_bm)), add(neg(cs_rank(cs_asset_growth)), neg(cs_rank(cs_accruals)))), add(cs_rank(cs_curr_ratio), neg(cs_rank(cs_debt_at))))' -> Unable to evaluate terminal: cs_curr_ratio.
2026-07-22 09:53:40,891 WARNING: Failed to parse expression: 'add(add(add(cs_rank(roa), cs_rank(roe)), add(cs_rank(bm), neg(cs_rank(asset_growth)))), add(neg(cs_rank(accrual)), neg(cs_rank(debt_at))))' -> Unable to evaluate terminal: asset_growth.
2026-07-22 09:53:40,891 WARNING: Failed to parse expression: 'add(add(neg(cs_rank(asset_growth)), neg(cs_rank(accrual))), add(cs_rank(roa), neg(cs_rank(debt_at))))' -> Unable to evaluate terminal: asset_growth.
2026-07-22 09:53:42,472 WARNING: Failed to parse expression: 'mul(cs_rank(dollar_volume), sub(add(cs_rank(cs_bm), cs_rank(cs_roe)), add(cs_rank(cs_ptb), cs_rank(cs_debt_at))))' -> Unable to evaluate terminal: cs_ptb.
2026-07-22 09:53:42,473 WARNING: Failed to parse expression: 'mul(mul(sub(add(cs_rank(cs_bm), cs_rank(cs_roe)), add(cs_rank(cs_ptb), cs_rank(cs_debt_at))), cs_rank(dollar_volume)), neg(cs_rank(ts_std(returns, 20))))' -> Unable to evaluate terminal: cs_ptb.
2026-07-22 09:53:44,158 WARNING: Failed to parse expression: 'add(neg(cs_rank(ptb)), add(cs_rank(gpm), neg(cs_rank(asset_growth))))' -> Unable to evaluate terminal: asset_growth.
2026-07-22 09:53:47,909 WARNING: Failed to parse expression: 'add(add(add(cs_rank(cs_roe), cs_rank(cs_roa)), add(cs_rank(cs_cash_at), neg(cs_rank(cs_debt_at)))), add(add(neg(cs_rank(cs_accruals)), neg(cs_rank(cs_asset_growth))), cs_rank(cs_curr_ratio)))' -> Unable to evaluate terminal: cs_curr_ratio.
2026-07-22 09:53:47,910 WARNING: Failed to parse expression: 'add(add(add(cs_rank(cs_roe), cs_rank(cs_cash_at)), neg(cs_rank(cs_debt_at))), add(neg(cs_rank(cs_accruals)), cs_rank(cs_curr_ratio)))' -> Unable to evaluate terminal: cs_curr_ratio.
2026-07-22 09:53:49,276 WARNING: Failed to parse expression: 'add(add(neg(cs_rank(cs_debt_at)), neg(cs_rank(cs_accruals))), cs_rank(cs_curr_ratio))' -> Unable to evaluate terminal: cs_curr_ratio.
2026-07-22 09:53:49,277 WARNING: Failed to parse expression: 'add(add(add(cs_rank(cs_roe), cs_rank(cs_roa)), add(cs_rank(cs_bm), neg(cs_rank(cs_accruals)))), add(add(neg(cs_rank(cs_asset_growth)), neg(cs_rank(cs_debt_at))), add(cs_rank(cs_cash_at), cs_rank(cs_curr_ratio))))' -> Unable to evaluate terminal: cs_curr_ratio.
2026-07-22 09:53:49,277 WARNING: Failed to parse expression: 'add(add(add(cs_rank(cs_ep), cs_rank(cs_bm)), add(neg(cs_rank(cs_asset_growth)), neg(cs_rank(cs_accruals)))), add(cs_rank(cs_curr_ratio), neg(cs_rank(cs_debt_at))))' -> Unable to evaluate terminal: cs_curr_ratio.
2026-07-22 09:53:50,310 WARNING: Failed to parse expression: 'mul(cs_rank(dollar_volume), sub(add(cs_rank(cs_bm), cs_rank(cs_roe)), add(cs_rank(cs_ptb), cs_rank(cs_debt_at))))' -> Unable to evaluate terminal: cs_ptb.
2026-07-22 09:53:50,312 WARNING: Failed to parse expression: 'mul(mul(sub(add(cs_rank(cs_bm), cs_rank(cs_roe)), add(cs_rank(cs_ptb), cs_rank(cs_debt_at))), cs_rank(dollar_volume)), neg(cs_rank(ts_std(returns, 20))))' -> Unable to evaluate terminal: cs_ptb.
2026-07-22 09:54:13,554 WARNING: Failed to parse expression: 'add(add(cs_rank(cs_bm), cs_rank(cs_roce)), add(cs_rank(cs_cash_at), add(neg(cs_rank(cs_accruals)), neg(cs_rank(cs_debt_at)))))' -> Unable to evaluate terminal: cs_roce.
2026-07-22 09:54:40,110 WARNING: Failed to parse expression: 'add(neg(cs_rank(cs_asset_growth)), mul(0.3, add(cs_rank(cs_bm), add(cs_rank(cs_roce), sub(cs_rank(cs_current_ratio), cs_rank(cs_debt_at))))) )' -> Unable to evaluate terminal: cs_roce.
2026-07-22 09:54:43,301 WARNING: Failed to parse expression: 'add(neg(cs_rank(cs_asset_growth)), add(mul(0.35, cs_rank(cs_bm)), mul(0.35, cs_rank(cs_roce))))' -> Unable to evaluate terminal: cs_roce.
2026-07-22 09:54:46,438 WARNING: Failed to parse expression: 'add(add(add(cs_rank(cs_roce), cs_rank(cs_opmargin)), add(cs_rank(cs_roa), cs_rank(cs_roe))), add(neg(cs_rank(cs_accruals)), add(neg(cs_rank(cs_debt_at)), cs_rank(cs_cash_at))))' -> Unable to evaluate terminal: cs_roce.
2026-07-22 09:54:48,104 WARNING: Failed to parse expression: 'sub(cs_rank(log_abs(dollar_volume)), cs_rank(cs_rank(abs_val(ask-bid))))' -> Unable to evaluate terminal: ask-bid.
2026-07-22 09:54:55,777 WARNING: Failed to parse expression: 'add(add(add(cs_rank(cs_bm), cs_rank(cs_roa)), add(cs_rank(cs_roe), cs_rank(cs_gpm))), add(neg(cs_rank(cs_accruals)), add(cs_rank(cs_curr_ratio), neg(cs_rank(cs_asset_growth)))))' -> Unable to evaluate terminal: cs_gpm.
2026-07-22 09:54:55,778 WARNING: Failed to parse expression: 'add(add(add(cs_rank(cs_bm), cs_rank(cs_roa)), add(cs_rank(cs_curr_ratio), neg(cs_rank(cs_accruals)))), neg(cs_rank(cs_asset_growth)))' -> Unable to evaluate terminal: cs_curr_ratio.
2026-07-22 09:54:55,779 WARNING: Failed to parse expression: 'add(add(add(cs_rank(cs_bm), cs_rank(cs_roa)), add(cs_rank(cs_curr_ratio), neg(cs_rank(cs_accruals)))), add(neg(cs_rank(ts_rank(returns, 5))), neg(cs_rank(cs_asset_growth))))' -> Unable to evaluate terminal: cs_curr_ratio.
2026-07-22 09:54:55,781 WARNING: Failed to parse expression: 'add(add(cs_rank(cs_curr_ratio), neg(cs_rank(cs_accruals))), add(neg(cs_rank(cs_asset_growth)), neg(cs_rank(ts_rank(returns, 5)))))' -> Unable to evaluate terminal: cs_curr_ratio.
2026-07-22 09:54:55,783 WARNING: Failed to parse expression: 'add(add(add(cs_rank(cs_ep), cs_rank(cs_roa)), cs_rank(cs_curr_ratio)), add(neg(cs_rank(cs_accruals)), neg(cs_rank(cs_asset_growth))))' -> Unable to evaluate terminal: cs_curr_ratio.
2026-07-22 09:54:59,569 WARNING: Failed to parse expression: 'add(add(cs_rank(cs_bm), cs_rank(neg(ps))), add(cs_rank(cs_roce), add(neg(cs_rank(cs_leverage)), neg(cs_rank(cs_accruals)))))' -> Unable to evaluate terminal: cs_roce.
2026-07-22 09:55:08,705 WARNING: Arity-incomplete expression rejected at parse: 'cs_rank(add(add(cs_rank(neg(log_abs(dollar_volume))), cs_rank(sub(ask, bid))), cs_rank(neg(ts_mean(cs_rank(dollar_volume), 20)))), neg(cs_rank(market_cap))))'
2026-07-22 09:55:09,712 WARNING: Failed to parse expression: 'sub(add(add(cs_rank(cs_roe), cs_rank(curr_ratio)), add(cs_rank(bm), neg(cs_rank(accrual)))), add(cs_rank(debt_at), cs_rank(log_abs(accumulated_dummy))))' -> Unable to evaluate terminal: accumulated_dummy.
2026-07-22 09:55:12,148 WARNING: Failed to parse expression: 'sub(add(add(cs_rank(cs_roe), cs_rank(curr_ratio)), add(cs_rank(bm), neg(cs_rank(accrual)))), add(cs_rank(debt_at), cs_rank(log_abs(accumulated_dummy))))' -> Unable to evaluate terminal: accumulated_dummy.
2026-07-22 09:55:12,333 WARNING: Failed to parse expression: 'sub(neg(cs_rank(cs_asset_growth)), mul(0.3, add(cs_rank(cs_roa), add(cs_rank(cs_accrual), sub(cs_rank(cs_current_ratio), cs_rank(cs_debt_at))))) )' -> Unable to evaluate terminal: cs_accrual.
2026-07-22 09:55:12,336 WARNING: Failed to parse expression: 'add(neg(cs_rank(cs_asset_growth)), mul(0.3, add(cs_rank(cs_bm), add(cs_rank(cs_roce), sub(cs_rank(cs_current_ratio), cs_rank(cs_debt_at))))) )' -> Unable to evaluate terminal: cs_roce.
2026-07-22 09:55:12,761 WARNING: Failed to parse expression: 'add(add(add(cs_rank(cs_ep), neg(cs_rank(pe_exi))), add(cs_rank(cs_bm), neg(cs_rank(ptb)))), add(add(cs_rank(cs_roce), cs_rank(cs_gpmargin)), add(neg(cs_rank(cs_leverage)), neg(cs_rank(cs_accruals)))))' -> Unable to evaluate terminal: cs_roce.
2026-07-22 09:55:15,801 WARNING: Failed to parse expression: 'add(add(add(cs_rank(cs_bm), cs_rank(cs_roa)), add(cs_rank(cs_roe), cs_rank(cs_gpm))), add(neg(cs_rank(cs_accruals)), add(cs_rank(cs_curr_ratio), neg(cs_rank(cs_asset_growth)))))' -> Unable to evaluate terminal: cs_gpm.
2026-07-22 09:55:15,806 WARNING: Failed to parse expression: 'add(add(add(cs_rank(cs_bm), cs_rank(cs_roa)), add(cs_rank(cs_curr_ratio), neg(cs_rank(cs_accruals)))), neg(cs_rank(cs_asset_growth)))' -> Unable to evaluate terminal: cs_curr_ratio.
2026-07-22 09:55:15,807 WARNING: Failed to parse expression: 'add(add(add(cs_rank(cs_bm), cs_rank(cs_roa)), add(cs_rank(cs_curr_ratio), neg(cs_rank(cs_accruals)))), add(neg(cs_rank(ts_rank(returns, 5))), neg(cs_rank(cs_asset_growth))))' -> Unable to evaluate terminal: cs_curr_ratio.
2026-07-22 09:55:15,808 WARNING: Failed to parse expression: 'add(add(cs_rank(cs_curr_ratio), neg(cs_rank(cs_accruals))), add(neg(cs_rank(cs_asset_growth)), neg(cs_rank(ts_rank(returns, 5)))))' -> Unable to evaluate terminal: cs_curr_ratio.
2026-07-22 09:55:15,811 WARNING: Failed to parse expression: 'add(add(add(cs_rank(cs_ep), cs_rank(cs_roa)), cs_rank(cs_curr_ratio)), add(neg(cs_rank(cs_accruals)), neg(cs_rank(cs_asset_growth))))' -> Unable to evaluate terminal: cs_curr_ratio.
2026-07-22 09:55:17,091 WARNING: Failed to parse expression: 'mul(add(cs_rank(bm), cs_rank(pe_op_dil)), sub(add(add(cs_rank(roe), cs_rank(roa)), add(cs_rank(curr_ratio), cs_rank(cash_at))), add(cs_rank(accrual), cs_rank(debt_at))))' -> Unable to evaluate terminal: cash_at.
2026-07-22 09:55:19,682 WARNING: Failed to parse expression: 'sub(neg(cs_rank(cs_asset_growth)), mul(0.3, add(cs_rank(cs_roa), add(cs_rank(cs_accrual), sub(cs_rank(cs_current_ratio), cs_rank(cs_debt_at))))) )' -> Unable to evaluate terminal: cs_accrual.
2026-07-22 09:55:20,344 WARNING: Failed to parse expression: 'add(neg(cs_rank(cs_asset_growth)), mul(0.3, add(cs_rank(cs_bm), add(cs_rank(cs_roce), sub(cs_rank(cs_current_ratio), cs_rank(cs_debt_at))))) )' -> Unable to evaluate terminal: cs_roce.
2026-07-22 09:55:21,011 WARNING: Failed to parse expression: 'add(add(cs_rank(cs_bm), cs_rank(cs_roa)), add(neg(cs_rank(cs_ptb)), add(neg(cs_rank(cs_debt_at)), neg(cs_rank(ts_returns(close, 5))))))' -> Unable to evaluate terminal: cs_ptb.
2026-07-22 09:55:21,733 WARNING: Failed to parse expression: 'sub(cs_rank(log_abs(dollar_volume)), cs_rank(cs_rank(abs_val(ask-bid))))' -> Unable to evaluate terminal: ask-bid.
2026-07-22 09:55:24,155 WARNING: Failed to parse expression: 'add(add(cs_rank(cs_roa), cs_rank(cs_roe)), add(cs_rank(cs_gp_at), add(neg(cs_rank(cs_accruals)), cs_rank(cs_curr_ratio))))' -> Unable to evaluate terminal: cs_curr_ratio.
2026-07-22 09:55:24,156 WARNING: Failed to parse expression: 'add(add(cs_rank(cs_roe), cs_rank(cs_gpm)), add(neg(cs_rank(cs_accruals)), add(neg(cs_rank(cs_debt_at)), cs_rank(cs_current_ratio))))' -> Unable to evaluate terminal: cs_gpm.
2026-07-22 09:55:24,158 WARNING: Failed to parse expression: 'add(add(add(cs_rank(cs_roce), cs_rank(cs_opmargin)), add(cs_rank(cs_roa), cs_rank(cs_roe))), add(neg(cs_rank(cs_accruals)), add(neg(cs_rank(cs_debt_at)), cs_rank(cs_cash_at))))' -> Unable to evaluate terminal: cs_roce.
2026-07-22 09:55:24,160 WARNING: Failed to parse expression: 'add(add(cs_rank(cs_roa), cs_rank(cs_roe)), add(cs_rank(cs_gpm), add(neg(cs_rank(cs_accruals)), add(neg(cs_rank(cs_debt_at)), cs_rank(cs_curr_ratio)))))' -> Unable to evaluate terminal: cs_gpm.
2026-07-22 09:55:24,162 WARNING: Failed to parse expression: 'add(add(cs_rank(cs_roa), cs_rank(cs_opmargin)), add(cs_rank(cs_gpm), neg(cs_rank(cs_accruals))))' -> Unable to evaluate terminal: cs_gpm.
2026-07-22 09:55:24,163 WARNING: Failed to parse expression: 'add(add(cs_rank(cs_roe), cs_rank(cs_roa)), add(neg(cs_rank(cs_debt_at)), cs_rank(cs_curr_ratio)))' -> Unable to evaluate terminal: cs_curr_ratio.
2026-07-22 09:55:26,721 WARNING: Failed to parse expression: 'add(add(cs_rank(cs_roa), cs_rank(cs_roe)), add(cs_rank(cs_gp_at), add(neg(cs_rank(cs_accruals)), cs_rank(cs_curr_ratio))))' -> Unable to evaluate terminal: cs_curr_ratio.
2026-07-22 09:55:39,391 WARNING: Failed to parse expression: 'add(neg(cs_rank(cs_asset_growth)), add(cs_rank(cs_roa), add(cs_rank(gpm), add(cs_rank(curr_ratio), neg(cs_rank(cs_accrual))))))' -> Unable to evaluate terminal: cs_accrual.
2026-07-22 09:55:39,392 WARNING: Failed to parse expression: 'sub(add(cs_rank(cs_roa), add(cs_rank(gpm), cs_rank(curr_ratio))), add(cs_rank(cs_asset_growth), cs_rank(cs_accrual)))' -> Unable to evaluate terminal: cs_accrual.
2026-07-22 09:55:39,395 WARNING: Failed to parse expression: 'add(neg(cs_rank(cs_asset_growth)), add(cs_rank(cs_roa), add(cs_rank(gpm), add(cs_rank(curr_ratio), neg(cs_rank(cs_accrual))))))' -> Unable to evaluate terminal: cs_accrual.
2026-07-22 09:55:39,396 WARNING: Failed to parse expression: 'sub(add(cs_rank(cs_roa), add(cs_rank(gpm), cs_rank(curr_ratio))), add(cs_rank(cs_asset_growth), cs_rank(cs_accrual)))' -> Unable to evaluate terminal: cs_accrual.
2026-07-22 09:55:41,318 WARNING: Failed to parse expression: 'add(add(cs_rank(cs_roe), cs_rank(cs_gpm)), add(neg(cs_rank(cs_accruals)), add(neg(cs_rank(cs_debt_at)), cs_rank(cs_current_ratio))))' -> Unable to evaluate terminal: cs_gpm.
2026-07-22 09:55:41,319 WARNING: Failed to parse expression: 'add(add(add(cs_rank(cs_roce), cs_rank(cs_opmargin)), add(cs_rank(cs_roa), cs_rank(cs_roe))), add(neg(cs_rank(cs_accruals)), add(neg(cs_rank(cs_debt_at)), cs_rank(cs_cash_at))))' -> Unable to evaluate terminal: cs_roce.
2026-07-22 09:55:41,319 WARNING: Failed to parse expression: 'add(add(cs_rank(cs_roa), cs_rank(cs_roe)), add(cs_rank(cs_gpm), add(neg(cs_rank(cs_accruals)), add(neg(cs_rank(cs_debt_at)), cs_rank(cs_curr_ratio)))))' -> Unable to evaluate terminal: cs_gpm.
2026-07-22 09:55:41,770 WARNING: Failed to parse expression: 'add(add(cs_rank(cs_bm), cs_rank(cs_ep)), add(cs_rank(cs_gpm), add(neg(cs_rank(cs_debt_at)), neg(cs_rank(cs_accruals)))))' -> Unable to evaluate terminal: cs_gpm.
2026-07-22 09:55:41,771 WARNING: Failed to parse expression: 'add(add(cs_rank(cs_bm), cs_rank(neg(ps))), add(cs_rank(cs_roce), add(neg(cs_rank(cs_leverage)), neg(cs_rank(cs_accruals)))))' -> Unable to evaluate terminal: cs_roce.
2026-07-22 09:55:41,773 WARNING: Failed to parse expression: 'add(add(add(cs_rank(cs_ep), neg(cs_rank(pe_exi))), add(cs_rank(cs_bm), neg(cs_rank(ptb)))), add(add(cs_rank(cs_roce), cs_rank(cs_gpmargin)), add(neg(cs_rank(cs_leverage)), neg(cs_rank(cs_accruals)))))' -> Unable to evaluate terminal: cs_roce.
2026-07-22 09:55:43,374 WARNING: Failed to parse expression: 'add(add(cs_rank(cs_roa), cs_rank(cs_opmargin)), add(cs_rank(cs_gpm), neg(cs_rank(cs_accruals))))' -> Unable to evaluate terminal: cs_gpm.
2026-07-22 09:55:43,375 WARNING: Failed to parse expression: 'add(add(cs_rank(cs_roe), cs_rank(cs_roa)), add(neg(cs_rank(cs_debt_at)), cs_rank(cs_curr_ratio)))' -> Unable to evaluate terminal: cs_curr_ratio.
2026-07-22 09:55:45,564 WARNING: Failed to parse expression: 'add(add(cs_rank(cs_bm), cs_rank(cs_roa)), add(neg(cs_rank(cs_ptb)), add(neg(cs_rank(cs_debt_at)), neg(cs_rank(ts_returns(close, 5))))))' -> Unable to evaluate terminal: cs_ptb.
2026-07-22 09:55:50,397 WARNING: Failed to parse expression: 'add(add(cs_rank(cs_bm), cs_rank(cs_ep)), add(cs_rank(cs_gpm), add(neg(cs_rank(cs_debt_at)), neg(cs_rank(cs_accruals)))))' -> Unable to evaluate terminal: cs_gpm.
2026-07-22 09:55:53,658 WARNING: Failed to parse expression: 'sub(add(cs_rank(cs_roa), cs_rank(cs_gpm)), cs_rank(cs_accruals))' -> Unable to evaluate terminal: cs_gpm.
2026-07-22 09:55:53,660 WARNING: Failed to parse expression: 'sub(add(cs_rank(cs_roa), cs_rank(cs_gpm)), mul(1.5, cs_rank(cs_accruals)))' -> Unable to evaluate terminal: cs_gpm.
2026-07-22 09:55:53,660 WARNING: Failed to parse expression: 'sub(add(cs_rank(cs_roa), cs_rank(cs_gpm)), cs_rank(cs_accruals))' -> Unable to evaluate terminal: cs_gpm.
2026-07-22 09:55:55,770 WARNING: Failed to parse expression: 'add(add(cs_rank(cs_bm), cs_rank(neg(ps))), add(cs_rank(cs_roce), add(neg(cs_rank(cs_leverage)), neg(cs_rank(cs_accruals)))))' -> Unable to evaluate terminal: cs_roce.
2026-07-22 09:55:58,068 WARNING: Failed to parse expression: 'sub(cs_rank(log_abs(dollar_volume)), cs_rank(cs_rank(abs_val(ask-bid))))' -> Unable to evaluate terminal: ask-bid.
2026-07-22 09:55:59,746 WARNING: Failed to parse expression: 'mul(add(cs_rank(bm), cs_rank(pe_op_dil)), sub(add(add(cs_rank(roe), cs_rank(roa)), add(cs_rank(curr_ratio), cs_rank(cash_at))), add(cs_rank(accrual), cs_rank(debt_at))))' -> Unable to evaluate terminal: cash_at.
2026-07-22 09:56:03,170 WARNING: Failed to parse expression: 'sub(add(cs_rank(cs_roa), cs_rank(cs_gpm)), cs_rank(cs_accruals))' -> Unable to evaluate terminal: cs_gpm.
2026-07-22 09:56:04,388 WARNING: Failed to parse expression: 'sub(add(cs_rank(cs_roa), cs_rank(cs_gpm)), mul(1.5, cs_rank(cs_accruals)))' -> Unable to evaluate terminal: cs_gpm.
2026-07-22 09:56:04,388 WARNING: Failed to parse expression: 'sub(add(cs_rank(cs_roa), cs_rank(cs_gpm)), cs_rank(cs_accruals))' -> Unable to evaluate terminal: cs_gpm.
2026-07-22 09:56:06,093 WARNING: Failed to parse expression: 'add(add(add(cs_rank(cs_ep), neg(cs_rank(pe_exi))), add(cs_rank(cs_bm), neg(cs_rank(ptb)))), add(add(cs_rank(cs_roce), cs_rank(cs_gpmargin)), add(neg(cs_rank(cs_leverage)), neg(cs_rank(cs_accruals)))))' -> Unable to evaluate terminal: cs_roce.
2026-07-22 09:56:16,456 WARNING: Failed to parse expression: 'add(add(cs_rank(cs_bm), neg(cs_rank(cs_accruals))), cs_rank(cs_roce))' -> Unable to evaluate terminal: cs_roce.
2026-07-22 09:56:18,467 WARNING: Failed to parse expression: 'add(add(cs_rank(cs_bm), neg(cs_rank(cs_accruals))), cs_rank(cs_roce))' -> Unable to evaluate terminal: cs_roce.
2026-07-22 09:56:41,651 WARNING: Failed to parse expression: 'add(mul(neg(cs_rank(cs_asset_growth)), 0.65), add(mul(cs_rank(cs_roce), 0.2), add(mul(cs_rank(cs_current_ratio), 0.1), mul(neg(cs_rank(cs_debt_at)), 0.05))))' -> Unable to evaluate terminal: cs_roce.
2026-07-22 09:57:02,400 WARNING: Failed to parse expression: 'add(add(cs_rank(cs_cash_at), cs_rank(cs_roe)), neg(add(cs_rank(debt_at), cs_rank(cs_accrual))))' -> Unable to evaluate terminal: cs_accrual.
2026-07-22 09:57:31,714 WARNING: Failed to parse expression: 'add(add(neg(cs_rank(cs_asset_growth)), mul(0.3, cs_rank(cs_roce))), mul(0.2, neg(cs_rank(ptb))))' -> Unable to evaluate terminal: cs_roce.
2026-07-22 09:57:33,951 WARNING: Failed to parse expression: 'add(cs_rank(neg(cs_leverage)), add(cs_rank(cs_quick_ratio), neg(cs_rank(cs_asset_growth))))' -> Unable to evaluate terminal: cs_quick_ratio.
2026-07-22 09:57:42,332 WARNING: Failed to parse expression: 'add(add(cs_rank(cash_at), cs_rank(roe)), neg(add(cs_rank(debt_at), cs_rank(accrual))))' -> Unable to evaluate terminal: cash_at.
2026-07-22 09:57:42,333 WARNING: Failed to parse expression: 'add(add(add(cs_rank(bm), cs_rank(roe)), add(cs_rank(cash_at), neg(add(cs_rank(accrual), cs_rank(asset_growth))))), neg(cs_rank(ts_returns(close, 5))))' -> Unable to evaluate terminal: cash_at.
2026-07-22 09:57:42,333 WARNING: Failed to parse expression: 'add(add(cs_rank(bm), cs_rank(roe)), add(cs_rank(cash_at), neg(add(cs_rank(accrual), add(cs_rank(asset_growth), cs_rank(ts_returns(close, 5)))))))' -> Unable to evaluate terminal: cash_at.
2026-07-22 09:57:42,333 WARNING: Failed to parse expression: 'add(add(add(cs_rank(bm), cs_rank(roe)), add(cs_rank(cash_at), cs_rank(gpmargin))), neg(add(cs_rank(accrual), add(cs_rank(debt_at), cs_rank(asset_growth)))))' -> Unable to evaluate terminal: cash_at.
2026-07-22 09:57:45,361 WARNING: Failed to parse expression: 'mul(cs_rank(neg(ts_returns(close, 5))), cs_rank(add(cs_rank(dollar_volume), neg(cs_rank(spread_proxy)))) )' -> Unable to evaluate terminal: spread_proxy.
2026-07-22 09:57:46,679 WARNING: Arity-incomplete expression rejected at parse: 'cs_rank(add(add(cs_rank(ts_returns(close,20)), cs_rank(ts_returns(close,5))), cs_rank(ts_mean(volume,20))), cs_rank(dollar_volume))'
2026-07-22 09:57:50,297 WARNING: Failed to parse expression: 'add(add(cs_rank(cash_at), cs_rank(roe)), neg(add(cs_rank(debt_at), cs_rank(accrual))))' -> Unable to evaluate terminal: cash_at.
2026-07-22 09:57:50,298 WARNING: Failed to parse expression: 'add(add(add(cs_rank(bm), cs_rank(roe)), add(cs_rank(cash_at), neg(add(cs_rank(accrual), cs_rank(asset_growth))))), neg(cs_rank(ts_returns(close, 5))))' -> Unable to evaluate terminal: cash_at.
2026-07-22 09:57:50,300 WARNING: Failed to parse expression: 'add(add(cs_rank(bm), cs_rank(roe)), add(cs_rank(cash_at), neg(add(cs_rank(accrual), add(cs_rank(asset_growth), cs_rank(ts_returns(close, 5)))))))' -> Unable to evaluate terminal: cash_at.
2026-07-22 09:57:50,302 WARNING: Failed to parse expression: 'add(add(add(cs_rank(bm), cs_rank(roe)), add(cs_rank(cash_at), cs_rank(gpmargin))), neg(add(cs_rank(accrual), add(cs_rank(debt_at), cs_rank(asset_growth)))))' -> Unable to evaluate terminal: cash_at.
2026-07-22 09:57:54,817 WARNING: Failed to parse expression: 'add(add(cs_rank(cs_bm), cs_rank(cs_roa)), sub(cs_rank(cs_curr_ratio), add(cs_rank(cs_debt_at), cs_rank(cs_accruals))))' -> Unable to evaluate terminal: cs_curr_ratio.
2026-07-22 09:57:54,818 WARNING: Failed to parse expression: 'sub(add(cs_rank(cs_roa), cs_rank(cs_curr_ratio)), add(cs_rank(cs_debt_at), cs_rank(cs_accruals)))' -> Unable to evaluate terminal: cs_curr_ratio.
2026-07-22 09:57:55,251 WARNING: Failed to parse expression: 'add(add(add(cs_rank(cs_ep), cs_rank(cs_gpm)), add(cs_rank(cs_roa), neg(cs_rank(cs_accruals)))), add(neg(cs_rank(cs_debt_at)), cs_rank(dollar_volume)))' -> Unable to evaluate terminal: cs_gpm.
2026-07-22 09:57:56,622 WARNING: Failed to parse expression: 'add(cs_rank(dollar_volume), neg(cs_rank(abs_val(sp))))' -> Unable to evaluate terminal: sp.
2026-07-22 09:58:05,117 WARNING: Failed to parse expression: 'add(add(cs_rank(cs_bm), cs_rank(cs_roa)), sub(cs_rank(cs_curr_ratio), add(cs_rank(cs_debt_at), cs_rank(cs_accruals))))' -> Unable to evaluate terminal: cs_curr_ratio.
2026-07-22 09:58:10,591 WARNING: Failed to parse expression: 'sub(add(cs_rank(cs_roa), cs_rank(cs_curr_ratio)), add(cs_rank(cs_debt_at), cs_rank(cs_accruals)))' -> Unable to evaluate terminal: cs_curr_ratio.
2026-07-22 09:58:16,121 WARNING: Failed to parse expression: 'add(add(add(cs_rank(cs_ep), cs_rank(cs_gpm)), add(cs_rank(cs_roa), neg(cs_rank(cs_accruals)))), add(neg(cs_rank(cs_debt_at)), cs_rank(dollar_volume)))' -> Unable to evaluate terminal: cs_gpm.
2026-07-22 09:58:48,184 WARNING: Failed to parse expression: 'add(add(cs_rank(neg(cs_accruals)), cs_rank(cs_roa)), cs_rank(cs_gpm))' -> Unable to evaluate terminal: cs_gpm.
2026-07-22 09:58:48,185 WARNING: Failed to parse expression: 'add(add(cs_rank(neg(cs_accruals)), cs_rank(cs_roa)), cs_rank(cs_gpm))' -> Unable to evaluate terminal: cs_gpm.
2026-07-22 09:58:55,384 WARNING: Failed to parse expression: 'add(add(cs_rank(neg(cs_accruals)), cs_rank(cs_roa)), cs_rank(cs_gpm))' -> Unable to evaluate terminal: cs_gpm.
2026-07-22 09:58:55,384 WARNING: Failed to parse expression: 'add(add(cs_rank(neg(cs_accruals)), cs_rank(cs_roa)), cs_rank(cs_gpm))' -> Unable to evaluate terminal: cs_gpm.
2026-07-22 09:59:06,819 WARNING: Failed to parse expression: 'add(add(cs_rank(ts_returns(close, 20)), cs_rank(sub(close, ts_min(low, 20)))), cs_rank(add(cs_roa, cs_gpm)))' -> Unable to evaluate terminal: cs_gpm.
2026-07-22 09:59:26,709 WARNING: Failed to parse expression: 'add(add(cs_rank(ts_returns(close, 20)), cs_rank(sub(close, ts_min(low, 20)))), cs_rank(add(cs_roa, cs_gpm)))' -> Unable to evaluate terminal: cs_gpm.
2026-07-22 09:59:27,371 WARNING: Failed to parse expression: 'add(add(cs_rank(neg(debt_at)), cs_rank(curr_ratio)), add(cs_rank(cash_ratio), cs_rank(cs_gpm)))' -> Unable to evaluate terminal: cs_gpm.
2026-07-22 09:59:33,045 WARNING: Failed to parse expression: 'mul(cs_rank(neg(ts_returns(close, 5))), cs_rank(add(cs_rank(dollar_volume), neg(cs_rank(spread_proxy)))) )' -> Unable to evaluate terminal: spread_proxy.
2026-07-22 09:59:33,160 WARNING: Failed to parse expression: 'mul(add(add(cs_rank(cs_bm), cs_rank(cs_roce)), add(neg(cs_rank(cs_debt_at)), neg(cs_rank(cs_accruals)))), cs_rank(ts_mean(returns, 20)))' -> Unable to evaluate terminal: cs_roce.
2026-07-22 09:59:33,742 WARNING: Arity-incomplete expression rejected at parse: 'add(add(cs_rank(ts_rank(returns, 10)), cs_rank(ts_rank(safe_div(sub(close, ts_min(low, 20)), add(sub(ts_max(high, 20), ts_min(low, 20)), 0.0001)), 10))), add(cs_rank(ts_rank(ts_returns(volume, 5))), cs_rank(safe_div(sub(close, open), add(sub(high, low), 0.0001))))), add(cs_rank(dollar_volume), neg(cs_rank(ts_std(returns, 20)))))'
2026-07-22 09:59:41,463 WARNING: Failed to parse expression: 'mul(cs_rank(neg(ts_returns(close, 5))), cs_rank(add(cs_rank(dollar_volume), neg(cs_rank(spread_proxy)))) )' -> Unable to evaluate terminal: spread_proxy.
2026-07-22 09:59:50,967 WARNING: Failed to parse expression: 'add(add(cs_rank(neg(debt_at)), cs_rank(curr_ratio)), add(cs_rank(cash_ratio), cs_rank(cs_gpm)))' -> Unable to evaluate terminal: cs_gpm.
2026-07-22 09:59:51,244 WARNING: Arity-incomplete expression rejected at parse: 'add(add(add(cs_rank(ts_returns(close, 20)), cs_rank(ts_rank(close, 20))), cs_rank(ts_rank(high, 20))), add(cs_rank(ts_rank(volume, 20)), cs_rank(safe_div(close, high)))), neg(add(cs_rank(ts_std(returns, 20)), cs_rank(safe_div(low, close)))))'
2026-07-22 10:00:06,109 WARNING: Failed to parse expression: 'add(mul(neg(cs_rank(returns)), cs_rank(ts_std(returns, 20))), mul(cs_rank(dollar_volume), neg(cs_rank(abs_val(ask-bid)))))' -> Unable to evaluate terminal: ask-bid.
2026-07-22 10:00:07,636 WARNING: Failed to parse expression: 'add(neg(cs_rank(ts_returns(close, 20))), sub(add(cs_rank(cs_gpm), cs_rank(cs_roa)), add(cs_rank(cs_accruals), cs_rank(cs_debt_at))))' -> Unable to evaluate terminal: cs_gpm.
2026-07-22 10:00:08,229 WARNING: Failed to parse expression: 'add(neg(cs_rank(ts_returns(close, 5))), mul(cs_rank(ts_std(returns, 20)), neg(cs_rank(abs_val(ask-bid)))))' -> Unable to evaluate terminal: ask-bid.
2026-07-22 10:00:08,230 WARNING: Failed to parse expression: 'add(cs_rank(dollar_volume), neg(cs_rank(abs_val(ask-bid))))' -> Unable to evaluate terminal: ask-bid.
2026-07-22 10:00:10,693 WARNING: Failed to parse expression: 'add(neg(cs_rank(ts_returns(close, 20))), sub(add(cs_rank(cs_gpm), cs_rank(cs_roa)), add(cs_rank(cs_accruals), cs_rank(cs_debt_at))))' -> Unable to evaluate terminal: cs_gpm.
2026-07-22 10:00:14,341 WARNING: Failed to parse expression: 'add(add(neg(cs_rank(cs_debt_at)), cs_rank(cs_current_ratio)), add(cs_rank(cs_roce), neg(cs_rank(cs_accruals))))' -> Unable to evaluate terminal: cs_roce.
2026-07-22 10:00:15,217 WARNING: Failed to parse expression: 'sub(add(cs_rank(cs_roa), cs_rank(cs_gpm)), cs_rank(cs_asset_growth))' -> Unable to evaluate terminal: cs_gpm.
2026-07-22 10:00:15,217 WARNING: Failed to parse expression: 'sub(add(cs_rank(cs_gpm), cs_rank(cs_current_ratio)), cs_rank(cs_asset_growth))' -> Unable to evaluate terminal: cs_gpm.
2026-07-22 10:00:15,217 WARNING: Failed to parse expression: 'add(sub(1, cs_rank(cs_asset_growth)), add(cs_rank(cs_roa), cs_rank(cs_curr_ratio)))' -> Unable to evaluate terminal: cs_curr_ratio.
2026-07-22 10:00:17,369 WARNING: Failed to parse expression: 'sub(add(cs_rank(cs_roa), cs_rank(cs_gpm)), cs_rank(cs_asset_growth))' -> Unable to evaluate terminal: cs_gpm.
2026-07-22 10:00:17,370 WARNING: Failed to parse expression: 'sub(add(cs_rank(cs_gpm), cs_rank(cs_current_ratio)), cs_rank(cs_asset_growth))' -> Unable to evaluate terminal: cs_gpm.
2026-07-22 10:00:21,118 WARNING: Failed to parse expression: 'add(sub(1, cs_rank(cs_asset_growth)), add(cs_rank(cs_roa), cs_rank(cs_curr_ratio)))' -> Unable to evaluate terminal: cs_curr_ratio.
2026-07-22 10:00:26,885 WARNING: Failed to parse expression: 'add(add(add(cs_rank(cs_bm), cs_rank(cs_roce)), neg(cs_rank(cs_debt_at))), neg(cs_rank(cs_accruals)))' -> Unable to evaluate terminal: cs_roce.
2026-07-22 10:00:29,631 WARNING: Failed to parse expression: 'add(add(add(cs_rank(cs_bm), cs_rank(cs_roce)), neg(add(cs_rank(cs_debt_at), cs_rank(cs_accruals)))), neg(cs_rank(ts_returns(close, 20))))' -> Unable to evaluate terminal: cs_roce.
2026-07-22 10:00:30,058 WARNING: Failed to parse expression: 'add(add(add(cs_rank(cs_bm), cs_rank(cs_roce)), neg(cs_rank(cs_debt_at))), neg(cs_rank(cs_accruals)))' -> Unable to evaluate terminal: cs_roce.
2026-07-22 10:00:40,834 WARNING: Failed to parse expression: 'add(sub(cs_rank(cs_roa), cs_rank(cs_asset_growth)), cs_rank(cs_gpm))' -> Unable to evaluate terminal: cs_gpm.
2026-07-22 10:00:41,194 WARNING: Failed to parse expression: 'add(sub(cs_rank(cs_roa), cs_rank(cs_asset_growth)), cs_rank(cs_gpm))' -> Unable to evaluate terminal: cs_gpm.
2026-07-22 10:00:54,146 WARNING: Failed to parse expression: 'add(add(add(cs_rank(cs_bm), neg(cs_rank(pe_exi))), add(cs_rank(cs_roce), cs_rank(cs_opmargin))), add(neg(cs_rank(cs_debt_at)), neg(cs_rank(cs_accruals))))' -> Unable to evaluate terminal: cs_roce.
2026-07-22 10:00:58,467 WARNING: Failed to parse expression: 'add(add(cs_rank(cs_ep), neg(cs_rank(ps))), add(cs_rank(cs_roce), add(neg(cs_rank(cs_accruals)), neg(cs_rank(cs_debt_at)))))' -> Unable to evaluate terminal: cs_roce.
2026-07-22 10:01:01,558 WARNING: Failed to parse expression: 'add(add(sub(cs_rank(cs_roa), cs_rank(cs_accruals)), cs_rank(cs_gpm)), sub(cs_rank(cs_roe), cs_rank(cs_debt_at)))' -> Unable to evaluate terminal: cs_gpm.
2026-07-22 10:01:01,559 WARNING: Failed to parse expression: 'add(add(cs_rank(neg(cs_accruals)), cs_rank(cs_roa)), cs_rank(cs_gpm))' -> Unable to evaluate terminal: cs_gpm.
2026-07-22 10:01:01,559 WARNING: Failed to parse expression: 'add(add(cs_rank(neg(cs_accruals)), cs_rank(cs_roa)), add(cs_rank(cs_opmargin), cs_rank(cs_gpm)))' -> Unable to evaluate terminal: cs_gpm.
2026-07-22 10:01:04,820 WARNING: Failed to parse expression: 'add(add(sub(cs_rank(cs_roa), cs_rank(cs_accruals)), cs_rank(cs_gpm)), sub(cs_rank(cs_roe), cs_rank(cs_debt_at)))' -> Unable to evaluate terminal: cs_gpm.
2026-07-22 10:01:07,787 WARNING: Failed to parse expression: 'add(add(cs_rank(neg(cs_accruals)), cs_rank(cs_roa)), cs_rank(cs_gpm))' -> Unable to evaluate terminal: cs_gpm.
2026-07-22 10:01:07,788 WARNING: Failed to parse expression: 'add(add(cs_rank(neg(cs_accruals)), cs_rank(cs_roa)), add(cs_rank(cs_opmargin), cs_rank(cs_gpm)))' -> Unable to evaluate terminal: cs_gpm.
2026-07-22 10:01:12,531 WARNING: Failed to parse expression: 'add(add(cs_rank(cs_bm), neg(cs_rank(ptb))), add(add(cs_rank(cs_roce), cs_rank(cs_cash_at)), neg(add(cs_rank(cs_debt_at), cs_rank(cs_accruals)))))' -> Unable to evaluate terminal: cs_roce.
2026-07-22 10:01:13,995 WARNING: Failed to parse expression: 'add(add(cs_rank(neg(cs_accruals)), cs_rank(cs_roa)), add(cs_rank(cs_curr_ratio), neg(cs_rank(cs_debt_at))))' -> Unable to evaluate terminal: cs_curr_ratio.
2026-07-22 10:01:13,996 WARNING: Failed to parse expression: 'add(add(cs_rank(neg(cs_accruals)), cs_rank(cs_curr_ratio)), cs_rank(cs_roa))' -> Unable to evaluate terminal: cs_curr_ratio.
2026-07-22 10:01:16,701 WARNING: Failed to parse expression: 'add(add(cs_rank(neg(cs_accruals)), cs_rank(cs_roa)), add(cs_rank(cs_curr_ratio), neg(cs_rank(cs_debt_at))))' -> Unable to evaluate terminal: cs_curr_ratio.
2026-07-22 10:01:16,701 WARNING: Failed to parse expression: 'add(add(cs_rank(neg(cs_accruals)), cs_rank(cs_curr_ratio)), cs_rank(cs_roa))' -> Unable to evaluate terminal: cs_curr_ratio.
2026-07-22 10:01:25,242 WARNING: Failed to parse expression: 'add(add(cs_rank(neg(pe_op_dil)), cs_rank(neg(ptb))), add(cs_rank(cs_roce), cs_rank(neg(de_ratio))))' -> Unable to evaluate terminal: cs_roce.
2026-07-22 10:01:26,121 WARNING: Failed to parse expression: 'add(cs_rank(neg(cs_accruals)), cs_rank(cs_roce))' -> Unable to evaluate terminal: cs_roce.
2026-07-22 10:01:27,994 WARNING: Failed to parse expression: 'add(add(cs_rank(neg(cs_accruals)), cs_rank(cs_roce)), add(cs_rank(cs_cash_at), neg(cs_rank(cs_leverage))))' -> Unable to evaluate terminal: cs_roce.
2026-07-22 10:01:28,805 WARNING: Failed to parse expression: 'add(add(cs_rank(cs_bm), cs_rank(neg(cs_pe_exi))), add(cs_rank(cs_roa), add(cs_rank(cs_current_ratio), add(neg(cs_rank(cs_leverage)), neg(cs_rank(cs_accruals))))))' -> Unable to evaluate terminal: cs_pe_exi.
2026-07-22 10:01:28,805 WARNING: Failed to parse expression: 'add(add(cs_rank(cs_bm), cs_rank(neg(cs_pe_exi))), add(cs_rank(cs_roa), add(cs_rank(log_abs(dollar_volume)), neg(cs_rank(neg(market_cap))))))' -> Unable to evaluate terminal: cs_pe_exi.
2026-07-22 10:01:28,805 WARNING: Failed to parse expression: 'add(cs_rank(cs_bm), add(cs_rank(cs_roce), neg(cs_rank(cs_asset_growth))))' -> Unable to evaluate terminal: cs_roce.
2026-07-22 10:01:29,913 WARNING: Failed to parse expression: 'add(add(cs_rank(cs_ep), neg(cs_rank(ps))), add(cs_rank(cs_roce), add(neg(cs_rank(cs_accruals)), neg(cs_rank(cs_debt_at)))))' -> Unable to evaluate terminal: cs_roce.
2026-07-22 10:01:37,382 WARNING: Arity-incomplete expression rejected at parse: 'add(add(cs_rank(ts_returns(close, 20)), cs_rank(safe_div(sub(close, ts_min(low, 20)), sub(ts_max(high, 20), ts_min(low, 20))))), cs_rank(ts_rank(volume, 20))), neg(cs_rank(ts_std(ts_returns(close, 1), 20))))'
2026-07-22 10:01:49,310 WARNING: Failed to parse expression: 'add(add(cs_rank(cs_ep), neg(cs_rank(ps))), add(cs_rank(cs_roce), add(neg(cs_rank(cs_accruals)), neg(cs_rank(cs_debt_at)))))' -> Unable to evaluate terminal: cs_roce.
2026-07-22 10:01:59,376 WARNING: Failed to parse expression: 'add(add(cs_rank(neg(pe_op_dil)), cs_rank(neg(ptb))), add(cs_rank(cs_roce), cs_rank(neg(de_ratio))))' -> Unable to evaluate terminal: cs_roce.
2026-07-22 10:01:59,630 WARNING: Failed to parse expression: 'add(cs_rank(neg(cs_accruals)), cs_rank(cs_roce))' -> Unable to evaluate terminal: cs_roce.
2026-07-22 10:02:05,986 WARNING: Failed to parse expression: 'add(add(cs_rank(neg(cs_accruals)), cs_rank(cs_roa)), add(cs_rank(cs_gpm), cs_rank(neg(cs_debt_at))))' -> Unable to evaluate terminal: cs_gpm.
2026-07-22 10:02:05,989 WARNING: Failed to parse expression: 'add(add(neg(cs_rank(cs_accruals)), cs_rank(cs_roa)), add(cs_rank(cs_gpm), neg(cs_rank(cs_debt_at))))' -> Unable to evaluate terminal: cs_gpm.
2026-07-22 10:02:05,990 WARNING: Failed to parse expression: 'add(add(cs_rank(neg(cs_accruals)), cs_rank(cs_roa)), add(cs_rank(cs_gpm), neg(cs_rank(cs_debt_at))))' -> Unable to evaluate terminal: cs_gpm.
2026-07-22 10:02:05,994 WARNING: Failed to parse expression: 'add(add(neg(cs_rank(cs_accruals)), cs_rank(cs_roa)), add(cs_rank(cs_gpm), neg(cs_rank(cs_debt_at))))' -> Unable to evaluate terminal: cs_gpm.
2026-07-22 10:02:05,995 WARNING: Failed to parse expression: 'add(add(cs_rank(neg(cs_accruals)), cs_rank(cs_roa)), add(cs_rank(cs_gpm), cs_rank(neg(cs_debt_at))))' -> Unable to evaluate terminal: cs_gpm.
2026-07-22 10:02:06,368 WARNING: Failed to parse expression: 'add(add(neg(cs_rank(cs_accruals)), cs_rank(cs_roa)), add(cs_rank(cs_gpm), neg(cs_rank(cs_debt_at))))' -> Unable to evaluate terminal: cs_gpm.
2026-07-22 10:02:06,368 WARNING: Failed to parse expression: 'add(add(cs_rank(neg(cs_accruals)), cs_rank(cs_roa)), add(cs_rank(cs_gpm), neg(cs_rank(cs_debt_at))))' -> Unable to evaluate terminal: cs_gpm.
2026-07-22 10:02:09,926 WARNING: Failed to parse expression: 'add(add(neg(cs_rank(cs_accruals)), cs_rank(cs_roa)), add(cs_rank(cs_gpm), neg(cs_rank(cs_debt_at))))' -> Unable to evaluate terminal: cs_gpm.
2026-07-22 10:02:12,405 WARNING: Failed to parse expression: 'add(cs_rank(neg(cs_accruals)), cs_rank(cs_roce))' -> Unable to evaluate terminal: cs_roce.
2026-07-22 10:02:16,765 WARNING: Failed to parse expression: 'add(cs_rank(dollar_volume), neg(cs_rank(abs_val(spread_proxy))))' -> Unable to evaluate terminal: spread_proxy.
2026-07-22 10:02:36,743 WARNING: Failed to parse expression: 'add(add(cs_rank(neg(pe_op_dil)), cs_rank(neg(ptb))), add(cs_rank(cs_roce), cs_rank(neg(de_ratio))))' -> Unable to evaluate terminal: cs_roce.
2026-07-22 10:02:49,127 WARNING: Failed to parse expression: 'add(add(add(cs_rank(neg(cs_asset_growth)), cs_rank(cs_roa)), neg(cs_rank(cs_accruals))), cs_rank(cs_curr_ratio))' -> Unable to evaluate terminal: cs_curr_ratio.
2026-07-22 10:02:49,128 WARNING: Failed to parse expression: 'add(add(add(cs_rank(neg(cs_asset_growth)), cs_rank(cs_roa)), neg(cs_rank(cs_accruals))), cs_rank(cs_curr_ratio))' -> Unable to evaluate terminal: cs_curr_ratio.
2026-07-22 10:02:51,236 WARNING: Failed to parse expression: 'add(add(add(cs_rank(neg(cs_asset_growth)), cs_rank(cs_roa)), neg(cs_rank(cs_accruals))), cs_rank(cs_curr_ratio))' -> Unable to evaluate terminal: cs_curr_ratio.
2026-07-22 10:02:51,236 WARNING: Failed to parse expression: 'add(add(add(cs_rank(neg(cs_asset_growth)), cs_rank(cs_roa)), neg(cs_rank(cs_accruals))), cs_rank(cs_curr_ratio))' -> Unable to evaluate terminal: cs_curr_ratio.
2026-07-22 10:03:17,247 WARNING: Failed to parse expression: 'add(add(cs_rank(neg(cs_debt_at)), cs_rank(cs_curr_ratio)), add(cs_rank(cs_roa), cs_rank(cs_roe)))' -> Unable to evaluate terminal: cs_curr_ratio.
2026-07-22 10:03:17,248 WARNING: Failed to parse expression: 'add(add(cs_rank(neg(cs_debt_at)), cs_rank(cs_curr_ratio)), add(cs_rank(cs_roa), cs_rank(cs_cash_at)))' -> Unable to evaluate terminal: cs_curr_ratio.
2026-07-22 10:03:17,249 WARNING: Failed to parse expression: 'add(add(add(cs_rank(cs_debt_at), neg(cs_rank(cs_curr_ratio))), cs_rank(neg(returns))), cs_rank(neg(cs_accrual)))' -> Unable to evaluate terminal: cs_curr_ratio.
2026-07-22 10:03:17,250 WARNING: Failed to parse expression: 'add(cs_rank(cs_debt_at), neg(cs_rank(cs_curr_ratio)))' -> Unable to evaluate terminal: cs_curr_ratio.
2026-07-22 10:03:17,250 WARNING: Failed to parse expression: 'add(add(cs_rank(neg(cs_debt_at)), cs_rank(cs_curr_ratio)), add(cs_rank(cs_roa), cs_rank(cs_roe)))' -> Unable to evaluate terminal: cs_curr_ratio.
2026-07-22 10:03:17,251 WARNING: Failed to parse expression: 'add(add(cs_rank(neg(cs_debt_at)), cs_rank(cs_curr_ratio)), add(cs_rank(cs_roe), cs_rank(cs_roa)))' -> Unable to evaluate terminal: cs_curr_ratio.
2026-07-22 10:03:17,253 WARNING: Failed to parse expression: 'add(add(cs_rank(neg(cs_debt_at)), cs_rank(cs_curr_ratio)), add(cs_rank(cs_cash_at), cs_rank(cs_roa)))' -> Unable to evaluate terminal: cs_curr_ratio.
2026-07-22 10:03:17,254 WARNING: Failed to parse expression: 'add(add(cs_rank(neg(cs_debt_at)), cs_rank(cs_curr_ratio)), add(cs_rank(cs_bm), cs_rank(cs_gp_at)))' -> Unable to evaluate terminal: cs_curr_ratio.
2026-07-22 10:03:17,254 WARNING: Failed to parse expression: 'add(add(cs_rank(cs_debt_at), cs_rank(neg(cs_curr_ratio))), cs_rank(neg(ts_returns(close, 5))))' -> Unable to evaluate terminal: cs_curr_ratio.
2026-07-22 10:03:17,259 WARNING: Failed to parse expression: 'add(cs_rank(cs_debt_at), cs_rank(neg(cs_curr_ratio)))' -> Unable to evaluate terminal: cs_curr_ratio.
2026-07-22 10:03:17,260 WARNING: Failed to parse expression: 'add(add(cs_rank(neg(cs_debt_at)), cs_rank(cs_curr_ratio)), add(cs_rank(cs_cash_at), cs_rank(cs_roa)))' -> Unable to evaluate terminal: cs_curr_ratio.
2026-07-22 10:03:17,263 WARNING: Failed to parse expression: 'add(add(cs_rank(neg(cs_debt_at)), cs_rank(cs_cash_at)), add(cs_rank(cs_gpm), cs_rank(cs_roa)))' -> Unable to evaluate terminal: cs_gpm.
2026-07-22 10:03:17,263 WARNING: Failed to parse expression: 'add(add(cs_rank(neg(cs_debt_at)), cs_rank(cs_curr_ratio)), add(cs_rank(cs_roa), cs_rank(cs_roe)))' -> Unable to evaluate terminal: cs_curr_ratio.
2026-07-22 10:03:17,265 WARNING: Failed to parse expression: 'add(add(cs_rank(neg(cs_debt_at)), cs_rank(cs_curr_ratio)), add(cs_rank(cs_roa), cs_rank(cs_cash_at)))' -> Unable to evaluate terminal: cs_curr_ratio.
2026-07-22 10:03:17,267 WARNING: Failed to parse expression: 'add(add(add(cs_rank(cs_debt_at), neg(cs_rank(cs_curr_ratio))), cs_rank(neg(returns))), cs_rank(neg(cs_accrual)))' -> Unable to evaluate terminal: cs_curr_ratio.
2026-07-22 10:03:17,267 WARNING: Failed to parse expression: 'add(cs_rank(cs_debt_at), neg(cs_rank(cs_curr_ratio)))' -> Unable to evaluate terminal: cs_curr_ratio.
2026-07-22 10:03:17,271 WARNING: Failed to parse expression: 'add(add(cs_rank(neg(cs_debt_at)), cs_rank(cs_curr_ratio)), add(cs_rank(cs_roa), cs_rank(cs_roe)))' -> Unable to evaluate terminal: cs_curr_ratio.
2026-07-22 10:03:17,273 WARNING: Failed to parse expression: 'add(add(cs_rank(neg(cs_debt_at)), cs_rank(cs_curr_ratio)), add(cs_rank(cs_roe), cs_rank(cs_roa)))' -> Unable to evaluate terminal: cs_curr_ratio.
2026-07-22 10:03:31,943 WARNING: Failed to parse expression: 'add(add(cs_rank(neg(cs_debt_at)), cs_rank(cs_curr_ratio)), add(cs_rank(cs_cash_at), cs_rank(cs_roa)))' -> Unable to evaluate terminal: cs_curr_ratio.
2026-07-22 10:03:31,943 WARNING: Failed to parse expression: 'add(add(cs_rank(neg(cs_debt_at)), cs_rank(cs_curr_ratio)), add(cs_rank(cs_bm), cs_rank(cs_gp_at)))' -> Unable to evaluate terminal: cs_curr_ratio.
2026-07-22 10:03:31,943 WARNING: Failed to parse expression: 'add(add(cs_rank(cs_debt_at), cs_rank(neg(cs_curr_ratio))), cs_rank(neg(ts_returns(close, 5))))' -> Unable to evaluate terminal: cs_curr_ratio.
2026-07-22 10:03:31,944 WARNING: Failed to parse expression: 'add(cs_rank(cs_debt_at), cs_rank(neg(cs_curr_ratio)))' -> Unable to evaluate terminal: cs_curr_ratio.
2026-07-22 10:03:31,944 WARNING: Failed to parse expression: 'add(add(cs_rank(neg(cs_debt_at)), cs_rank(cs_curr_ratio)), add(cs_rank(cs_cash_at), cs_rank(cs_roa)))' -> Unable to evaluate terminal: cs_curr_ratio.
2026-07-22 10:03:31,945 WARNING: Failed to parse expression: 'add(add(cs_rank(neg(cs_debt_at)), cs_rank(cs_cash_at)), add(cs_rank(cs_gpm), cs_rank(cs_roa)))' -> Unable to evaluate terminal: cs_gpm.
2026-07-22 10:03:48,395 WARNING: Failed to parse expression: 'add(add(cs_rank(cs_bm), cs_rank(cs_roce)), add(cs_rank(neg(cs_accruals)), cs_rank(neg(ts_returns(close, 5)))))' -> Unable to evaluate terminal: cs_roce.
2026-07-22 10:03:54,421 WARNING: Arity-incomplete expression rejected at parse: 'add(add(cs_rank(ts_returns(close,20)), cs_rank(safe_div(sub(close, ts_min(low,20)), add(ts_max(high,20), abs_val(ts_min(low,20)))))), cs_rank(safe_div(ts_mean(volume,20), ts_mean(volume,60)))), cs_rank(safe_div(dollar_volume, add(1, cs_rank(dollar_volume)))))'
2026-07-22 10:03:54,424 WARNING: Failed to parse expression: 'add(cs_rank(dollar_volume), neg(cs_rank(abs_val(spread_proxy))))' -> Unable to evaluate terminal: spread_proxy.
2026-07-22 10:04:02,741 WARNING: Failed to parse expression: 'add(add(cs_rank(neg(cs_bm)), cs_rank(neg(cs_ptb))), neg(add(cs_rank(cs_accruals), cs_rank(cs_debt_at))))' -> Unable to evaluate terminal: cs_ptb.
2026-07-22 10:04:07,477 WARNING: Failed to parse expression: 'add(add(cs_rank(cs_bm), cs_rank(cs_roce)), add(neg(cs_rank(ptb)), neg(cs_rank(ts_returns(close, 5)))))' -> Unable to evaluate terminal: cs_roce.
2026-07-22 10:04:07,479 WARNING: Failed to parse expression: 'add(add(cs_rank(cs_bm), cs_rank(cs_roce)), add(neg(cs_rank(ptb)), add(neg(cs_rank(ts_returns(close, 5))), neg(cs_rank(cs_leverage)))))' -> Unable to evaluate terminal: cs_roce.
2026-07-22 10:04:08,677 WARNING: Failed to parse expression: 'add(add(cs_rank(neg(cs_bm)), cs_rank(neg(cs_ptb))), neg(add(cs_rank(cs_accruals), cs_rank(cs_debt_at))))' -> Unable to evaluate terminal: cs_ptb.
2026-07-22 10:04:34,842 WARNING: Failed to parse expression: 'add(add(neg(cs_rank(cs_debt_at)), neg(cs_rank(cs_accruals))), cs_rank(cs_curr_ratio))' -> Unable to evaluate terminal: cs_curr_ratio.
2026-07-22 10:04:34,843 WARNING: Failed to parse expression: 'add(add(cs_rank(cs_bm), cs_rank(cs_roce)), add(neg(cs_rank(ptb)), neg(cs_rank(ts_returns(close, 5)))))' -> Unable to evaluate terminal: cs_roce.
2026-07-22 10:04:34,844 WARNING: Failed to parse expression: 'add(add(cs_rank(cs_bm), cs_rank(cs_roce)), add(neg(cs_rank(ptb)), add(neg(cs_rank(ts_returns(close, 5))), neg(cs_rank(cs_leverage)))))' -> Unable to evaluate terminal: cs_roce.
2026-07-22 10:04:38,211 WARNING: Failed to parse expression: 'add(add(cs_rank(cs_bm), cs_rank(cs_roce)), add(cs_rank(neg(cs_accruals)), cs_rank(neg(ts_returns(close, 5)))))' -> Unable to evaluate terminal: cs_roce.
2026-07-22 10:04:38,842 WARNING: Arity-incomplete expression rejected at parse: 'add(add(cs_rank(neg(ts_std(returns,20))), cs_rank(neg(ts_std(sub(close, open),20)))), add(cs_rank(neg(ts_std(sub(high, low),20))), cs_rank(dollar_volume))), add(cs_rank(neg(cs_leverage)), cs_rank(cs_current_ratio)))'
2026-07-22 10:04:50,094 WARNING: Failed to parse expression: 'add(add(cs_rank(cs_bm), cs_rank(cs_roce)), add(cs_rank(neg(cs_accruals)), cs_rank(neg(ts_returns(close, 5)))))' -> Unable to evaluate terminal: cs_roce.
2026-07-22 10:05:09,890 WARNING: Failed to parse expression: 'add(add(neg(cs_rank(cs_debt_at)), neg(cs_rank(cs_accruals))), cs_rank(cs_curr_ratio))' -> Unable to evaluate terminal: cs_curr_ratio.
2026-07-22 10:05:09,892 WARNING: Failed to parse expression: 'add(add(cs_rank(cs_bm), cs_rank(cs_roce)), add(neg(cs_rank(ptb)), neg(cs_rank(ts_returns(close, 5)))))' -> Unable to evaluate terminal: cs_roce.
2026-07-22 10:05:09,895 WARNING: Failed to parse expression: 'add(add(cs_rank(cs_bm), cs_rank(cs_roce)), add(neg(cs_rank(ptb)), add(neg(cs_rank(ts_returns(close, 5))), neg(cs_rank(cs_leverage)))))' -> Unable to evaluate terminal: cs_roce.
2026-07-22 10:05:17,344 WARNING: Arity-incomplete expression rejected at parse: 'add(add(add(cs_rank(neg(ts_std(returns, 20))), cs_rank(neg(ts_std(ts_returns(close, 1), 20)))), cs_rank(neg(ts_std(sub(high, low), 20)))), add(cs_rank(neg(de_ratio)), cs_rank(curr_ratio))), cs_rank(dollar_volume))'
2026-07-22 10:05:33,351 WARNING: Failed to parse expression: 'add(add(add(cs_rank(cs_roce), cs_rank(cs_opmargin)), add(neg(cs_rank(cs_accruals)), neg(cs_rank(cs_debt_at)))), add(cs_rank(cs_cash_at), neg(cs_rank(cs_sp))))' -> Unable to evaluate terminal: cs_roce.
2026-07-22 10:05:36,764 WARNING: Failed to parse expression: 'add(add(cs_rank(current_ratio), cs_rank(roa)), neg(cs_rank(debt_at)))' -> Unable to evaluate terminal: current_ratio.
2026-07-22 10:05:36,764 WARNING: Failed to parse expression: 'add(add(cs_rank(current_ratio), cs_rank(roa)), add(neg(cs_rank(debt_at)), neg(cs_rank(accrual))))' -> Unable to evaluate terminal: current_ratio.
2026-07-22 10:05:36,764 WARNING: Failed to parse expression: 'add(cs_rank(dollar_volume), add(cs_rank(current_ratio), neg(cs_rank(debt_at))))' -> Unable to evaluate terminal: current_ratio.
2026-07-22 10:05:36,765 WARNING: Failed to parse expression: 'add(add(cs_rank(current_ratio), cs_rank(roa)), neg(cs_rank(debt_at)))' -> Unable to evaluate terminal: current_ratio.
2026-07-22 10:05:39,077 WARNING: Failed to parse expression: 'add(add(cs_rank(current_ratio), cs_rank(roa)), add(neg(cs_rank(debt_at)), neg(cs_rank(accrual))))' -> Unable to evaluate terminal: current_ratio.
2026-07-22 10:05:39,079 WARNING: Failed to parse expression: 'add(cs_rank(dollar_volume), add(cs_rank(current_ratio), neg(cs_rank(debt_at))))' -> Unable to evaluate terminal: current_ratio.
2026-07-22 10:06:04,232 WARNING: Failed to parse expression: 'add(add(cs_rank(cs_roa), cs_rank(cs_gp_at)), add(neg(cs_rank(cs_accruals)), cs_rank(cs_curr_ratio)))' -> Unable to evaluate terminal: cs_curr_ratio.
2026-07-22 10:06:04,233 WARNING: Failed to parse expression: 'add(add(add(cs_rank(cs_roce), cs_rank(cs_opmargin)), add(neg(cs_rank(cs_accruals)), neg(cs_rank(cs_debt_at)))), cs_rank(cs_cash_at))' -> Unable to evaluate terminal: cs_roce.
2026-07-22 10:06:04,234 WARNING: Failed to parse expression: 'add(add(cs_rank(cs_roa), cs_rank(cs_roe)), add(neg(cs_rank(cs_accruals)), cs_rank(cs_curr_ratio)))' -> Unable to evaluate terminal: cs_curr_ratio.
2026-07-22 10:06:11,557 WARNING: Arity-incomplete expression rejected at parse: 'add(add(cs_rank(ts_returns(close,20)), cs_rank(safe_div(sub(close, ts_min(close,20)), add(ts_max(close,20), 0.0001)))), cs_rank(ts_rank(dollar_volume,20))), cs_rank(cs_bm))'
2026-07-22 10:06:15,723 WARNING: Arity-incomplete expression rejected at parse: 'add(add(cs_rank(ts_returns(close,20)), cs_rank(safe_div(sub(close, ts_min(close,20)), add(ts_max(close,20), 0.0001)))), neg(cs_rank(safe_div(ask, bid)))), cs_rank(cs_roa))'
2026-07-22 10:06:20,561 WARNING: Failed to parse expression: 'cs_rank(add(add(neg(cs_rank(ts_returns(close, 5))), neg(cs_rank(ts_std(returns, 5)))), add(neg(cs_rank(spread_proxy)), neg(cs_rank(ts_rank(volume, 5))))))' -> Unable to evaluate terminal: spread_proxy.
2026-07-22 10:06:21,478 WARNING: Failed to parse expression: 'add(add(neg(cs_rank(debt_at)), cs_rank(curr_ratio)), add(cs_rank(bm), neg(cs_rank(acc\u200brual))))' -> invalid non-printable character U+200B (<string>, line 1)
2026-07-22 10:06:24,510 WARNING: Failed to parse expression: 'add(add(cs_rank(cs_roa), cs_rank(cs_gp_at)), add(neg(cs_rank(cs_accruals)), cs_rank(cs_curr_ratio)))' -> Unable to evaluate terminal: cs_curr_ratio.
2026-07-22 10:06:28,520 WARNING: Failed to parse expression: 'add(add(add(cs_rank(cs_roce), cs_rank(cs_opmargin)), add(neg(cs_rank(cs_accruals)), neg(cs_rank(cs_debt_at)))), cs_rank(cs_cash_at))' -> Unable to evaluate terminal: cs_roce.
2026-07-22 10:06:28,520 WARNING: Failed to parse expression: 'add(add(cs_rank(cs_roa), cs_rank(cs_roe)), add(neg(cs_rank(cs_accruals)), cs_rank(cs_curr_ratio)))' -> Unable to evaluate terminal: cs_curr_ratio.
2026-07-22 10:06:29,491 WARNING: Failed to parse expression: 'add(cs_rank(dollar_volume), cs_rank(num_trades))' -> Unable to evaluate terminal: num_trades.
2026-07-22 10:06:29,492 WARNING: Failed to parse expression: 'add(cs_rank(neg(abs_val(sub(ask, bid)))), cs_rank(num_trades))' -> Unable to evaluate terminal: num_trades.
2026-07-22 10:06:29,493 WARNING: Failed to parse expression: 'add(cs_rank(dollar_volume), cs_rank(num_trades))' -> Unable to evaluate terminal: num_trades.
2026-07-22 10:06:31,748 WARNING: Failed to parse expression: 'add(add(add(cs_rank(cs_roa), cs_rank(cs_roe)), add(cs_rank(cs_opmargin), cs_rank(cs_gprof))), add(neg(cs_rank(cs_accruals)), neg(cs_rank(cs_debt_at))))' -> Unable to evaluate terminal: cs_gprof.
2026-07-22 10:06:34,535 WARNING: Failed to parse expression: 'add(add(neg(cs_rank(debt_at)), cs_rank(curr_ratio)), add(cs_rank(bm), neg(cs_rank(acc\u200brual))))' -> invalid non-printable character U+200B (<string>, line 1)
2026-07-22 10:06:35,608 WARNING: Failed to parse expression: 'add(cs_rank(dollar_volume), cs_rank(num_trades))' -> Unable to evaluate terminal: num_trades.
2026-07-22 10:06:35,609 WARNING: Failed to parse expression: 'add(cs_rank(neg(abs_val(sub(ask, bid)))), cs_rank(num_trades))' -> Unable to evaluate terminal: num_trades.
2026-07-22 10:06:38,908 WARNING: Failed to parse expression: 'add(cs_rank(dollar_volume), cs_rank(num_trades))' -> Unable to evaluate terminal: num_trades.
2026-07-22 10:06:44,622 WARNING: Failed to parse expression: 'sub(add(cs_rank(neg(ts_std(returns,20))), cs_rank(cs_roa)), add(cs_rank(cs_accrual), cs_rank(cs_debt_at)))' -> Unable to evaluate terminal: cs_accrual.
2026-07-22 10:06:44,623 WARNING: Failed to parse expression: 'add(add(neg(cs_rank(ts_std(returns, 20))), cs_rank(cs_roa)), add(cs_rank(cs_gpm), neg(cs_rank(debt_at))))' -> Unable to evaluate terminal: cs_gpm.
2026-07-22 10:06:46,316 WARNING: Failed to parse expression: 'add(add(add(cs_rank(cs_roa), cs_rank(cs_bm)), cs_rank(neg(cs_accrual))), cs_rank(neg(ts_std(returns,20))))' -> Unable to evaluate terminal: cs_accrual.
2026-07-22 10:06:52,745 WARNING: Failed to parse expression: 'add(add(add(cs_rank(cs_roa), cs_rank(cs_bm)), cs_rank(neg(cs_accrual))), cs_rank(neg(ts_std(returns,20))))' -> Unable to evaluate terminal: cs_accrual.
2026-07-22 10:07:03,640 WARNING: Failed to parse expression: 'add(add(cs_rank(cs_gpm), cs_rank(cs_roa)), add(neg(cs_rank(cs_accruals)), neg(cs_rank(cs_debt_at))))' -> Unable to evaluate terminal: cs_gpm.
2026-07-22 10:07:03,641 WARNING: Failed to parse expression: 'add(add(add(cs_rank(cs_roa), cs_rank(cs_roe)), add(cs_rank(cs_gpm), cs_rank(cs_npm))), add(neg(cs_rank(cs_accruals)), neg(cs_rank(debt_at))))' -> Unable to evaluate terminal: cs_gpm.
2026-07-22 10:07:03,641 WARNING: Failed to parse expression: 'add(add(add(cs_rank(cs_roa), cs_rank(cs_roe)), add(cs_rank(cs_gpm), cs_rank(cs_bm))), add(neg(cs_rank(cs_accruals)), neg(cs_rank(debt_at))))' -> Unable to evaluate terminal: cs_gpm.
2026-07-22 10:07:03,641 WARNING: Failed to parse expression: 'add(add(cs_rank(cs_roe), cs_rank(cs_gpm)), add(neg(cs_rank(cs_accruals)), neg(cs_rank(cs_debt_at))))' -> Unable to evaluate terminal: cs_gpm.
2026-07-22 10:07:08,436 WARNING: Failed to parse expression: 'sub(add(cs_rank(neg(ts_std(returns,20))), cs_rank(cs_roa)), add(cs_rank(cs_accrual), cs_rank(cs_debt_at)))' -> Unable to evaluate terminal: cs_accrual.
2026-07-22 10:07:10,881 WARNING: Failed to parse expression: 'add(add(neg(cs_rank(ts_std(returns, 20))), cs_rank(cs_roa)), add(cs_rank(cs_gpm), neg(cs_rank(debt_at))))' -> Unable to evaluate terminal: cs_gpm.
2026-07-22 10:07:11,143 WARNING: Failed to parse expression: 'add(add(cs_rank(cs_gpm), cs_rank(cs_roa)), add(neg(cs_rank(cs_accruals)), neg(cs_rank(cs_debt_at))))' -> Unable to evaluate terminal: cs_gpm.
2026-07-22 10:07:13,106 WARNING: Failed to parse expression: 'add(add(add(cs_rank(cs_roa), cs_rank(cs_roe)), add(cs_rank(cs_gpm), cs_rank(cs_npm))), add(neg(cs_rank(cs_accruals)), neg(cs_rank(debt_at))))' -> Unable to evaluate terminal: cs_gpm.
2026-07-22 10:07:14,180 WARNING: Failed to parse expression: 'add(add(add(cs_rank(cs_roa), cs_rank(cs_roe)), add(cs_rank(cs_gpm), cs_rank(cs_bm))), add(neg(cs_rank(cs_accruals)), neg(cs_rank(debt_at))))' -> Unable to evaluate terminal: cs_gpm.
2026-07-22 10:07:14,181 WARNING: Failed to parse expression: 'add(add(cs_rank(cs_roe), cs_rank(cs_gpm)), add(neg(cs_rank(cs_accruals)), neg(cs_rank(cs_debt_at))))' -> Unable to evaluate terminal: cs_gpm.
2026-07-22 10:07:18,378 WARNING: Failed to parse expression: 'add(add(cs_rank(cs_roe), cs_rank(cs_roa)), sub(cs_rank(bm), cs_rank(cs_accrual)))' -> Unable to evaluate terminal: cs_accrual.
2026-07-22 10:07:18,379 WARNING: Failed to parse expression: 'add(cs_rank(add(cs_roe, cs_roa)), sub(cs_rank(add(bm, roe)), cs_rank(cs_accrual)))' -> Unable to evaluate terminal: cs_accrual.
2026-07-22 10:07:18,379 WARNING: Failed to parse expression: 'add(add(cs_rank(cs_roe), cs_rank(cs_roa)), sub(cs_rank(bm), cs_rank(cs_accrual)))' -> Unable to evaluate terminal: cs_accrual.
2026-07-22 10:07:18,380 WARNING: Failed to parse expression: 'add(sub(add(cs_rank(cs_roe), cs_rank(bm)), cs_rank(cs_accrual)), cs_rank(cs_roa))' -> Unable to evaluate terminal: cs_accrual.
2026-07-22 10:07:18,381 WARNING: Failed to parse expression: 'add(add(add(cs_rank(cs_roa), cs_rank(cs_roe)), add(cs_rank(cs_gp_at), neg(cs_rank(cs_accruals)))), add(neg(cs_rank(cs_debt_at)), cs_rank(cs_curr_ratio)))' -> Unable to evaluate terminal: cs_curr_ratio.
2026-07-22 10:07:18,381 WARNING: Failed to parse expression: 'add(add(cs_rank(cs_gp_at), cs_rank(cs_roa)), add(neg(cs_rank(cs_accruals)), cs_rank(cs_curr_ratio)))' -> Unable to evaluate terminal: cs_curr_ratio.
2026-07-22 10:07:24,537 WARNING: Failed to parse expression: 'add(add(cs_rank(cs_roe), cs_rank(cs_roa)), sub(cs_rank(bm), cs_rank(cs_accrual)))' -> Unable to evaluate terminal: cs_accrual.
2026-07-22 10:07:24,539 WARNING: Failed to parse expression: 'add(cs_rank(add(cs_roe, cs_roa)), sub(cs_rank(add(bm, roe)), cs_rank(cs_accrual)))' -> Unable to evaluate terminal: cs_accrual.
2026-07-22 10:07:26,457 WARNING: Failed to parse expression: 'add(add(cs_rank(cs_roe), cs_rank(cs_roa)), sub(cs_rank(bm), cs_rank(cs_accrual)))' -> Unable to evaluate terminal: cs_accrual.
2026-07-22 10:07:26,457 WARNING: Failed to parse expression: 'add(sub(add(cs_rank(cs_roe), cs_rank(bm)), cs_rank(cs_accrual)), cs_rank(cs_roa))' -> Unable to evaluate terminal: cs_accrual.
2026-07-22 10:07:28,867 WARNING: Failed to parse expression: 'add(add(add(cs_rank(cs_roa), cs_rank(cs_roe)), add(cs_rank(cs_gp_at), neg(cs_rank(cs_accruals)))), add(neg(cs_rank(cs_debt_at)), cs_rank(cs_curr_ratio)))' -> Unable to evaluate terminal: cs_curr_ratio.
2026-07-22 10:07:28,868 WARNING: Failed to parse expression: 'add(add(cs_rank(cs_gp_at), cs_rank(cs_roa)), add(neg(cs_rank(cs_accruals)), cs_rank(cs_curr_ratio)))' -> Unable to evaluate terminal: cs_curr_ratio.
2026-07-22 10:07:48,855 INFO: generation: 179/180 ideas in 1017s
2026-07-22 10:23:47,458 INFO: Re-evaluated 667 survivor signals on the TEST split.
